

================================================================
== Vivado HLS Report for 'sad'
================================================================
* Date:           Sun Jan 05 23:51:59 2014

* Version:        2013.2 (build date: Thu Jun 13 16:53:19 PM 2013)
* Project:        sad
* Solution:       solution1
* Product family: zynq zynq_fpv6 
* Target device:  xc7z010clg225-2


================================================================
== Performance Estimates
================================================================
+ Timing (ns): 
    * Summary: 
    +---------+-------+----------+------------+
    |  Clock  | Target| Estimated| Uncertainty|
    +---------+-------+----------+------------+
    |default  |  10.00|      7.90|        1.25|
    +---------+-------+----------+------------+

+ Latency (clock cycles): 
    * Summary: 
    +-----+-----+-----+-----+---------+
    |  Latency  |  Interval | Pipeline|
    | min | max | min | max |   Type  |
    +-----+-----+-----+-----+---------+
    |    ?|    ?|    ?|    ?|   none  |
    +-----+-----+-----+-----+---------+

    + Detail: 
        * Instance: 
        N/A

        * Loop: 
        +----------+-----+-----+----------+-----------+-----------+------+----------+
        |          |  Latency  | Iteration|  Initiation Interval  | Trip |          |
        | Loop Name| min | max |  Latency |  achieved |   target  | Count| Pipelined|
        +----------+-----+-----+----------+-----------+-----------+------+----------+
        |- Loop 1  |  128|  128|         1|          -|          -|   128|    no    |
        |- Loop 2  |    ?|    ?|         3|          1|          1|  inf |    yes   |
        +----------+-----+-----+----------+-----------+-----------+------+----------+



================================================================
== Utilization Estimates
================================================================
* Summary: 
+-----------------+---------+-------+-------+-------+
|       Name      | BRAM_18K| DSP48E|   FF  |  LUT  |
+-----------------+---------+-------+-------+-------+
|Expression       |        -|      -|      0|   6912|
|FIFO             |        -|      -|      -|      -|
|Instance         |        -|      -|      -|      -|
|Memory           |        -|      -|      -|      -|
|Multiplexer      |        -|      -|      -|      8|
|Register         |        -|      -|   4079|      -|
|ShiftMemory      |        -|      -|      -|      -|
+-----------------+---------+-------+-------+-------+
|Total            |        0|      0|   4079|   6920|
+-----------------+---------+-------+-------+-------+
|Available        |      120|     80|  35200|  17600|
+-----------------+---------+-------+-------+-------+
|Utilization (%)  |        0|      0|     11|     39|
+-----------------+---------+-------+-------+-------+

+ Detail: 
    * Instance: 
    N/A

    * Memory: 
    N/A

    * FIFO: 
    N/A

    * Shift register: 
    N/A

    * Expression: 
    +--------------------------+----------+-------+---+----+------------+------------+
    |       Variable Name      | Operation| DSP48E| FF| LUT| Bitwidth P0| Bitwidth P1|
    +--------------------------+----------+-------+---+----+------------+------------+
    |i_1_fu_1997_p2            |     +    |      0|  0|   8|           8|           1|
    |tmp100_fu_8562_p2         |     +    |      0|  0|  12|          12|          12|
    |tmp101_fu_8552_p2         |     +    |      0|  0|  11|          11|          11|
    |tmp102_fu_8572_p2         |     +    |      0|  0|  11|          11|          11|
    |tmp103_fu_8592_p2         |     +    |      0|  0|  12|          12|          12|
    |tmp104_fu_8582_p2         |     +    |      0|  0|  11|          11|          11|
    |tmp105_fu_8608_p2         |     +    |      0|  0|  11|          11|          11|
    |tmp106_fu_8668_p2         |     +    |      0|  0|  13|          13|          13|
    |tmp107_fu_8628_p2         |     +    |      0|  0|  12|          12|          12|
    |tmp108_fu_8618_p2         |     +    |      0|  0|  11|          11|          11|
    |tmp109_fu_8638_p2         |     +    |      0|  0|  11|          11|          11|
    |tmp10_fu_7800_p2          |     +    |      0|  0|  11|          11|          11|
    |tmp110_fu_8658_p2         |     +    |      0|  0|  12|          12|          12|
    |tmp111_fu_8648_p2         |     +    |      0|  0|  11|          11|          11|
    |tmp112_fu_8674_p2         |     +    |      0|  0|  11|          11|          11|
    |tmp113_fu_9612_p2         |     +    |      0|  0|  14|          14|          14|
    |tmp114_fu_8734_p2         |     +    |      0|  0|  13|          13|          13|
    |tmp115_fu_8694_p2         |     +    |      0|  0|  12|          12|          12|
    |tmp116_fu_8684_p2         |     +    |      0|  0|  11|          11|          11|
    |tmp117_fu_8704_p2         |     +    |      0|  0|  11|          11|          11|
    |tmp118_fu_8724_p2         |     +    |      0|  0|  12|          12|          12|
    |tmp119_fu_8714_p2         |     +    |      0|  0|  11|          11|          11|
    |tmp11_fu_7816_p2          |     +    |      0|  0|  11|          11|          11|
    |tmp120_fu_8740_p2         |     +    |      0|  0|  11|          11|          11|
    |tmp121_fu_8800_p2         |     +    |      0|  0|  13|          13|          13|
    |tmp122_fu_8760_p2         |     +    |      0|  0|  12|          12|          12|
    |tmp123_fu_8750_p2         |     +    |      0|  0|  11|          11|          11|
    |tmp124_fu_8770_p2         |     +    |      0|  0|  11|          11|          11|
    |tmp125_fu_8790_p2         |     +    |      0|  0|  12|          12|          12|
    |tmp126_fu_8780_p2         |     +    |      0|  0|  11|          11|          11|
    |tmp12_fu_7876_p2          |     +    |      0|  0|  13|          13|          13|
    |tmp13_fu_7836_p2          |     +    |      0|  0|  12|          12|          12|
    |tmp14_fu_7826_p2          |     +    |      0|  0|  11|          11|          11|
    |tmp15_fu_7846_p2          |     +    |      0|  0|  11|          11|          11|
    |tmp16_fu_7866_p2          |     +    |      0|  0|  12|          12|          12|
    |tmp17_fu_7856_p2          |     +    |      0|  0|  11|          11|          11|
    |tmp18_fu_7882_p2          |     +    |      0|  0|  11|          11|          11|
    |tmp19_fu_9476_p2          |     +    |      0|  0|  14|          14|          14|
    |tmp1_fu_7790_p2           |     +    |      0|  0|  11|          11|          11|
    |tmp20_fu_7942_p2          |     +    |      0|  0|  13|          13|          13|
    |tmp21_fu_7902_p2          |     +    |      0|  0|  12|          12|          12|
    |tmp22_fu_7892_p2          |     +    |      0|  0|  11|          11|          11|
    |tmp23_fu_7912_p2          |     +    |      0|  0|  11|          11|          11|
    |tmp24_fu_7932_p2          |     +    |      0|  0|  12|          12|          12|
    |tmp25_fu_7922_p2          |     +    |      0|  0|  11|          11|          11|
    |tmp26_fu_7948_p2          |     +    |      0|  0|  11|          11|          11|
    |tmp27_fu_8008_p2          |     +    |      0|  0|  13|          13|          13|
    |tmp28_fu_7968_p2          |     +    |      0|  0|  12|          12|          12|
    |tmp29_fu_7958_p2          |     +    |      0|  0|  11|          11|          11|
    |tmp2_fu_9538_p2           |     +    |      0|  0|  16|          16|          16|
    |tmp30_fu_7978_p2          |     +    |      0|  0|  11|          11|          11|
    |tmp31_fu_7998_p2          |     +    |      0|  0|  12|          12|          12|
    |tmp32_fu_7988_p2          |     +    |      0|  0|  11|          11|          11|
    |tmp33_fu_8014_p2          |     +    |      0|  0|  11|          11|          11|
    |tmp34_fu_9528_p2          |     +    |      0|  0|  15|          15|          15|
    |tmp35_fu_9502_p2          |     +    |      0|  0|  14|          14|          14|
    |tmp36_fu_8074_p2          |     +    |      0|  0|  13|          13|          13|
    |tmp37_fu_8034_p2          |     +    |      0|  0|  12|          12|          12|
    |tmp38_fu_8024_p2          |     +    |      0|  0|  11|          11|          11|
    |tmp39_fu_8044_p2          |     +    |      0|  0|  11|          11|          11|
    |tmp3_fu_9486_p2           |     +    |      0|  0|  15|          15|          15|
    |tmp40_fu_8064_p2          |     +    |      0|  0|  12|          12|          12|
    |tmp41_fu_8054_p2          |     +    |      0|  0|  11|          11|          11|
    |tmp42_fu_8080_p2          |     +    |      0|  0|  11|          11|          11|
    |tmp43_fu_8140_p2          |     +    |      0|  0|  13|          13|          13|
    |tmp44_fu_8100_p2          |     +    |      0|  0|  12|          12|          12|
    |tmp45_fu_8090_p2          |     +    |      0|  0|  11|          11|          11|
    |tmp46_fu_8110_p2          |     +    |      0|  0|  11|          11|          11|
    |tmp47_fu_8130_p2          |     +    |      0|  0|  12|          12|          12|
    |tmp48_fu_8120_p2          |     +    |      0|  0|  11|          11|          11|
    |tmp49_fu_8146_p2          |     +    |      0|  0|  11|          11|          11|
    |tmp4_fu_9460_p2           |     +    |      0|  0|  14|          14|          14|
    |tmp50_fu_9518_p2          |     +    |      0|  0|  14|          14|          14|
    |tmp51_fu_8206_p2          |     +    |      0|  0|  13|          13|          13|
    |tmp52_fu_8166_p2          |     +    |      0|  0|  12|          12|          12|
    |tmp53_fu_8156_p2          |     +    |      0|  0|  11|          11|          11|
    |tmp54_fu_8176_p2          |     +    |      0|  0|  11|          11|          11|
    |tmp55_fu_8196_p2          |     +    |      0|  0|  12|          12|          12|
    |tmp56_fu_8186_p2          |     +    |      0|  0|  11|          11|          11|
    |tmp57_fu_8212_p2          |     +    |      0|  0|  11|          11|          11|
    |tmp58_fu_8272_p2          |     +    |      0|  0|  13|          13|          13|
    |tmp59_fu_8232_p2          |     +    |      0|  0|  12|          12|          12|
    |tmp5_fu_9447_p2           |     +    |      0|  0|  13|          13|          13|
    |tmp60_fu_8222_p2          |     +    |      0|  0|  11|          11|          11|
    |tmp61_fu_8242_p2          |     +    |      0|  0|  11|          11|          11|
    |tmp62_fu_8262_p2          |     +    |      0|  0|  12|          12|          12|
    |tmp63_fu_8252_p2          |     +    |      0|  0|  11|          11|          11|
    |tmp64_fu_8278_p2          |     +    |      0|  0|  11|          11|          11|
    |tmp65_fu_9632_p2          |     +    |      0|  0|  16|          16|          16|
    |tmp66_fu_9580_p2          |     +    |      0|  0|  15|          15|          15|
    |tmp67_fu_9554_p2          |     +    |      0|  0|  14|          14|          14|
    |tmp68_fu_8338_p2          |     +    |      0|  0|  13|          13|          13|
    |tmp69_fu_8298_p2          |     +    |      0|  0|  12|          12|          12|
    |tmp6_fu_7784_p2           |     +    |      0|  0|  12|          12|          12|
    |tmp70_fu_8288_p2          |     +    |      0|  0|  11|          11|          11|
    |tmp71_fu_8308_p2          |     +    |      0|  0|  11|          11|          11|
    |tmp72_fu_8328_p2          |     +    |      0|  0|  12|          12|          12|
    |tmp73_fu_8318_p2          |     +    |      0|  0|  11|          11|          11|
    |tmp74_fu_8344_p2          |     +    |      0|  0|  11|          11|          11|
    |tmp75_fu_8404_p2          |     +    |      0|  0|  13|          13|          13|
    |tmp76_fu_8364_p2          |     +    |      0|  0|  12|          12|          12|
    |tmp77_fu_8354_p2          |     +    |      0|  0|  11|          11|          11|
    |tmp78_fu_8374_p2          |     +    |      0|  0|  11|          11|          11|
    |tmp79_fu_8394_p2          |     +    |      0|  0|  12|          12|          12|
    |tmp7_fu_7764_p2           |     +    |      0|  0|  11|          11|          11|
    |tmp80_fu_8384_p2          |     +    |      0|  0|  11|          11|          11|
    |tmp81_fu_8410_p2          |     +    |      0|  0|  11|          11|          11|
    |tmp82_fu_9570_p2          |     +    |      0|  0|  14|          14|          14|
    |tmp83_fu_8470_p2          |     +    |      0|  0|  13|          13|          13|
    |tmp84_fu_8430_p2          |     +    |      0|  0|  12|          12|          12|
    |tmp85_fu_8420_p2          |     +    |      0|  0|  11|          11|          11|
    |tmp86_fu_8440_p2          |     +    |      0|  0|  11|          11|          11|
    |tmp87_fu_8460_p2          |     +    |      0|  0|  12|          12|          12|
    |tmp88_fu_8450_p2          |     +    |      0|  0|  11|          11|          11|
    |tmp89_fu_8476_p2          |     +    |      0|  0|  11|          11|          11|
    |tmp8_fu_7774_p2           |     +    |      0|  0|  11|          11|          11|
    |tmp90_fu_8536_p2          |     +    |      0|  0|  13|          13|          13|
    |tmp91_fu_8496_p2          |     +    |      0|  0|  12|          12|          12|
    |tmp92_fu_8486_p2          |     +    |      0|  0|  11|          11|          11|
    |tmp93_fu_8506_p2          |     +    |      0|  0|  11|          11|          11|
    |tmp94_fu_8526_p2          |     +    |      0|  0|  12|          12|          12|
    |tmp95_fu_8516_p2          |     +    |      0|  0|  11|          11|          11|
    |tmp96_fu_8542_p2          |     +    |      0|  0|  11|          11|          11|
    |tmp97_fu_9622_p2          |     +    |      0|  0|  15|          15|          15|
    |tmp98_fu_9596_p2          |     +    |      0|  0|  14|          14|          14|
    |tmp99_fu_8602_p2          |     +    |      0|  0|  13|          13|          13|
    |tmp9_fu_7810_p2           |     +    |      0|  0|  12|          12|          12|
    |totalsum_V_fu_9642_p2     |     +    |      0|  0|  17|          17|          17|
    |tmp_4_100_fu_6478_p2      |     -    |      0|  0|  10|          10|          10|
    |tmp_4_101_fu_6507_p2      |     -    |      0|  0|  10|          10|          10|
    |tmp_4_102_fu_6536_p2      |     -    |      0|  0|  10|          10|          10|
    |tmp_4_103_fu_6565_p2      |     -    |      0|  0|  10|          10|          10|
    |tmp_4_104_fu_6594_p2      |     -    |      0|  0|  10|          10|          10|
    |tmp_4_105_fu_6623_p2      |     -    |      0|  0|  10|          10|          10|
    |tmp_4_106_fu_6652_p2      |     -    |      0|  0|  10|          10|          10|
    |tmp_4_107_fu_6681_p2      |     -    |      0|  0|  10|          10|          10|
    |tmp_4_108_fu_6710_p2      |     -    |      0|  0|  10|          10|          10|
    |tmp_4_109_fu_6739_p2      |     -    |      0|  0|  10|          10|          10|
    |tmp_4_10_fu_3868_p2       |     -    |      0|  0|  10|          10|          10|
    |tmp_4_110_fu_6768_p2      |     -    |      0|  0|  10|          10|          10|
    |tmp_4_111_fu_6797_p2      |     -    |      0|  0|  10|          10|          10|
    |tmp_4_112_fu_6826_p2      |     -    |      0|  0|  10|          10|          10|
    |tmp_4_113_fu_6855_p2      |     -    |      0|  0|  10|          10|          10|
    |tmp_4_114_fu_6884_p2      |     -    |      0|  0|  10|          10|          10|
    |tmp_4_115_fu_6913_p2      |     -    |      0|  0|  10|          10|          10|
    |tmp_4_116_fu_6942_p2      |     -    |      0|  0|  10|          10|          10|
    |tmp_4_117_fu_6971_p2      |     -    |      0|  0|  10|          10|          10|
    |tmp_4_118_fu_7000_p2      |     -    |      0|  0|  10|          10|          10|
    |tmp_4_119_fu_7029_p2      |     -    |      0|  0|  10|          10|          10|
    |tmp_4_11_fu_3897_p2       |     -    |      0|  0|  10|          10|          10|
    |tmp_4_120_fu_7058_p2      |     -    |      0|  0|  10|          10|          10|
    |tmp_4_121_fu_7087_p2      |     -    |      0|  0|  10|          10|          10|
    |tmp_4_122_fu_7116_p2      |     -    |      0|  0|  10|          10|          10|
    |tmp_4_123_fu_7145_p2      |     -    |      0|  0|  10|          10|          10|
    |tmp_4_124_fu_7174_p2      |     -    |      0|  0|  10|          10|          10|
    |tmp_4_125_fu_7203_p2      |     -    |      0|  0|  10|          10|          10|
    |tmp_4_126_fu_7232_p2      |     -    |      0|  0|  10|          10|          10|
    |tmp_4_12_fu_3926_p2       |     -    |      0|  0|  10|          10|          10|
    |tmp_4_13_fu_3955_p2       |     -    |      0|  0|  10|          10|          10|
    |tmp_4_14_fu_3984_p2       |     -    |      0|  0|  10|          10|          10|
    |tmp_4_15_fu_4013_p2       |     -    |      0|  0|  10|          10|          10|
    |tmp_4_16_fu_4042_p2       |     -    |      0|  0|  10|          10|          10|
    |tmp_4_17_fu_4071_p2       |     -    |      0|  0|  10|          10|          10|
    |tmp_4_18_fu_4100_p2       |     -    |      0|  0|  10|          10|          10|
    |tmp_4_19_fu_4129_p2       |     -    |      0|  0|  10|          10|          10|
    |tmp_4_1_fu_3578_p2        |     -    |      0|  0|  10|          10|          10|
    |tmp_4_20_fu_4158_p2       |     -    |      0|  0|  10|          10|          10|
    |tmp_4_21_fu_4187_p2       |     -    |      0|  0|  10|          10|          10|
    |tmp_4_22_fu_4216_p2       |     -    |      0|  0|  10|          10|          10|
    |tmp_4_23_fu_4245_p2       |     -    |      0|  0|  10|          10|          10|
    |tmp_4_24_fu_4274_p2       |     -    |      0|  0|  10|          10|          10|
    |tmp_4_25_fu_4303_p2       |     -    |      0|  0|  10|          10|          10|
    |tmp_4_26_fu_4332_p2       |     -    |      0|  0|  10|          10|          10|
    |tmp_4_27_fu_4361_p2       |     -    |      0|  0|  10|          10|          10|
    |tmp_4_28_fu_4390_p2       |     -    |      0|  0|  10|          10|          10|
    |tmp_4_29_fu_4419_p2       |     -    |      0|  0|  10|          10|          10|
    |tmp_4_2_fu_3607_p2        |     -    |      0|  0|  10|          10|          10|
    |tmp_4_30_fu_4448_p2       |     -    |      0|  0|  10|          10|          10|
    |tmp_4_31_fu_4477_p2       |     -    |      0|  0|  10|          10|          10|
    |tmp_4_32_fu_4506_p2       |     -    |      0|  0|  10|          10|          10|
    |tmp_4_33_fu_4535_p2       |     -    |      0|  0|  10|          10|          10|
    |tmp_4_34_fu_4564_p2       |     -    |      0|  0|  10|          10|          10|
    |tmp_4_35_fu_4593_p2       |     -    |      0|  0|  10|          10|          10|
    |tmp_4_36_fu_4622_p2       |     -    |      0|  0|  10|          10|          10|
    |tmp_4_37_fu_4651_p2       |     -    |      0|  0|  10|          10|          10|
    |tmp_4_38_fu_4680_p2       |     -    |      0|  0|  10|          10|          10|
    |tmp_4_39_fu_4709_p2       |     -    |      0|  0|  10|          10|          10|
    |tmp_4_3_fu_3636_p2        |     -    |      0|  0|  10|          10|          10|
    |tmp_4_40_fu_4738_p2       |     -    |      0|  0|  10|          10|          10|
    |tmp_4_41_fu_4767_p2       |     -    |      0|  0|  10|          10|          10|
    |tmp_4_42_fu_4796_p2       |     -    |      0|  0|  10|          10|          10|
    |tmp_4_43_fu_4825_p2       |     -    |      0|  0|  10|          10|          10|
    |tmp_4_44_fu_4854_p2       |     -    |      0|  0|  10|          10|          10|
    |tmp_4_45_fu_4883_p2       |     -    |      0|  0|  10|          10|          10|
    |tmp_4_46_fu_4912_p2       |     -    |      0|  0|  10|          10|          10|
    |tmp_4_47_fu_4941_p2       |     -    |      0|  0|  10|          10|          10|
    |tmp_4_48_fu_4970_p2       |     -    |      0|  0|  10|          10|          10|
    |tmp_4_49_fu_4999_p2       |     -    |      0|  0|  10|          10|          10|
    |tmp_4_4_fu_3665_p2        |     -    |      0|  0|  10|          10|          10|
    |tmp_4_50_fu_5028_p2       |     -    |      0|  0|  10|          10|          10|
    |tmp_4_51_fu_5057_p2       |     -    |      0|  0|  10|          10|          10|
    |tmp_4_52_fu_5086_p2       |     -    |      0|  0|  10|          10|          10|
    |tmp_4_53_fu_5115_p2       |     -    |      0|  0|  10|          10|          10|
    |tmp_4_54_fu_5144_p2       |     -    |      0|  0|  10|          10|          10|
    |tmp_4_55_fu_5173_p2       |     -    |      0|  0|  10|          10|          10|
    |tmp_4_56_fu_5202_p2       |     -    |      0|  0|  10|          10|          10|
    |tmp_4_57_fu_5231_p2       |     -    |      0|  0|  10|          10|          10|
    |tmp_4_58_fu_5260_p2       |     -    |      0|  0|  10|          10|          10|
    |tmp_4_59_fu_5289_p2       |     -    |      0|  0|  10|          10|          10|
    |tmp_4_5_fu_3694_p2        |     -    |      0|  0|  10|          10|          10|
    |tmp_4_60_fu_5318_p2       |     -    |      0|  0|  10|          10|          10|
    |tmp_4_61_fu_5347_p2       |     -    |      0|  0|  10|          10|          10|
    |tmp_4_62_fu_5376_p2       |     -    |      0|  0|  10|          10|          10|
    |tmp_4_63_fu_5405_p2       |     -    |      0|  0|  10|          10|          10|
    |tmp_4_64_fu_5434_p2       |     -    |      0|  0|  10|          10|          10|
    |tmp_4_65_fu_5463_p2       |     -    |      0|  0|  10|          10|          10|
    |tmp_4_66_fu_5492_p2       |     -    |      0|  0|  10|          10|          10|
    |tmp_4_67_fu_5521_p2       |     -    |      0|  0|  10|          10|          10|
    |tmp_4_68_fu_5550_p2       |     -    |      0|  0|  10|          10|          10|
    |tmp_4_69_fu_5579_p2       |     -    |      0|  0|  10|          10|          10|
    |tmp_4_6_fu_3723_p2        |     -    |      0|  0|  10|          10|          10|
    |tmp_4_70_fu_5608_p2       |     -    |      0|  0|  10|          10|          10|
    |tmp_4_71_fu_5637_p2       |     -    |      0|  0|  10|          10|          10|
    |tmp_4_72_fu_5666_p2       |     -    |      0|  0|  10|          10|          10|
    |tmp_4_73_fu_5695_p2       |     -    |      0|  0|  10|          10|          10|
    |tmp_4_74_fu_5724_p2       |     -    |      0|  0|  10|          10|          10|
    |tmp_4_75_fu_5753_p2       |     -    |      0|  0|  10|          10|          10|
    |tmp_4_76_fu_5782_p2       |     -    |      0|  0|  10|          10|          10|
    |tmp_4_77_fu_5811_p2       |     -    |      0|  0|  10|          10|          10|
    |tmp_4_78_fu_5840_p2       |     -    |      0|  0|  10|          10|          10|
    |tmp_4_79_fu_5869_p2       |     -    |      0|  0|  10|          10|          10|
    |tmp_4_7_fu_3752_p2        |     -    |      0|  0|  10|          10|          10|
    |tmp_4_80_fu_5898_p2       |     -    |      0|  0|  10|          10|          10|
    |tmp_4_81_fu_5927_p2       |     -    |      0|  0|  10|          10|          10|
    |tmp_4_82_fu_5956_p2       |     -    |      0|  0|  10|          10|          10|
    |tmp_4_83_fu_5985_p2       |     -    |      0|  0|  10|          10|          10|
    |tmp_4_84_fu_6014_p2       |     -    |      0|  0|  10|          10|          10|
    |tmp_4_85_fu_6043_p2       |     -    |      0|  0|  10|          10|          10|
    |tmp_4_86_fu_6072_p2       |     -    |      0|  0|  10|          10|          10|
    |tmp_4_87_fu_6101_p2       |     -    |      0|  0|  10|          10|          10|
    |tmp_4_88_fu_6130_p2       |     -    |      0|  0|  10|          10|          10|
    |tmp_4_89_fu_6159_p2       |     -    |      0|  0|  10|          10|          10|
    |tmp_4_8_fu_3781_p2        |     -    |      0|  0|  10|          10|          10|
    |tmp_4_90_fu_6188_p2       |     -    |      0|  0|  10|          10|          10|
    |tmp_4_91_fu_6217_p2       |     -    |      0|  0|  10|          10|          10|
    |tmp_4_92_fu_6246_p2       |     -    |      0|  0|  10|          10|          10|
    |tmp_4_93_fu_6275_p2       |     -    |      0|  0|  10|          10|          10|
    |tmp_4_94_fu_6304_p2       |     -    |      0|  0|  10|          10|          10|
    |tmp_4_95_fu_6333_p2       |     -    |      0|  0|  10|          10|          10|
    |tmp_4_96_fu_6362_p2       |     -    |      0|  0|  10|          10|          10|
    |tmp_4_97_fu_6391_p2       |     -    |      0|  0|  10|          10|          10|
    |tmp_4_98_fu_6420_p2       |     -    |      0|  0|  10|          10|          10|
    |tmp_4_99_fu_6449_p2       |     -    |      0|  0|  10|          10|          10|
    |tmp_4_9_fu_3810_p2        |     -    |      0|  0|  10|          10|          10|
    |tmp_4_fu_3549_p2          |     -    |      0|  0|  10|          10|          10|
    |tmp_4_s_fu_3839_p2        |     -    |      0|  0|  10|          10|          10|
    |tmp_5_100_fu_6484_p2      |     -    |      0|  0|  10|          10|          10|
    |tmp_5_101_fu_6513_p2      |     -    |      0|  0|  10|          10|          10|
    |tmp_5_102_fu_6542_p2      |     -    |      0|  0|  10|          10|          10|
    |tmp_5_103_fu_6571_p2      |     -    |      0|  0|  10|          10|          10|
    |tmp_5_104_fu_6600_p2      |     -    |      0|  0|  10|          10|          10|
    |tmp_5_105_fu_6629_p2      |     -    |      0|  0|  10|          10|          10|
    |tmp_5_106_fu_6658_p2      |     -    |      0|  0|  10|          10|          10|
    |tmp_5_107_fu_6687_p2      |     -    |      0|  0|  10|          10|          10|
    |tmp_5_108_fu_6716_p2      |     -    |      0|  0|  10|          10|          10|
    |tmp_5_109_fu_6745_p2      |     -    |      0|  0|  10|          10|          10|
    |tmp_5_10_fu_3874_p2       |     -    |      0|  0|  10|          10|          10|
    |tmp_5_110_fu_6774_p2      |     -    |      0|  0|  10|          10|          10|
    |tmp_5_111_fu_6803_p2      |     -    |      0|  0|  10|          10|          10|
    |tmp_5_112_fu_6832_p2      |     -    |      0|  0|  10|          10|          10|
    |tmp_5_113_fu_6861_p2      |     -    |      0|  0|  10|          10|          10|
    |tmp_5_114_fu_6890_p2      |     -    |      0|  0|  10|          10|          10|
    |tmp_5_115_fu_6919_p2      |     -    |      0|  0|  10|          10|          10|
    |tmp_5_116_fu_6948_p2      |     -    |      0|  0|  10|          10|          10|
    |tmp_5_117_fu_6977_p2      |     -    |      0|  0|  10|          10|          10|
    |tmp_5_118_fu_7006_p2      |     -    |      0|  0|  10|          10|          10|
    |tmp_5_119_fu_7035_p2      |     -    |      0|  0|  10|          10|          10|
    |tmp_5_11_fu_3903_p2       |     -    |      0|  0|  10|          10|          10|
    |tmp_5_120_fu_7064_p2      |     -    |      0|  0|  10|          10|          10|
    |tmp_5_121_fu_7093_p2      |     -    |      0|  0|  10|          10|          10|
    |tmp_5_122_fu_7122_p2      |     -    |      0|  0|  10|          10|          10|
    |tmp_5_123_fu_7151_p2      |     -    |      0|  0|  10|          10|          10|
    |tmp_5_124_fu_7180_p2      |     -    |      0|  0|  10|          10|          10|
    |tmp_5_125_fu_7209_p2      |     -    |      0|  0|  10|          10|          10|
    |tmp_5_126_fu_7238_p2      |     -    |      0|  0|  10|          10|          10|
    |tmp_5_12_fu_3932_p2       |     -    |      0|  0|  10|          10|          10|
    |tmp_5_13_fu_3961_p2       |     -    |      0|  0|  10|          10|          10|
    |tmp_5_14_fu_3990_p2       |     -    |      0|  0|  10|          10|          10|
    |tmp_5_15_fu_4019_p2       |     -    |      0|  0|  10|          10|          10|
    |tmp_5_16_fu_4048_p2       |     -    |      0|  0|  10|          10|          10|
    |tmp_5_17_fu_4077_p2       |     -    |      0|  0|  10|          10|          10|
    |tmp_5_18_fu_4106_p2       |     -    |      0|  0|  10|          10|          10|
    |tmp_5_19_fu_4135_p2       |     -    |      0|  0|  10|          10|          10|
    |tmp_5_1_fu_3584_p2        |     -    |      0|  0|  10|          10|          10|
    |tmp_5_20_fu_4164_p2       |     -    |      0|  0|  10|          10|          10|
    |tmp_5_21_fu_4193_p2       |     -    |      0|  0|  10|          10|          10|
    |tmp_5_22_fu_4222_p2       |     -    |      0|  0|  10|          10|          10|
    |tmp_5_23_fu_4251_p2       |     -    |      0|  0|  10|          10|          10|
    |tmp_5_24_fu_4280_p2       |     -    |      0|  0|  10|          10|          10|
    |tmp_5_25_fu_4309_p2       |     -    |      0|  0|  10|          10|          10|
    |tmp_5_26_fu_4338_p2       |     -    |      0|  0|  10|          10|          10|
    |tmp_5_27_fu_4367_p2       |     -    |      0|  0|  10|          10|          10|
    |tmp_5_28_fu_4396_p2       |     -    |      0|  0|  10|          10|          10|
    |tmp_5_29_fu_4425_p2       |     -    |      0|  0|  10|          10|          10|
    |tmp_5_2_fu_3613_p2        |     -    |      0|  0|  10|          10|          10|
    |tmp_5_30_fu_4454_p2       |     -    |      0|  0|  10|          10|          10|
    |tmp_5_31_fu_4483_p2       |     -    |      0|  0|  10|          10|          10|
    |tmp_5_32_fu_4512_p2       |     -    |      0|  0|  10|          10|          10|
    |tmp_5_33_fu_4541_p2       |     -    |      0|  0|  10|          10|          10|
    |tmp_5_34_fu_4570_p2       |     -    |      0|  0|  10|          10|          10|
    |tmp_5_35_fu_4599_p2       |     -    |      0|  0|  10|          10|          10|
    |tmp_5_36_fu_4628_p2       |     -    |      0|  0|  10|          10|          10|
    |tmp_5_37_fu_4657_p2       |     -    |      0|  0|  10|          10|          10|
    |tmp_5_38_fu_4686_p2       |     -    |      0|  0|  10|          10|          10|
    |tmp_5_39_fu_4715_p2       |     -    |      0|  0|  10|          10|          10|
    |tmp_5_3_fu_3642_p2        |     -    |      0|  0|  10|          10|          10|
    |tmp_5_40_fu_4744_p2       |     -    |      0|  0|  10|          10|          10|
    |tmp_5_41_fu_4773_p2       |     -    |      0|  0|  10|          10|          10|
    |tmp_5_42_fu_4802_p2       |     -    |      0|  0|  10|          10|          10|
    |tmp_5_43_fu_4831_p2       |     -    |      0|  0|  10|          10|          10|
    |tmp_5_44_fu_4860_p2       |     -    |      0|  0|  10|          10|          10|
    |tmp_5_45_fu_4889_p2       |     -    |      0|  0|  10|          10|          10|
    |tmp_5_46_fu_4918_p2       |     -    |      0|  0|  10|          10|          10|
    |tmp_5_47_fu_4947_p2       |     -    |      0|  0|  10|          10|          10|
    |tmp_5_48_fu_4976_p2       |     -    |      0|  0|  10|          10|          10|
    |tmp_5_49_fu_5005_p2       |     -    |      0|  0|  10|          10|          10|
    |tmp_5_4_fu_3671_p2        |     -    |      0|  0|  10|          10|          10|
    |tmp_5_50_fu_5034_p2       |     -    |      0|  0|  10|          10|          10|
    |tmp_5_51_fu_5063_p2       |     -    |      0|  0|  10|          10|          10|
    |tmp_5_52_fu_5092_p2       |     -    |      0|  0|  10|          10|          10|
    |tmp_5_53_fu_5121_p2       |     -    |      0|  0|  10|          10|          10|
    |tmp_5_54_fu_5150_p2       |     -    |      0|  0|  10|          10|          10|
    |tmp_5_55_fu_5179_p2       |     -    |      0|  0|  10|          10|          10|
    |tmp_5_56_fu_5208_p2       |     -    |      0|  0|  10|          10|          10|
    |tmp_5_57_fu_5237_p2       |     -    |      0|  0|  10|          10|          10|
    |tmp_5_58_fu_5266_p2       |     -    |      0|  0|  10|          10|          10|
    |tmp_5_59_fu_5295_p2       |     -    |      0|  0|  10|          10|          10|
    |tmp_5_5_fu_3700_p2        |     -    |      0|  0|  10|          10|          10|
    |tmp_5_60_fu_5324_p2       |     -    |      0|  0|  10|          10|          10|
    |tmp_5_61_fu_5353_p2       |     -    |      0|  0|  10|          10|          10|
    |tmp_5_62_fu_5382_p2       |     -    |      0|  0|  10|          10|          10|
    |tmp_5_63_fu_5411_p2       |     -    |      0|  0|  10|          10|          10|
    |tmp_5_64_fu_5440_p2       |     -    |      0|  0|  10|          10|          10|
    |tmp_5_65_fu_5469_p2       |     -    |      0|  0|  10|          10|          10|
    |tmp_5_66_fu_5498_p2       |     -    |      0|  0|  10|          10|          10|
    |tmp_5_67_fu_5527_p2       |     -    |      0|  0|  10|          10|          10|
    |tmp_5_68_fu_5556_p2       |     -    |      0|  0|  10|          10|          10|
    |tmp_5_69_fu_5585_p2       |     -    |      0|  0|  10|          10|          10|
    |tmp_5_6_fu_3729_p2        |     -    |      0|  0|  10|          10|          10|
    |tmp_5_70_fu_5614_p2       |     -    |      0|  0|  10|          10|          10|
    |tmp_5_71_fu_5643_p2       |     -    |      0|  0|  10|          10|          10|
    |tmp_5_72_fu_5672_p2       |     -    |      0|  0|  10|          10|          10|
    |tmp_5_73_fu_5701_p2       |     -    |      0|  0|  10|          10|          10|
    |tmp_5_74_fu_5730_p2       |     -    |      0|  0|  10|          10|          10|
    |tmp_5_75_fu_5759_p2       |     -    |      0|  0|  10|          10|          10|
    |tmp_5_76_fu_5788_p2       |     -    |      0|  0|  10|          10|          10|
    |tmp_5_77_fu_5817_p2       |     -    |      0|  0|  10|          10|          10|
    |tmp_5_78_fu_5846_p2       |     -    |      0|  0|  10|          10|          10|
    |tmp_5_79_fu_5875_p2       |     -    |      0|  0|  10|          10|          10|
    |tmp_5_7_fu_3758_p2        |     -    |      0|  0|  10|          10|          10|
    |tmp_5_80_fu_5904_p2       |     -    |      0|  0|  10|          10|          10|
    |tmp_5_81_fu_5933_p2       |     -    |      0|  0|  10|          10|          10|
    |tmp_5_82_fu_5962_p2       |     -    |      0|  0|  10|          10|          10|
    |tmp_5_83_fu_5991_p2       |     -    |      0|  0|  10|          10|          10|
    |tmp_5_84_fu_6020_p2       |     -    |      0|  0|  10|          10|          10|
    |tmp_5_85_fu_6049_p2       |     -    |      0|  0|  10|          10|          10|
    |tmp_5_86_fu_6078_p2       |     -    |      0|  0|  10|          10|          10|
    |tmp_5_87_fu_6107_p2       |     -    |      0|  0|  10|          10|          10|
    |tmp_5_88_fu_6136_p2       |     -    |      0|  0|  10|          10|          10|
    |tmp_5_89_fu_6165_p2       |     -    |      0|  0|  10|          10|          10|
    |tmp_5_8_fu_3787_p2        |     -    |      0|  0|  10|          10|          10|
    |tmp_5_90_fu_6194_p2       |     -    |      0|  0|  10|          10|          10|
    |tmp_5_91_fu_6223_p2       |     -    |      0|  0|  10|          10|          10|
    |tmp_5_92_fu_6252_p2       |     -    |      0|  0|  10|          10|          10|
    |tmp_5_93_fu_6281_p2       |     -    |      0|  0|  10|          10|          10|
    |tmp_5_94_fu_6310_p2       |     -    |      0|  0|  10|          10|          10|
    |tmp_5_95_fu_6339_p2       |     -    |      0|  0|  10|          10|          10|
    |tmp_5_96_fu_6368_p2       |     -    |      0|  0|  10|          10|          10|
    |tmp_5_97_fu_6397_p2       |     -    |      0|  0|  10|          10|          10|
    |tmp_5_98_fu_6426_p2       |     -    |      0|  0|  10|          10|          10|
    |tmp_5_99_fu_6455_p2       |     -    |      0|  0|  10|          10|          10|
    |tmp_5_9_fu_3816_p2        |     -    |      0|  0|  10|          10|          10|
    |tmp_5_fu_3555_p2          |     -    |      0|  0|  10|          10|          10|
    |tmp_5_s_fu_3845_p2        |     -    |      0|  0|  10|          10|          10|
    |sumtree_0_V_fu_3561_p3    |  Select  |      0|  0|  10|           1|          10|
    |sumtree_100_V_fu_6461_p3  |  Select  |      0|  0|  10|           1|          10|
    |sumtree_101_V_fu_6490_p3  |  Select  |      0|  0|  10|           1|          10|
    |sumtree_102_V_fu_6519_p3  |  Select  |      0|  0|  10|           1|          10|
    |sumtree_103_V_fu_6548_p3  |  Select  |      0|  0|  10|           1|          10|
    |sumtree_104_V_fu_6577_p3  |  Select  |      0|  0|  10|           1|          10|
    |sumtree_105_V_fu_6606_p3  |  Select  |      0|  0|  10|           1|          10|
    |sumtree_106_V_fu_6635_p3  |  Select  |      0|  0|  10|           1|          10|
    |sumtree_107_V_fu_6664_p3  |  Select  |      0|  0|  10|           1|          10|
    |sumtree_108_V_fu_6693_p3  |  Select  |      0|  0|  10|           1|          10|
    |sumtree_109_V_fu_6722_p3  |  Select  |      0|  0|  10|           1|          10|
    |sumtree_10_V_fu_3851_p3   |  Select  |      0|  0|  10|           1|          10|
    |sumtree_110_V_fu_6751_p3  |  Select  |      0|  0|  10|           1|          10|
    |sumtree_111_V_fu_6780_p3  |  Select  |      0|  0|  10|           1|          10|
    |sumtree_112_V_fu_6809_p3  |  Select  |      0|  0|  10|           1|          10|
    |sumtree_113_V_fu_6838_p3  |  Select  |      0|  0|  10|           1|          10|
    |sumtree_114_V_fu_6867_p3  |  Select  |      0|  0|  10|           1|          10|
    |sumtree_115_V_fu_6896_p3  |  Select  |      0|  0|  10|           1|          10|
    |sumtree_116_V_fu_6925_p3  |  Select  |      0|  0|  10|           1|          10|
    |sumtree_117_V_fu_6954_p3  |  Select  |      0|  0|  10|           1|          10|
    |sumtree_118_V_fu_6983_p3  |  Select  |      0|  0|  10|           1|          10|
    |sumtree_119_V_fu_7012_p3  |  Select  |      0|  0|  10|           1|          10|
    |sumtree_11_V_fu_3880_p3   |  Select  |      0|  0|  10|           1|          10|
    |sumtree_120_V_fu_7041_p3  |  Select  |      0|  0|  10|           1|          10|
    |sumtree_121_V_fu_7070_p3  |  Select  |      0|  0|  10|           1|          10|
    |sumtree_122_V_fu_7099_p3  |  Select  |      0|  0|  10|           1|          10|
    |sumtree_123_V_fu_7128_p3  |  Select  |      0|  0|  10|           1|          10|
    |sumtree_124_V_fu_7157_p3  |  Select  |      0|  0|  10|           1|          10|
    |sumtree_125_V_fu_7186_p3  |  Select  |      0|  0|  10|           1|          10|
    |sumtree_126_V_fu_7215_p3  |  Select  |      0|  0|  10|           1|          10|
    |sumtree_127_V_fu_7244_p3  |  Select  |      0|  0|  10|           1|          10|
    |sumtree_12_V_fu_3909_p3   |  Select  |      0|  0|  10|           1|          10|
    |sumtree_13_V_fu_3938_p3   |  Select  |      0|  0|  10|           1|          10|
    |sumtree_14_V_fu_3967_p3   |  Select  |      0|  0|  10|           1|          10|
    |sumtree_15_V_fu_3996_p3   |  Select  |      0|  0|  10|           1|          10|
    |sumtree_16_V_fu_4025_p3   |  Select  |      0|  0|  10|           1|          10|
    |sumtree_17_V_fu_4054_p3   |  Select  |      0|  0|  10|           1|          10|
    |sumtree_18_V_fu_4083_p3   |  Select  |      0|  0|  10|           1|          10|
    |sumtree_19_V_fu_4112_p3   |  Select  |      0|  0|  10|           1|          10|
    |sumtree_1_V_fu_3590_p3    |  Select  |      0|  0|  10|           1|          10|
    |sumtree_20_V_fu_4141_p3   |  Select  |      0|  0|  10|           1|          10|
    |sumtree_21_V_fu_4170_p3   |  Select  |      0|  0|  10|           1|          10|
    |sumtree_22_V_fu_4199_p3   |  Select  |      0|  0|  10|           1|          10|
    |sumtree_23_V_fu_4228_p3   |  Select  |      0|  0|  10|           1|          10|
    |sumtree_24_V_fu_4257_p3   |  Select  |      0|  0|  10|           1|          10|
    |sumtree_25_V_fu_4286_p3   |  Select  |      0|  0|  10|           1|          10|
    |sumtree_26_V_fu_4315_p3   |  Select  |      0|  0|  10|           1|          10|
    |sumtree_27_V_fu_4344_p3   |  Select  |      0|  0|  10|           1|          10|
    |sumtree_28_V_fu_4373_p3   |  Select  |      0|  0|  10|           1|          10|
    |sumtree_29_V_fu_4402_p3   |  Select  |      0|  0|  10|           1|          10|
    |sumtree_2_V_fu_3619_p3    |  Select  |      0|  0|  10|           1|          10|
    |sumtree_30_V_fu_4431_p3   |  Select  |      0|  0|  10|           1|          10|
    |sumtree_31_V_fu_4460_p3   |  Select  |      0|  0|  10|           1|          10|
    |sumtree_32_V_fu_4489_p3   |  Select  |      0|  0|  10|           1|          10|
    |sumtree_33_V_fu_4518_p3   |  Select  |      0|  0|  10|           1|          10|
    |sumtree_34_V_fu_4547_p3   |  Select  |      0|  0|  10|           1|          10|
    |sumtree_35_V_fu_4576_p3   |  Select  |      0|  0|  10|           1|          10|
    |sumtree_36_V_fu_4605_p3   |  Select  |      0|  0|  10|           1|          10|
    |sumtree_37_V_fu_4634_p3   |  Select  |      0|  0|  10|           1|          10|
    |sumtree_38_V_fu_4663_p3   |  Select  |      0|  0|  10|           1|          10|
    |sumtree_39_V_fu_4692_p3   |  Select  |      0|  0|  10|           1|          10|
    |sumtree_3_V_fu_3648_p3    |  Select  |      0|  0|  10|           1|          10|
    |sumtree_40_V_fu_4721_p3   |  Select  |      0|  0|  10|           1|          10|
    |sumtree_41_V_fu_4750_p3   |  Select  |      0|  0|  10|           1|          10|
    |sumtree_42_V_fu_4779_p3   |  Select  |      0|  0|  10|           1|          10|
    |sumtree_43_V_fu_4808_p3   |  Select  |      0|  0|  10|           1|          10|
    |sumtree_44_V_fu_4837_p3   |  Select  |      0|  0|  10|           1|          10|
    |sumtree_45_V_fu_4866_p3   |  Select  |      0|  0|  10|           1|          10|
    |sumtree_46_V_fu_4895_p3   |  Select  |      0|  0|  10|           1|          10|
    |sumtree_47_V_fu_4924_p3   |  Select  |      0|  0|  10|           1|          10|
    |sumtree_48_V_fu_4953_p3   |  Select  |      0|  0|  10|           1|          10|
    |sumtree_49_V_fu_4982_p3   |  Select  |      0|  0|  10|           1|          10|
    |sumtree_4_V_fu_3677_p3    |  Select  |      0|  0|  10|           1|          10|
    |sumtree_50_V_fu_5011_p3   |  Select  |      0|  0|  10|           1|          10|
    |sumtree_51_V_fu_5040_p3   |  Select  |      0|  0|  10|           1|          10|
    |sumtree_52_V_fu_5069_p3   |  Select  |      0|  0|  10|           1|          10|
    |sumtree_53_V_fu_5098_p3   |  Select  |      0|  0|  10|           1|          10|
    |sumtree_54_V_fu_5127_p3   |  Select  |      0|  0|  10|           1|          10|
    |sumtree_55_V_fu_5156_p3   |  Select  |      0|  0|  10|           1|          10|
    |sumtree_56_V_fu_5185_p3   |  Select  |      0|  0|  10|           1|          10|
    |sumtree_57_V_fu_5214_p3   |  Select  |      0|  0|  10|           1|          10|
    |sumtree_58_V_fu_5243_p3   |  Select  |      0|  0|  10|           1|          10|
    |sumtree_59_V_fu_5272_p3   |  Select  |      0|  0|  10|           1|          10|
    |sumtree_5_V_fu_3706_p3    |  Select  |      0|  0|  10|           1|          10|
    |sumtree_60_V_fu_5301_p3   |  Select  |      0|  0|  10|           1|          10|
    |sumtree_61_V_fu_5330_p3   |  Select  |      0|  0|  10|           1|          10|
    |sumtree_62_V_fu_5359_p3   |  Select  |      0|  0|  10|           1|          10|
    |sumtree_63_V_fu_5388_p3   |  Select  |      0|  0|  10|           1|          10|
    |sumtree_64_V_fu_5417_p3   |  Select  |      0|  0|  10|           1|          10|
    |sumtree_65_V_fu_5446_p3   |  Select  |      0|  0|  10|           1|          10|
    |sumtree_66_V_fu_5475_p3   |  Select  |      0|  0|  10|           1|          10|
    |sumtree_67_V_fu_5504_p3   |  Select  |      0|  0|  10|           1|          10|
    |sumtree_68_V_fu_5533_p3   |  Select  |      0|  0|  10|           1|          10|
    |sumtree_69_V_fu_5562_p3   |  Select  |      0|  0|  10|           1|          10|
    |sumtree_6_V_fu_3735_p3    |  Select  |      0|  0|  10|           1|          10|
    |sumtree_70_V_fu_5591_p3   |  Select  |      0|  0|  10|           1|          10|
    |sumtree_71_V_fu_5620_p3   |  Select  |      0|  0|  10|           1|          10|
    |sumtree_72_V_fu_5649_p3   |  Select  |      0|  0|  10|           1|          10|
    |sumtree_73_V_fu_5678_p3   |  Select  |      0|  0|  10|           1|          10|
    |sumtree_74_V_fu_5707_p3   |  Select  |      0|  0|  10|           1|          10|
    |sumtree_75_V_fu_5736_p3   |  Select  |      0|  0|  10|           1|          10|
    |sumtree_76_V_fu_5765_p3   |  Select  |      0|  0|  10|           1|          10|
    |sumtree_77_V_fu_5794_p3   |  Select  |      0|  0|  10|           1|          10|
    |sumtree_78_V_fu_5823_p3   |  Select  |      0|  0|  10|           1|          10|
    |sumtree_79_V_fu_5852_p3   |  Select  |      0|  0|  10|           1|          10|
    |sumtree_7_V_fu_3764_p3    |  Select  |      0|  0|  10|           1|          10|
    |sumtree_80_V_fu_5881_p3   |  Select  |      0|  0|  10|           1|          10|
    |sumtree_81_V_fu_5910_p3   |  Select  |      0|  0|  10|           1|          10|
    |sumtree_82_V_fu_5939_p3   |  Select  |      0|  0|  10|           1|          10|
    |sumtree_83_V_fu_5968_p3   |  Select  |      0|  0|  10|           1|          10|
    |sumtree_84_V_fu_5997_p3   |  Select  |      0|  0|  10|           1|          10|
    |sumtree_85_V_fu_6026_p3   |  Select  |      0|  0|  10|           1|          10|
    |sumtree_86_V_fu_6055_p3   |  Select  |      0|  0|  10|           1|          10|
    |sumtree_87_V_fu_6084_p3   |  Select  |      0|  0|  10|           1|          10|
    |sumtree_88_V_fu_6113_p3   |  Select  |      0|  0|  10|           1|          10|
    |sumtree_89_V_fu_6142_p3   |  Select  |      0|  0|  10|           1|          10|
    |sumtree_8_V_fu_3793_p3    |  Select  |      0|  0|  10|           1|          10|
    |sumtree_90_V_fu_6171_p3   |  Select  |      0|  0|  10|           1|          10|
    |sumtree_91_V_fu_6200_p3   |  Select  |      0|  0|  10|           1|          10|
    |sumtree_92_V_fu_6229_p3   |  Select  |      0|  0|  10|           1|          10|
    |sumtree_93_V_fu_6258_p3   |  Select  |      0|  0|  10|           1|          10|
    |sumtree_94_V_fu_6287_p3   |  Select  |      0|  0|  10|           1|          10|
    |sumtree_95_V_fu_6316_p3   |  Select  |      0|  0|  10|           1|          10|
    |sumtree_96_V_fu_6345_p3   |  Select  |      0|  0|  10|           1|          10|
    |sumtree_97_V_fu_6374_p3   |  Select  |      0|  0|  10|           1|          10|
    |sumtree_98_V_fu_6403_p3   |  Select  |      0|  0|  10|           1|          10|
    |sumtree_99_V_fu_6432_p3   |  Select  |      0|  0|  10|           1|          10|
    |sumtree_9_V_fu_3822_p3    |  Select  |      0|  0|  10|           1|          10|
    |ap_sig_bdd_40             |    and   |      0|  0|   2|           1|           1|
    |exitcond_fu_1991_p2       |   icmp   |      0|  0|   9|           8|           9|
    |tmp_3_100_fu_6473_p2      |   icmp   |      0|  0|  12|          11|          11|
    |tmp_3_101_fu_6502_p2      |   icmp   |      0|  0|  12|          11|          11|
    |tmp_3_102_fu_6531_p2      |   icmp   |      0|  0|  12|          11|          11|
    |tmp_3_103_fu_6560_p2      |   icmp   |      0|  0|  12|          11|          11|
    |tmp_3_104_fu_6589_p2      |   icmp   |      0|  0|  12|          11|          11|
    |tmp_3_105_fu_6618_p2      |   icmp   |      0|  0|  12|          11|          11|
    |tmp_3_106_fu_6647_p2      |   icmp   |      0|  0|  12|          11|          11|
    |tmp_3_107_fu_6676_p2      |   icmp   |      0|  0|  12|          11|          11|
    |tmp_3_108_fu_6705_p2      |   icmp   |      0|  0|  12|          11|          11|
    |tmp_3_109_fu_6734_p2      |   icmp   |      0|  0|  12|          11|          11|
    |tmp_3_10_fu_3863_p2       |   icmp   |      0|  0|  12|          11|          11|
    |tmp_3_110_fu_6763_p2      |   icmp   |      0|  0|  12|          11|          11|
    |tmp_3_111_fu_6792_p2      |   icmp   |      0|  0|  12|          11|          11|
    |tmp_3_112_fu_6821_p2      |   icmp   |      0|  0|  12|          11|          11|
    |tmp_3_113_fu_6850_p2      |   icmp   |      0|  0|  12|          11|          11|
    |tmp_3_114_fu_6879_p2      |   icmp   |      0|  0|  12|          11|          11|
    |tmp_3_115_fu_6908_p2      |   icmp   |      0|  0|  12|          11|          11|
    |tmp_3_116_fu_6937_p2      |   icmp   |      0|  0|  12|          11|          11|
    |tmp_3_117_fu_6966_p2      |   icmp   |      0|  0|  12|          11|          11|
    |tmp_3_118_fu_6995_p2      |   icmp   |      0|  0|  12|          11|          11|
    |tmp_3_119_fu_7024_p2      |   icmp   |      0|  0|  12|          11|          11|
    |tmp_3_11_fu_3892_p2       |   icmp   |      0|  0|  12|          11|          11|
    |tmp_3_120_fu_7053_p2      |   icmp   |      0|  0|  12|          11|          11|
    |tmp_3_121_fu_7082_p2      |   icmp   |      0|  0|  12|          11|          11|
    |tmp_3_122_fu_7111_p2      |   icmp   |      0|  0|  12|          11|          11|
    |tmp_3_123_fu_7140_p2      |   icmp   |      0|  0|  12|          11|          11|
    |tmp_3_124_fu_7169_p2      |   icmp   |      0|  0|  12|          11|          11|
    |tmp_3_125_fu_7198_p2      |   icmp   |      0|  0|  12|          11|          11|
    |tmp_3_126_fu_7227_p2      |   icmp   |      0|  0|  12|          11|          11|
    |tmp_3_12_fu_3921_p2       |   icmp   |      0|  0|  12|          11|          11|
    |tmp_3_13_fu_3950_p2       |   icmp   |      0|  0|  12|          11|          11|
    |tmp_3_14_fu_3979_p2       |   icmp   |      0|  0|  12|          11|          11|
    |tmp_3_15_fu_4008_p2       |   icmp   |      0|  0|  12|          11|          11|
    |tmp_3_16_fu_4037_p2       |   icmp   |      0|  0|  12|          11|          11|
    |tmp_3_17_fu_4066_p2       |   icmp   |      0|  0|  12|          11|          11|
    |tmp_3_18_fu_4095_p2       |   icmp   |      0|  0|  12|          11|          11|
    |tmp_3_19_fu_4124_p2       |   icmp   |      0|  0|  12|          11|          11|
    |tmp_3_1_fu_3573_p2        |   icmp   |      0|  0|  12|          11|          11|
    |tmp_3_20_fu_4153_p2       |   icmp   |      0|  0|  12|          11|          11|
    |tmp_3_21_fu_4182_p2       |   icmp   |      0|  0|  12|          11|          11|
    |tmp_3_22_fu_4211_p2       |   icmp   |      0|  0|  12|          11|          11|
    |tmp_3_23_fu_4240_p2       |   icmp   |      0|  0|  12|          11|          11|
    |tmp_3_24_fu_4269_p2       |   icmp   |      0|  0|  12|          11|          11|
    |tmp_3_25_fu_4298_p2       |   icmp   |      0|  0|  12|          11|          11|
    |tmp_3_26_fu_4327_p2       |   icmp   |      0|  0|  12|          11|          11|
    |tmp_3_27_fu_4356_p2       |   icmp   |      0|  0|  12|          11|          11|
    |tmp_3_28_fu_4385_p2       |   icmp   |      0|  0|  12|          11|          11|
    |tmp_3_29_fu_4414_p2       |   icmp   |      0|  0|  12|          11|          11|
    |tmp_3_2_fu_3602_p2        |   icmp   |      0|  0|  12|          11|          11|
    |tmp_3_30_fu_4443_p2       |   icmp   |      0|  0|  12|          11|          11|
    |tmp_3_31_fu_4472_p2       |   icmp   |      0|  0|  12|          11|          11|
    |tmp_3_32_fu_4501_p2       |   icmp   |      0|  0|  12|          11|          11|
    |tmp_3_33_fu_4530_p2       |   icmp   |      0|  0|  12|          11|          11|
    |tmp_3_34_fu_4559_p2       |   icmp   |      0|  0|  12|          11|          11|
    |tmp_3_35_fu_4588_p2       |   icmp   |      0|  0|  12|          11|          11|
    |tmp_3_36_fu_4617_p2       |   icmp   |      0|  0|  12|          11|          11|
    |tmp_3_37_fu_4646_p2       |   icmp   |      0|  0|  12|          11|          11|
    |tmp_3_38_fu_4675_p2       |   icmp   |      0|  0|  12|          11|          11|
    |tmp_3_39_fu_4704_p2       |   icmp   |      0|  0|  12|          11|          11|
    |tmp_3_3_fu_3631_p2        |   icmp   |      0|  0|  12|          11|          11|
    |tmp_3_40_fu_4733_p2       |   icmp   |      0|  0|  12|          11|          11|
    |tmp_3_41_fu_4762_p2       |   icmp   |      0|  0|  12|          11|          11|
    |tmp_3_42_fu_4791_p2       |   icmp   |      0|  0|  12|          11|          11|
    |tmp_3_43_fu_4820_p2       |   icmp   |      0|  0|  12|          11|          11|
    |tmp_3_44_fu_4849_p2       |   icmp   |      0|  0|  12|          11|          11|
    |tmp_3_45_fu_4878_p2       |   icmp   |      0|  0|  12|          11|          11|
    |tmp_3_46_fu_4907_p2       |   icmp   |      0|  0|  12|          11|          11|
    |tmp_3_47_fu_4936_p2       |   icmp   |      0|  0|  12|          11|          11|
    |tmp_3_48_fu_4965_p2       |   icmp   |      0|  0|  12|          11|          11|
    |tmp_3_49_fu_4994_p2       |   icmp   |      0|  0|  12|          11|          11|
    |tmp_3_4_fu_3660_p2        |   icmp   |      0|  0|  12|          11|          11|
    |tmp_3_50_fu_5023_p2       |   icmp   |      0|  0|  12|          11|          11|
    |tmp_3_51_fu_5052_p2       |   icmp   |      0|  0|  12|          11|          11|
    |tmp_3_52_fu_5081_p2       |   icmp   |      0|  0|  12|          11|          11|
    |tmp_3_53_fu_5110_p2       |   icmp   |      0|  0|  12|          11|          11|
    |tmp_3_54_fu_5139_p2       |   icmp   |      0|  0|  12|          11|          11|
    |tmp_3_55_fu_5168_p2       |   icmp   |      0|  0|  12|          11|          11|
    |tmp_3_56_fu_5197_p2       |   icmp   |      0|  0|  12|          11|          11|
    |tmp_3_57_fu_5226_p2       |   icmp   |      0|  0|  12|          11|          11|
    |tmp_3_58_fu_5255_p2       |   icmp   |      0|  0|  12|          11|          11|
    |tmp_3_59_fu_5284_p2       |   icmp   |      0|  0|  12|          11|          11|
    |tmp_3_5_fu_3689_p2        |   icmp   |      0|  0|  12|          11|          11|
    |tmp_3_60_fu_5313_p2       |   icmp   |      0|  0|  12|          11|          11|
    |tmp_3_61_fu_5342_p2       |   icmp   |      0|  0|  12|          11|          11|
    |tmp_3_62_fu_5371_p2       |   icmp   |      0|  0|  12|          11|          11|
    |tmp_3_63_fu_5400_p2       |   icmp   |      0|  0|  12|          11|          11|
    |tmp_3_64_fu_5429_p2       |   icmp   |      0|  0|  12|          11|          11|
    |tmp_3_65_fu_5458_p2       |   icmp   |      0|  0|  12|          11|          11|
    |tmp_3_66_fu_5487_p2       |   icmp   |      0|  0|  12|          11|          11|
    |tmp_3_67_fu_5516_p2       |   icmp   |      0|  0|  12|          11|          11|
    |tmp_3_68_fu_5545_p2       |   icmp   |      0|  0|  12|          11|          11|
    |tmp_3_69_fu_5574_p2       |   icmp   |      0|  0|  12|          11|          11|
    |tmp_3_6_fu_3718_p2        |   icmp   |      0|  0|  12|          11|          11|
    |tmp_3_70_fu_5603_p2       |   icmp   |      0|  0|  12|          11|          11|
    |tmp_3_71_fu_5632_p2       |   icmp   |      0|  0|  12|          11|          11|
    |tmp_3_72_fu_5661_p2       |   icmp   |      0|  0|  12|          11|          11|
    |tmp_3_73_fu_5690_p2       |   icmp   |      0|  0|  12|          11|          11|
    |tmp_3_74_fu_5719_p2       |   icmp   |      0|  0|  12|          11|          11|
    |tmp_3_75_fu_5748_p2       |   icmp   |      0|  0|  12|          11|          11|
    |tmp_3_76_fu_5777_p2       |   icmp   |      0|  0|  12|          11|          11|
    |tmp_3_77_fu_5806_p2       |   icmp   |      0|  0|  12|          11|          11|
    |tmp_3_78_fu_5835_p2       |   icmp   |      0|  0|  12|          11|          11|
    |tmp_3_79_fu_5864_p2       |   icmp   |      0|  0|  12|          11|          11|
    |tmp_3_7_fu_3747_p2        |   icmp   |      0|  0|  12|          11|          11|
    |tmp_3_80_fu_5893_p2       |   icmp   |      0|  0|  12|          11|          11|
    |tmp_3_81_fu_5922_p2       |   icmp   |      0|  0|  12|          11|          11|
    |tmp_3_82_fu_5951_p2       |   icmp   |      0|  0|  12|          11|          11|
    |tmp_3_83_fu_5980_p2       |   icmp   |      0|  0|  12|          11|          11|
    |tmp_3_84_fu_6009_p2       |   icmp   |      0|  0|  12|          11|          11|
    |tmp_3_85_fu_6038_p2       |   icmp   |      0|  0|  12|          11|          11|
    |tmp_3_86_fu_6067_p2       |   icmp   |      0|  0|  12|          11|          11|
    |tmp_3_87_fu_6096_p2       |   icmp   |      0|  0|  12|          11|          11|
    |tmp_3_88_fu_6125_p2       |   icmp   |      0|  0|  12|          11|          11|
    |tmp_3_89_fu_6154_p2       |   icmp   |      0|  0|  12|          11|          11|
    |tmp_3_8_fu_3776_p2        |   icmp   |      0|  0|  12|          11|          11|
    |tmp_3_90_fu_6183_p2       |   icmp   |      0|  0|  12|          11|          11|
    |tmp_3_91_fu_6212_p2       |   icmp   |      0|  0|  12|          11|          11|
    |tmp_3_92_fu_6241_p2       |   icmp   |      0|  0|  12|          11|          11|
    |tmp_3_93_fu_6270_p2       |   icmp   |      0|  0|  12|          11|          11|
    |tmp_3_94_fu_6299_p2       |   icmp   |      0|  0|  12|          11|          11|
    |tmp_3_95_fu_6328_p2       |   icmp   |      0|  0|  12|          11|          11|
    |tmp_3_96_fu_6357_p2       |   icmp   |      0|  0|  12|          11|          11|
    |tmp_3_97_fu_6386_p2       |   icmp   |      0|  0|  12|          11|          11|
    |tmp_3_98_fu_6415_p2       |   icmp   |      0|  0|  12|          11|          11|
    |tmp_3_99_fu_6444_p2       |   icmp   |      0|  0|  12|          11|          11|
    |tmp_3_9_fu_3805_p2        |   icmp   |      0|  0|  12|          11|          11|
    |tmp_3_fu_3544_p2          |   icmp   |      0|  0|  12|          11|          11|
    |tmp_3_s_fu_3834_p2        |   icmp   |      0|  0|  12|          11|          11|
    +--------------------------+----------+-------+---+----+------------+------------+
    |Total                     |          |      0|  0|6912|        5630|        6776|
    +--------------------------+----------+-------+---+----+------------+------------+

    * Multiplexer: 
    +------------+----+-----------+-----+-----------+
    |    Name    | LUT| Input Size| Bits| Total Bits|
    +------------+----+-----------+-----+-----------+
    |i_reg_1341  |   8|          2|    8|         16|
    +------------+----+-----------+-----+-----------+
    |Total       |   8|          2|    8|         16|
    +------------+----+-----------+-----+-----------+

    * Register: 
    +--------------------------+----+-----+-----------+
    |           Name           | FF | Bits| Const Bits|
    +--------------------------+----+-----+-----------+
    |ap_CS_fsm                 |   2|    2|          0|
    |ap_reg_ppiten_pp0_it0     |   1|    1|          0|
    |ap_reg_ppiten_pp0_it1     |   1|    1|          0|
    |ap_reg_ppiten_pp0_it2     |   1|    1|          0|
    |datamem_100_V_fu_1210     |  10|   10|          0|
    |datamem_101_V_fu_1214     |  10|   10|          0|
    |datamem_102_V_fu_1218     |  10|   10|          0|
    |datamem_103_V_fu_1222     |  10|   10|          0|
    |datamem_104_V_fu_1226     |  10|   10|          0|
    |datamem_105_V_fu_1230     |  10|   10|          0|
    |datamem_106_V_fu_1234     |  10|   10|          0|
    |datamem_107_V_fu_1238     |  10|   10|          0|
    |datamem_108_V_fu_1242     |  10|   10|          0|
    |datamem_109_V_fu_1246     |  10|   10|          0|
    |datamem_10_V_fu_850       |  10|   10|          0|
    |datamem_110_V_fu_1250     |  10|   10|          0|
    |datamem_111_V_fu_1254     |  10|   10|          0|
    |datamem_112_V_fu_1258     |  10|   10|          0|
    |datamem_113_V_fu_1262     |  10|   10|          0|
    |datamem_114_V_fu_1266     |  10|   10|          0|
    |datamem_115_V_fu_1270     |  10|   10|          0|
    |datamem_116_V_fu_1274     |  10|   10|          0|
    |datamem_117_V_fu_1278     |  10|   10|          0|
    |datamem_118_V_fu_1282     |  10|   10|          0|
    |datamem_119_V_fu_1286     |  10|   10|          0|
    |datamem_11_V_fu_854       |  10|   10|          0|
    |datamem_120_V_fu_1290     |  10|   10|          0|
    |datamem_121_V_fu_1294     |  10|   10|          0|
    |datamem_122_V_fu_1298     |  10|   10|          0|
    |datamem_123_V_fu_1302     |  10|   10|          0|
    |datamem_124_V_fu_1306     |  10|   10|          0|
    |datamem_125_V_fu_1310     |  10|   10|          0|
    |datamem_126_V_fu_1314     |  10|   10|          0|
    |datamem_127_V_fu_1318     |  10|   10|          0|
    |datamem_12_V_fu_858       |  10|   10|          0|
    |datamem_13_V_fu_862       |  10|   10|          0|
    |datamem_14_V_fu_866       |  10|   10|          0|
    |datamem_15_V_fu_870       |  10|   10|          0|
    |datamem_16_V_fu_874       |  10|   10|          0|
    |datamem_17_V_fu_878       |  10|   10|          0|
    |datamem_18_V_fu_882       |  10|   10|          0|
    |datamem_19_V_fu_886       |  10|   10|          0|
    |datamem_1_V_fu_814        |  10|   10|          0|
    |datamem_20_V_fu_890       |  10|   10|          0|
    |datamem_21_V_fu_894       |  10|   10|          0|
    |datamem_22_V_fu_898       |  10|   10|          0|
    |datamem_23_V_fu_902       |  10|   10|          0|
    |datamem_24_V_fu_906       |  10|   10|          0|
    |datamem_25_V_fu_910       |  10|   10|          0|
    |datamem_26_V_fu_914       |  10|   10|          0|
    |datamem_27_V_fu_918       |  10|   10|          0|
    |datamem_28_V_fu_922       |  10|   10|          0|
    |datamem_29_V_fu_926       |  10|   10|          0|
    |datamem_2_V_fu_818        |  10|   10|          0|
    |datamem_30_V_fu_930       |  10|   10|          0|
    |datamem_31_V_fu_934       |  10|   10|          0|
    |datamem_32_V_fu_938       |  10|   10|          0|
    |datamem_33_V_fu_942       |  10|   10|          0|
    |datamem_34_V_fu_946       |  10|   10|          0|
    |datamem_35_V_fu_950       |  10|   10|          0|
    |datamem_36_V_fu_954       |  10|   10|          0|
    |datamem_37_V_fu_958       |  10|   10|          0|
    |datamem_38_V_fu_962       |  10|   10|          0|
    |datamem_39_V_fu_966       |  10|   10|          0|
    |datamem_3_V_fu_822        |  10|   10|          0|
    |datamem_40_V_fu_970       |  10|   10|          0|
    |datamem_41_V_fu_974       |  10|   10|          0|
    |datamem_42_V_fu_978       |  10|   10|          0|
    |datamem_43_V_fu_982       |  10|   10|          0|
    |datamem_44_V_fu_986       |  10|   10|          0|
    |datamem_45_V_fu_990       |  10|   10|          0|
    |datamem_46_V_fu_994       |  10|   10|          0|
    |datamem_47_V_fu_998       |  10|   10|          0|
    |datamem_48_V_fu_1002      |  10|   10|          0|
    |datamem_49_V_fu_1006      |  10|   10|          0|
    |datamem_4_V_fu_826        |  10|   10|          0|
    |datamem_50_V_fu_1010      |  10|   10|          0|
    |datamem_51_V_fu_1014      |  10|   10|          0|
    |datamem_52_V_fu_1018      |  10|   10|          0|
    |datamem_53_V_fu_1022      |  10|   10|          0|
    |datamem_54_V_fu_1026      |  10|   10|          0|
    |datamem_55_V_fu_1030      |  10|   10|          0|
    |datamem_56_V_fu_1034      |  10|   10|          0|
    |datamem_57_V_fu_1038      |  10|   10|          0|
    |datamem_58_V_fu_1042      |  10|   10|          0|
    |datamem_59_V_fu_1046      |  10|   10|          0|
    |datamem_5_V_fu_830        |  10|   10|          0|
    |datamem_60_V_fu_1050      |  10|   10|          0|
    |datamem_61_V_fu_1054      |  10|   10|          0|
    |datamem_62_V_fu_1058      |  10|   10|          0|
    |datamem_63_V_fu_1062      |  10|   10|          0|
    |datamem_64_V_fu_1066      |  10|   10|          0|
    |datamem_65_V_fu_1070      |  10|   10|          0|
    |datamem_66_V_fu_1074      |  10|   10|          0|
    |datamem_67_V_fu_1078      |  10|   10|          0|
    |datamem_68_V_fu_1082      |  10|   10|          0|
    |datamem_69_V_fu_1086      |  10|   10|          0|
    |datamem_6_V_fu_834        |  10|   10|          0|
    |datamem_70_V_fu_1090      |  10|   10|          0|
    |datamem_71_V_fu_1094      |  10|   10|          0|
    |datamem_72_V_fu_1098      |  10|   10|          0|
    |datamem_73_V_fu_1102      |  10|   10|          0|
    |datamem_74_V_fu_1106      |  10|   10|          0|
    |datamem_75_V_fu_1110      |  10|   10|          0|
    |datamem_76_V_fu_1114      |  10|   10|          0|
    |datamem_77_V_fu_1118      |  10|   10|          0|
    |datamem_78_V_fu_1122      |  10|   10|          0|
    |datamem_79_V_fu_1126      |  10|   10|          0|
    |datamem_7_V_fu_838        |  10|   10|          0|
    |datamem_80_V_fu_1130      |  10|   10|          0|
    |datamem_81_V_fu_1134      |  10|   10|          0|
    |datamem_82_V_fu_1138      |  10|   10|          0|
    |datamem_83_V_fu_1142      |  10|   10|          0|
    |datamem_84_V_fu_1146      |  10|   10|          0|
    |datamem_85_V_fu_1150      |  10|   10|          0|
    |datamem_86_V_fu_1154      |  10|   10|          0|
    |datamem_87_V_fu_1158      |  10|   10|          0|
    |datamem_88_V_fu_1162      |  10|   10|          0|
    |datamem_89_V_fu_1166      |  10|   10|          0|
    |datamem_8_V_fu_842        |  10|   10|          0|
    |datamem_90_V_fu_1170      |  10|   10|          0|
    |datamem_91_V_fu_1174      |  10|   10|          0|
    |datamem_92_V_fu_1178      |  10|   10|          0|
    |datamem_93_V_fu_1182      |  10|   10|          0|
    |datamem_94_V_fu_1186      |  10|   10|          0|
    |datamem_95_V_fu_1190      |  10|   10|          0|
    |datamem_96_V_fu_1194      |  10|   10|          0|
    |datamem_97_V_fu_1198      |  10|   10|          0|
    |datamem_98_V_fu_1202      |  10|   10|          0|
    |datamem_99_V_fu_1206      |  10|   10|          0|
    |datamem_9_V_fu_846        |  10|   10|          0|
    |i_reg_1341                |   8|    8|          0|
    |ref_points_0_V_fu_302     |  10|   10|          0|
    |ref_points_100_V_fu_702   |  10|   10|          0|
    |ref_points_101_V_fu_706   |  10|   10|          0|
    |ref_points_102_V_fu_710   |  10|   10|          0|
    |ref_points_103_V_fu_714   |  10|   10|          0|
    |ref_points_104_V_fu_718   |  10|   10|          0|
    |ref_points_105_V_fu_722   |  10|   10|          0|
    |ref_points_106_V_fu_726   |  10|   10|          0|
    |ref_points_107_V_fu_730   |  10|   10|          0|
    |ref_points_108_V_fu_734   |  10|   10|          0|
    |ref_points_109_V_fu_738   |  10|   10|          0|
    |ref_points_10_V_fu_342    |  10|   10|          0|
    |ref_points_110_V_fu_742   |  10|   10|          0|
    |ref_points_111_V_fu_746   |  10|   10|          0|
    |ref_points_112_V_fu_750   |  10|   10|          0|
    |ref_points_113_V_fu_754   |  10|   10|          0|
    |ref_points_114_V_fu_758   |  10|   10|          0|
    |ref_points_115_V_fu_762   |  10|   10|          0|
    |ref_points_116_V_fu_766   |  10|   10|          0|
    |ref_points_117_V_fu_770   |  10|   10|          0|
    |ref_points_118_V_fu_774   |  10|   10|          0|
    |ref_points_119_V_fu_778   |  10|   10|          0|
    |ref_points_11_V_fu_346    |  10|   10|          0|
    |ref_points_120_V_fu_782   |  10|   10|          0|
    |ref_points_121_V_fu_786   |  10|   10|          0|
    |ref_points_122_V_fu_790   |  10|   10|          0|
    |ref_points_123_V_fu_794   |  10|   10|          0|
    |ref_points_124_V_fu_798   |  10|   10|          0|
    |ref_points_125_V_fu_802   |  10|   10|          0|
    |ref_points_126_V_fu_806   |  10|   10|          0|
    |ref_points_127_V_fu_810   |  10|   10|          0|
    |ref_points_12_V_fu_350    |  10|   10|          0|
    |ref_points_13_V_fu_354    |  10|   10|          0|
    |ref_points_14_V_fu_358    |  10|   10|          0|
    |ref_points_15_V_fu_362    |  10|   10|          0|
    |ref_points_16_V_fu_366    |  10|   10|          0|
    |ref_points_17_V_fu_370    |  10|   10|          0|
    |ref_points_18_V_fu_374    |  10|   10|          0|
    |ref_points_19_V_fu_378    |  10|   10|          0|
    |ref_points_1_V_fu_306     |  10|   10|          0|
    |ref_points_20_V_fu_382    |  10|   10|          0|
    |ref_points_21_V_fu_386    |  10|   10|          0|
    |ref_points_22_V_fu_390    |  10|   10|          0|
    |ref_points_23_V_fu_394    |  10|   10|          0|
    |ref_points_24_V_fu_398    |  10|   10|          0|
    |ref_points_25_V_fu_402    |  10|   10|          0|
    |ref_points_26_V_fu_406    |  10|   10|          0|
    |ref_points_27_V_fu_410    |  10|   10|          0|
    |ref_points_28_V_fu_414    |  10|   10|          0|
    |ref_points_29_V_fu_418    |  10|   10|          0|
    |ref_points_2_V_fu_310     |  10|   10|          0|
    |ref_points_30_V_fu_422    |  10|   10|          0|
    |ref_points_31_V_fu_426    |  10|   10|          0|
    |ref_points_32_V_fu_430    |  10|   10|          0|
    |ref_points_33_V_fu_434    |  10|   10|          0|
    |ref_points_34_V_fu_438    |  10|   10|          0|
    |ref_points_35_V_fu_442    |  10|   10|          0|
    |ref_points_36_V_fu_446    |  10|   10|          0|
    |ref_points_37_V_fu_450    |  10|   10|          0|
    |ref_points_38_V_fu_454    |  10|   10|          0|
    |ref_points_39_V_fu_458    |  10|   10|          0|
    |ref_points_3_V_fu_314     |  10|   10|          0|
    |ref_points_40_V_fu_462    |  10|   10|          0|
    |ref_points_41_V_fu_466    |  10|   10|          0|
    |ref_points_42_V_fu_470    |  10|   10|          0|
    |ref_points_43_V_fu_474    |  10|   10|          0|
    |ref_points_44_V_fu_478    |  10|   10|          0|
    |ref_points_45_V_fu_482    |  10|   10|          0|
    |ref_points_46_V_fu_486    |  10|   10|          0|
    |ref_points_47_V_fu_490    |  10|   10|          0|
    |ref_points_48_V_fu_494    |  10|   10|          0|
    |ref_points_49_V_fu_498    |  10|   10|          0|
    |ref_points_4_V_fu_318     |  10|   10|          0|
    |ref_points_50_V_fu_502    |  10|   10|          0|
    |ref_points_51_V_fu_506    |  10|   10|          0|
    |ref_points_52_V_fu_510    |  10|   10|          0|
    |ref_points_53_V_fu_514    |  10|   10|          0|
    |ref_points_54_V_fu_518    |  10|   10|          0|
    |ref_points_55_V_fu_522    |  10|   10|          0|
    |ref_points_56_V_fu_526    |  10|   10|          0|
    |ref_points_57_V_fu_530    |  10|   10|          0|
    |ref_points_58_V_fu_534    |  10|   10|          0|
    |ref_points_59_V_fu_538    |  10|   10|          0|
    |ref_points_5_V_fu_322     |  10|   10|          0|
    |ref_points_60_V_fu_542    |  10|   10|          0|
    |ref_points_61_V_fu_546    |  10|   10|          0|
    |ref_points_62_V_fu_550    |  10|   10|          0|
    |ref_points_63_V_fu_554    |  10|   10|          0|
    |ref_points_64_V_fu_558    |  10|   10|          0|
    |ref_points_65_V_fu_562    |  10|   10|          0|
    |ref_points_66_V_fu_566    |  10|   10|          0|
    |ref_points_67_V_fu_570    |  10|   10|          0|
    |ref_points_68_V_fu_574    |  10|   10|          0|
    |ref_points_69_V_fu_578    |  10|   10|          0|
    |ref_points_6_V_fu_326     |  10|   10|          0|
    |ref_points_70_V_fu_582    |  10|   10|          0|
    |ref_points_71_V_fu_586    |  10|   10|          0|
    |ref_points_72_V_fu_590    |  10|   10|          0|
    |ref_points_73_V_fu_594    |  10|   10|          0|
    |ref_points_74_V_fu_598    |  10|   10|          0|
    |ref_points_75_V_fu_602    |  10|   10|          0|
    |ref_points_76_V_fu_606    |  10|   10|          0|
    |ref_points_77_V_fu_610    |  10|   10|          0|
    |ref_points_78_V_fu_614    |  10|   10|          0|
    |ref_points_79_V_fu_618    |  10|   10|          0|
    |ref_points_7_V_fu_330     |  10|   10|          0|
    |ref_points_80_V_fu_622    |  10|   10|          0|
    |ref_points_81_V_fu_626    |  10|   10|          0|
    |ref_points_82_V_fu_630    |  10|   10|          0|
    |ref_points_83_V_fu_634    |  10|   10|          0|
    |ref_points_84_V_fu_638    |  10|   10|          0|
    |ref_points_85_V_fu_642    |  10|   10|          0|
    |ref_points_86_V_fu_646    |  10|   10|          0|
    |ref_points_87_V_fu_650    |  10|   10|          0|
    |ref_points_88_V_fu_654    |  10|   10|          0|
    |ref_points_89_V_fu_658    |  10|   10|          0|
    |ref_points_8_V_fu_334     |  10|   10|          0|
    |ref_points_90_V_fu_662    |  10|   10|          0|
    |ref_points_91_V_fu_666    |  10|   10|          0|
    |ref_points_92_V_fu_670    |  10|   10|          0|
    |ref_points_93_V_fu_674    |  10|   10|          0|
    |ref_points_94_V_fu_678    |  10|   10|          0|
    |ref_points_95_V_fu_682    |  10|   10|          0|
    |ref_points_96_V_fu_686    |  10|   10|          0|
    |ref_points_97_V_fu_690    |  10|   10|          0|
    |ref_points_98_V_fu_694    |  10|   10|          0|
    |ref_points_99_V_fu_698    |  10|   10|          0|
    |ref_points_9_V_fu_338     |  10|   10|          0|
    |tmp106_reg_12030          |  13|   13|          0|
    |tmp114_reg_12035          |  13|   13|          0|
    |tmp121_reg_12040          |  13|   13|          0|
    |tmp12_reg_11970           |  13|   13|          0|
    |tmp20_reg_11975           |  13|   13|          0|
    |tmp27_reg_11980           |  13|   13|          0|
    |tmp36_reg_11985           |  13|   13|          0|
    |tmp43_reg_11990           |  13|   13|          0|
    |tmp51_reg_11995           |  13|   13|          0|
    |tmp58_reg_12000           |  13|   13|          0|
    |tmp68_reg_12005           |  13|   13|          0|
    |tmp6_reg_11960            |  12|   12|          0|
    |tmp75_reg_12010           |  13|   13|          0|
    |tmp83_reg_12015           |  13|   13|          0|
    |tmp90_reg_12020           |  13|   13|          0|
    |tmp99_reg_12025           |  13|   13|          0|
    |tmp9_reg_11965            |  12|   12|          0|
    |tmp_2_100_cast_reg_11825  |  10|   11|          1|
    |tmp_2_101_cast_reg_11830  |  10|   11|          1|
    |tmp_2_102_cast_reg_11835  |  10|   11|          1|
    |tmp_2_103_cast_reg_11840  |  10|   11|          1|
    |tmp_2_104_cast_reg_11845  |  10|   11|          1|
    |tmp_2_105_cast_reg_11850  |  10|   11|          1|
    |tmp_2_106_cast_reg_11855  |  10|   11|          1|
    |tmp_2_107_cast_reg_11860  |  10|   11|          1|
    |tmp_2_108_cast_reg_11865  |  10|   11|          1|
    |tmp_2_109_cast_reg_11870  |  10|   11|          1|
    |tmp_2_10_cast_reg_11375   |  10|   11|          1|
    |tmp_2_110_cast_reg_11875  |  10|   11|          1|
    |tmp_2_111_cast_reg_11880  |  10|   11|          1|
    |tmp_2_112_cast_reg_11885  |  10|   11|          1|
    |tmp_2_113_cast_reg_11890  |  10|   11|          1|
    |tmp_2_114_cast_reg_11895  |  10|   11|          1|
    |tmp_2_115_cast_reg_11900  |  10|   11|          1|
    |tmp_2_116_cast_reg_11905  |  10|   11|          1|
    |tmp_2_117_cast_reg_11910  |  10|   11|          1|
    |tmp_2_118_cast_reg_11915  |  10|   11|          1|
    |tmp_2_119_cast_reg_11920  |  10|   11|          1|
    |tmp_2_11_cast_reg_11380   |  10|   11|          1|
    |tmp_2_120_cast_reg_11925  |  10|   11|          1|
    |tmp_2_121_cast_reg_11930  |  10|   11|          1|
    |tmp_2_122_cast_reg_11935  |  10|   11|          1|
    |tmp_2_123_cast_reg_11940  |  10|   11|          1|
    |tmp_2_124_cast_reg_11945  |  10|   11|          1|
    |tmp_2_125_cast_reg_11950  |  10|   11|          1|
    |tmp_2_126_cast_reg_11955  |  10|   11|          1|
    |tmp_2_12_cast_reg_11385   |  10|   11|          1|
    |tmp_2_13_cast_reg_11390   |  10|   11|          1|
    |tmp_2_14_cast_reg_11395   |  10|   11|          1|
    |tmp_2_15_cast_reg_11400   |  10|   11|          1|
    |tmp_2_16_cast_reg_11405   |  10|   11|          1|
    |tmp_2_17_cast_reg_11410   |  10|   11|          1|
    |tmp_2_18_cast_reg_11415   |  10|   11|          1|
    |tmp_2_19_cast_reg_11420   |  10|   11|          1|
    |tmp_2_1_cast_reg_11325    |  10|   11|          1|
    |tmp_2_20_cast_reg_11425   |  10|   11|          1|
    |tmp_2_21_cast_reg_11430   |  10|   11|          1|
    |tmp_2_22_cast_reg_11435   |  10|   11|          1|
    |tmp_2_23_cast_reg_11440   |  10|   11|          1|
    |tmp_2_24_cast_reg_11445   |  10|   11|          1|
    |tmp_2_25_cast_reg_11450   |  10|   11|          1|
    |tmp_2_26_cast_reg_11455   |  10|   11|          1|
    |tmp_2_27_cast_reg_11460   |  10|   11|          1|
    |tmp_2_28_cast_reg_11465   |  10|   11|          1|
    |tmp_2_29_cast_reg_11470   |  10|   11|          1|
    |tmp_2_2_cast_reg_11330    |  10|   11|          1|
    |tmp_2_30_cast_reg_11475   |  10|   11|          1|
    |tmp_2_31_cast_reg_11480   |  10|   11|          1|
    |tmp_2_32_cast_reg_11485   |  10|   11|          1|
    |tmp_2_33_cast_reg_11490   |  10|   11|          1|
    |tmp_2_34_cast_reg_11495   |  10|   11|          1|
    |tmp_2_35_cast_reg_11500   |  10|   11|          1|
    |tmp_2_36_cast_reg_11505   |  10|   11|          1|
    |tmp_2_37_cast_reg_11510   |  10|   11|          1|
    |tmp_2_38_cast_reg_11515   |  10|   11|          1|
    |tmp_2_39_cast_reg_11520   |  10|   11|          1|
    |tmp_2_3_cast_reg_11335    |  10|   11|          1|
    |tmp_2_40_cast_reg_11525   |  10|   11|          1|
    |tmp_2_41_cast_reg_11530   |  10|   11|          1|
    |tmp_2_42_cast_reg_11535   |  10|   11|          1|
    |tmp_2_43_cast_reg_11540   |  10|   11|          1|
    |tmp_2_44_cast_reg_11545   |  10|   11|          1|
    |tmp_2_45_cast_reg_11550   |  10|   11|          1|
    |tmp_2_46_cast_reg_11555   |  10|   11|          1|
    |tmp_2_47_cast_reg_11560   |  10|   11|          1|
    |tmp_2_48_cast_reg_11565   |  10|   11|          1|
    |tmp_2_49_cast_reg_11570   |  10|   11|          1|
    |tmp_2_4_cast_reg_11340    |  10|   11|          1|
    |tmp_2_50_cast_reg_11575   |  10|   11|          1|
    |tmp_2_51_cast_reg_11580   |  10|   11|          1|
    |tmp_2_52_cast_reg_11585   |  10|   11|          1|
    |tmp_2_53_cast_reg_11590   |  10|   11|          1|
    |tmp_2_54_cast_reg_11595   |  10|   11|          1|
    |tmp_2_55_cast_reg_11600   |  10|   11|          1|
    |tmp_2_56_cast_reg_11605   |  10|   11|          1|
    |tmp_2_57_cast_reg_11610   |  10|   11|          1|
    |tmp_2_58_cast_reg_11615   |  10|   11|          1|
    |tmp_2_59_cast_reg_11620   |  10|   11|          1|
    |tmp_2_5_cast_reg_11345    |  10|   11|          1|
    |tmp_2_60_cast_reg_11625   |  10|   11|          1|
    |tmp_2_61_cast_reg_11630   |  10|   11|          1|
    |tmp_2_62_cast_reg_11635   |  10|   11|          1|
    |tmp_2_63_cast_reg_11640   |  10|   11|          1|
    |tmp_2_64_cast_reg_11645   |  10|   11|          1|
    |tmp_2_65_cast_reg_11650   |  10|   11|          1|
    |tmp_2_66_cast_reg_11655   |  10|   11|          1|
    |tmp_2_67_cast_reg_11660   |  10|   11|          1|
    |tmp_2_68_cast_reg_11665   |  10|   11|          1|
    |tmp_2_69_cast_reg_11670   |  10|   11|          1|
    |tmp_2_6_cast_reg_11350    |  10|   11|          1|
    |tmp_2_70_cast_reg_11675   |  10|   11|          1|
    |tmp_2_71_cast_reg_11680   |  10|   11|          1|
    |tmp_2_72_cast_reg_11685   |  10|   11|          1|
    |tmp_2_73_cast_reg_11690   |  10|   11|          1|
    |tmp_2_74_cast_reg_11695   |  10|   11|          1|
    |tmp_2_75_cast_reg_11700   |  10|   11|          1|
    |tmp_2_76_cast_reg_11705   |  10|   11|          1|
    |tmp_2_77_cast_reg_11710   |  10|   11|          1|
    |tmp_2_78_cast_reg_11715   |  10|   11|          1|
    |tmp_2_79_cast_reg_11720   |  10|   11|          1|
    |tmp_2_7_cast_reg_11355    |  10|   11|          1|
    |tmp_2_80_cast_reg_11725   |  10|   11|          1|
    |tmp_2_81_cast_reg_11730   |  10|   11|          1|
    |tmp_2_82_cast_reg_11735   |  10|   11|          1|
    |tmp_2_83_cast_reg_11740   |  10|   11|          1|
    |tmp_2_84_cast_reg_11745   |  10|   11|          1|
    |tmp_2_85_cast_reg_11750   |  10|   11|          1|
    |tmp_2_86_cast_reg_11755   |  10|   11|          1|
    |tmp_2_87_cast_reg_11760   |  10|   11|          1|
    |tmp_2_88_cast_reg_11765   |  10|   11|          1|
    |tmp_2_89_cast_reg_11770   |  10|   11|          1|
    |tmp_2_8_cast_reg_11360    |  10|   11|          1|
    |tmp_2_90_cast_reg_11775   |  10|   11|          1|
    |tmp_2_91_cast_reg_11780   |  10|   11|          1|
    |tmp_2_92_cast_reg_11785   |  10|   11|          1|
    |tmp_2_93_cast_reg_11790   |  10|   11|          1|
    |tmp_2_94_cast_reg_11795   |  10|   11|          1|
    |tmp_2_95_cast_reg_11800   |  10|   11|          1|
    |tmp_2_96_cast_reg_11805   |  10|   11|          1|
    |tmp_2_97_cast_reg_11810   |  10|   11|          1|
    |tmp_2_98_cast_reg_11815   |  10|   11|          1|
    |tmp_2_99_cast_reg_11820   |  10|   11|          1|
    |tmp_2_9_cast_reg_11365    |  10|   11|          1|
    |tmp_2_cast_4_reg_11370    |  10|   11|          1|
    |tmp_2_cast_reg_11320      |  10|   11|          1|
    |totalsum_V_reg_12045      |  17|   17|          0|
    +--------------------------+----+-----+-----------+
    |Total                     |4079| 4207|        128|
    +--------------------------+----+-----+-----------+



================================================================
== Interface
================================================================
* Summary: 
+-------------------------+-----+-----+------------+-----------------+--------------+
|        RTL Ports        | Dir | Bits|  Protocol  |  Source Object  |    C Type    |
+-------------------------+-----+-----+------------+-----------------+--------------+
|ap_clk                   |  in |    1| ap_ctrl_hs |       sad       | return value |
|ap_rst                   |  in |    1| ap_ctrl_hs |       sad       | return value |
|ap_start                 |  in |    1| ap_ctrl_hs |       sad       | return value |
|ap_done                  | out |    1| ap_ctrl_hs |       sad       | return value |
|ap_idle                  | out |    1| ap_ctrl_hs |       sad       | return value |
|ap_ready                 | out |    1| ap_ctrl_hs |       sad       | return value |
|max_points_V             |  in |    7|  ap_stable |   max_points_V  |    scalar    |
|ref_points_in_V_dout     |  in |   10|   ap_fifo  | ref_points_in_V |    pointer   |
|ref_points_in_V_empty_n  |  in |    1|   ap_fifo  | ref_points_in_V |    pointer   |
|ref_points_in_V_read     | out |    1|   ap_fifo  | ref_points_in_V |    pointer   |
|datain_V_dout            |  in |   10|   ap_fifo  |     datain_V    |    pointer   |
|datain_V_empty_n         |  in |    1|   ap_fifo  |     datain_V    |    pointer   |
|datain_V_read            | out |    1|   ap_fifo  |     datain_V    |    pointer   |
|sumout_V_din             | out |   20|   ap_fifo  |     sumout_V    |    pointer   |
|sumout_V_full_n          |  in |    1|   ap_fifo  |     sumout_V    |    pointer   |
|sumout_V_write           | out |    1|   ap_fifo  |     sumout_V    |    pointer   |
+-------------------------+-----+-----+------------+-----------------+--------------+

