Archive member included because of file (symbol)

../../../../../../external/nrf_cc310/lib/libnrf_cc310_0.9.9.a(ssi_aes.c.obj)
                              _build/nrf52840_xxaa/main.c.o (SaSi_AesInit)
../../../../../../external/nrf_cc310/lib/libnrf_cc310_0.9.9.a(sns_silib.c.obj)
                              _build/nrf52840_xxaa/main.c.o (SaSi_LibInit)
../../../../../../external/nrf_cc310/lib/libnrf_cc310_0.9.9.a(ssi_pal.c.obj)
                              ../../../../../../external/nrf_cc310/lib/libnrf_cc310_0.9.9.a(sns_silib.c.obj) (SaSi_PalInit)
../../../../../../external/nrf_cc310/lib/libnrf_cc310_0.9.9.a(ssi_pal_abort.c.obj)
                              ../../../../../../external/nrf_cc310/lib/libnrf_cc310_0.9.9.a(ssi_pal.c.obj) (SaSi_PalAbort)
../../../../../../external/nrf_cc310/lib/libnrf_cc310_0.9.9.a(ssi_pal_dma.c.obj)
                              ../../../../../../external/nrf_cc310/lib/libnrf_cc310_0.9.9.a(ssi_pal.c.obj) (SaSi_PalDmaInit)
../../../../../../external/nrf_cc310/lib/libnrf_cc310_0.9.9.a(ssi_pal_mem.c.obj)
                              ../../../../../../external/nrf_cc310/lib/libnrf_cc310_0.9.9.a(ssi_aes.c.obj) (SaSi_PalMemCopy)
../../../../../../external/nrf_cc310/lib/libnrf_cc310_0.9.9.a(ssi_pal_mutex.c.obj)
                              ../../../../../../external/nrf_cc310/lib/libnrf_cc310_0.9.9.a(ssi_pal.c.obj) (SaSi_PalMutexCreate)
../../../../../../external/nrf_cc310/lib/libnrf_cc310_0.9.9.a(ssi_hal.c.obj)
                              ../../../../../../external/nrf_cc310/lib/libnrf_cc310_0.9.9.a(sns_silib.c.obj) (SaSi_HalInit)
../../../../../../external/nrf_cc310/lib/libnrf_cc310_0.9.9.a(aes_driver.c.obj)
                              ../../../../../../external/nrf_cc310/lib/libnrf_cc310_0.9.9.a(ssi_aes.c.obj) (ProcessAes)
e:/arm/gnu_arm_tools_4.9 2014q4/bin/../lib/gcc/arm-none-eabi/4.9.3/../../../../arm-none-eabi/lib/armv7e-m/fpu\libc_nano.a(lib_a-exit.o)
                              e:/arm/gnu_arm_tools_4.9 2014q4/bin/../lib/gcc/arm-none-eabi/4.9.3/../../../../arm-none-eabi/lib/armv7e-m/fpu/crt0.o (exit)
e:/arm/gnu_arm_tools_4.9 2014q4/bin/../lib/gcc/arm-none-eabi/4.9.3/../../../../arm-none-eabi/lib/armv7e-m/fpu\libc_nano.a(lib_a-impure.o)
                              e:/arm/gnu_arm_tools_4.9 2014q4/bin/../lib/gcc/arm-none-eabi/4.9.3/../../../../arm-none-eabi/lib/armv7e-m/fpu\libc_nano.a(lib_a-exit.o) (_global_impure_ptr)
e:/arm/gnu_arm_tools_4.9 2014q4/bin/../lib/gcc/arm-none-eabi/4.9.3/../../../../arm-none-eabi/lib/armv7e-m/fpu\libc_nano.a(lib_a-init.o)
                              e:/arm/gnu_arm_tools_4.9 2014q4/bin/../lib/gcc/arm-none-eabi/4.9.3/../../../../arm-none-eabi/lib/armv7e-m/fpu/crt0.o (__libc_init_array)
e:/arm/gnu_arm_tools_4.9 2014q4/bin/../lib/gcc/arm-none-eabi/4.9.3/../../../../arm-none-eabi/lib/armv7e-m/fpu\libc_nano.a(lib_a-malloc.o)
                              ../../../../../../external/nrf_cc310/lib/libnrf_cc310_0.9.9.a(ssi_pal_mem.c.obj) (malloc)
e:/arm/gnu_arm_tools_4.9 2014q4/bin/../lib/gcc/arm-none-eabi/4.9.3/../../../../arm-none-eabi/lib/armv7e-m/fpu\libc_nano.a(lib_a-memcmp.o)
                              ../../../../../../external/nrf_cc310/lib/libnrf_cc310_0.9.9.a(ssi_pal_mem.c.obj) (memcmp)
e:/arm/gnu_arm_tools_4.9 2014q4/bin/../lib/gcc/arm-none-eabi/4.9.3/../../../../arm-none-eabi/lib/armv7e-m/fpu\libc_nano.a(lib_a-memcpy.o)
                              _build/nrf52840_xxaa/app_scheduler.c.o (memcpy)
e:/arm/gnu_arm_tools_4.9 2014q4/bin/../lib/gcc/arm-none-eabi/4.9.3/../../../../arm-none-eabi/lib/armv7e-m/fpu\libc_nano.a(lib_a-memmove.o)
                              ../../../../../../external/nrf_cc310/lib/libnrf_cc310_0.9.9.a(ssi_pal_mem.c.obj) (memmove)
e:/arm/gnu_arm_tools_4.9 2014q4/bin/../lib/gcc/arm-none-eabi/4.9.3/../../../../arm-none-eabi/lib/armv7e-m/fpu\libc_nano.a(lib_a-memset.o)
                              e:/arm/gnu_arm_tools_4.9 2014q4/bin/../lib/gcc/arm-none-eabi/4.9.3/../../../../arm-none-eabi/lib/armv7e-m/fpu/crt0.o (memset)
e:/arm/gnu_arm_tools_4.9 2014q4/bin/../lib/gcc/arm-none-eabi/4.9.3/../../../../arm-none-eabi/lib/armv7e-m/fpu\libc_nano.a(lib_a-nano-freer.o)
                              e:/arm/gnu_arm_tools_4.9 2014q4/bin/../lib/gcc/arm-none-eabi/4.9.3/../../../../arm-none-eabi/lib/armv7e-m/fpu\libc_nano.a(lib_a-malloc.o) (_free_r)
e:/arm/gnu_arm_tools_4.9 2014q4/bin/../lib/gcc/arm-none-eabi/4.9.3/../../../../arm-none-eabi/lib/armv7e-m/fpu\libc_nano.a(lib_a-nano-mallocr.o)
                              e:/arm/gnu_arm_tools_4.9 2014q4/bin/../lib/gcc/arm-none-eabi/4.9.3/../../../../arm-none-eabi/lib/armv7e-m/fpu\libc_nano.a(lib_a-malloc.o) (_malloc_r)
e:/arm/gnu_arm_tools_4.9 2014q4/bin/../lib/gcc/arm-none-eabi/4.9.3/../../../../arm-none-eabi/lib/armv7e-m/fpu\libc_nano.a(lib_a-realloc.o)
                              ../../../../../../external/nrf_cc310/lib/libnrf_cc310_0.9.9.a(ssi_pal_mem.c.obj) (realloc)
[...]
Memory Configuration

Name             Origin             Length             Attributes
FLASH            0x00000000         0x00100000         xr
RAM              0x20000000         0x00040000         xrw
*default*        0x00000000         0xffffffff

Linker script and memory map


.text           0x00000000     0x45f0
 *(.isr_vector)
 .isr_vector    0x00000000      0x200 _build/nrf52840_xxaa/gcc_startup_nrf52840.S.o
                0x00000000                __isr_vector
 *(.text*)
 .text          0x00000200       0x5c e:/arm/gnu_arm_tools_4.9 2014q4/bin/../lib/gcc/arm-none-eabi/4.9.3/armv7e-m/fpu/crtbegin.o
 .text          0x0000025c       0x74 e:/arm/gnu_arm_tools_4.9 2014q4/bin/../lib/gcc/arm-none-eabi/4.9.3/../../../../arm-none-eabi/lib/armv7e-m/fpu/crt0.o
                0x0000025c                _start
                0x0000025c                _mainCRTStartup
 .text          0x000002d0       0x3c _build/nrf52840_xxaa/gcc_startup_nrf52840.S.o
                0x000002d0                Reset_Handler
                0x000002f8                NMI_Handler
                0x000002fc                MemoryManagement_Handler
                0x000002fe                BusFault_Handler
                0x00000300                UsageFault_Handler
                0x00000302                SVC_Handler
                0x00000304                DebugMon_Handler
                0x00000306                PendSV_Handler
                0x00000308                SysTick_Handler
                0x0000030a                PDM_IRQHandler
                0x0000030a                TEMP_IRQHandler
                0x0000030a                QDEC_IRQHandler
                0x0000030a                TIMER3_IRQHandler
                0x0000030a                PWM3_IRQHandler
                0x0000030a                RTC0_IRQHandler
                0x0000030a                USBD_IRQHandler
                0x0000030a                SPIM0_SPIS0_TWIM0_TWIS0_SPI0_TWI0_IRQHandler
                0x0000030a                PWM1_IRQHandler
                0x0000030a                RADIO_IRQHandler
                0x0000030a                I2S_IRQHandler
                0x0000030a                SWI4_EGU4_IRQHandler
                0x0000030a                TIMER0_IRQHandler
                0x0000030a                FPU_IRQHandler
                0x0000030a                UARTE1_IRQHandler
                0x0000030a                TIMER1_IRQHandler
                0x0000030a                SPIM3_IRQHandler
                0x0000030a                PWM2_IRQHandler
                0x0000030a                ECB_IRQHandler
                0x0000030a                SPIM1_SPIS1_TWIM1_TWIS1_SPI1_TWI1_IRQHandler
                0x0000030a                Default_Handler
                0x0000030a                SAADC_IRQHandler
                0x0000030a                CCM_AAR_IRQHandler
                0x0000030a                WDT_IRQHandler
                0x0000030a                TIMER4_IRQHandler
                0x0000030a                SWI5_EGU5_IRQHandler
                0x0000030a                RNG_IRQHandler
                0x0000030a                RTC2_IRQHandler
                0x0000030a                PWM0_IRQHandler
                0x0000030a                SWI3_EGU3_IRQHandler
                0x0000030a                SWI1_EGU1_IRQHandler
                0x0000030a                SPIM2_SPIS2_SPI2_IRQHandler
                0x0000030a                NFCT_IRQHandler
                0x0000030a                SWI2_EGU2_IRQHandler
                0x0000030a                MWU_IRQHandler
                0x0000030a                TIMER2_IRQHandler
                0x0000030a                QSPI_IRQHandler
                0x0000030a                COMP_LPCOMP_IRQHandler
 .text.bsp_board_init
                0x0000030c       0x38 _build/nrf52840_xxaa/boards.c.o
                0x0000030c                bsp_board_init
 .text.app_error_save_and_stop
                0x00000344       0x64 _build/nrf52840_xxaa/app_error.c.o
                0x00000344                app_error_save_and_stop
 .text.app_error_handler
                0x000003a8       0x1c _build/nrf52840_xxaa/app_error_handler_gcc.c.o
                0x000003a8                app_error_handler
 .text.app_error_fault_handler
                0x000003c4       0x14 _build/nrf52840_xxaa/app_error_weak.c.o
                0x000003c4                app_error_fault_handler
 .text.RTC1_IRQHandler
                0x000003d8       0xa0 _build/nrf52840_xxaa/app_timer.c.o
                0x000003d8                RTC1_IRQHandler
 .text.SWI0_EGU0_IRQHandler
                0x00000478      0x394 _build/nrf52840_xxaa/app_timer.c.o
                0x00000478                SWI0_EGU0_IRQHandler
 .text.app_timer_init
                0x0000080c       0xb0 _build/nrf52840_xxaa/app_timer.c.o
                0x0000080c                app_timer_init
 .text.app_timer_create
                0x000008bc       0x24 _build/nrf52840_xxaa/app_timer.c.o
                0x000008bc                app_timer_create
 .text.app_timer_start
                0x000008e0       0xa8 _build/nrf52840_xxaa/app_timer.c.o
                0x000008e0                app_timer_start
 .text.app_timer_stop
                0x00000988       0x6c _build/nrf52840_xxaa/app_timer.c.o
                0x00000988                app_timer_stop
 .text.app_util_critical_region_enter
                0x000009f4       0x34 _build/nrf52840_xxaa/app_util_platform.c.o
                0x000009f4                app_util_critical_region_enter
 .text.app_util_critical_region_exit
                0x00000a28       0x34 _build/nrf52840_xxaa/app_util_platform.c.o
                0x00000a28                app_util_critical_region_exit
 .text.HardFault_Handler
                0x00000a5c       0x40 _build/nrf52840_xxaa/hardfault_handler_gcc.c.o
                0x00000a5c                HardFault_Handler
 .text.HardFault_process
                0x00000a9c       0x24 _build/nrf52840_xxaa/hardfault_implementation.c.o
                0x00000a9c                HardFault_process
 .text.HardFault_c_handler
                0x00000ac0       0x20 _build/nrf52840_xxaa/hardfault_implementation.c.o
                0x00000ac0                HardFault_c_handler
 .text.assert_nrf_callback
                0x00000ae0       0x1c _build/nrf52840_xxaa/nrf_assert.c.o
                0x00000ae0                assert_nrf_callback
 .text.nrf_atomic_u32_fetch_store
                0x00000afc       0x18 _build/nrf52840_xxaa/nrf_atomic.c.o
                0x00000afc                nrf_atomic_u32_fetch_store
 .text.queue_write
                0x00000b14       0xec _build/nrf52840_xxaa/nrf_queue.c.o
 .text.nrf_queue_in
                0x00000c00       0x94 _build/nrf52840_xxaa/nrf_queue.c.o
                0x00000c00                nrf_queue_in
 .text.nrf_queue_out
                0x00000c94       0xcc _build/nrf52840_xxaa/nrf_queue.c.o
                0x00000c94                nrf_queue_out
 .text.nrf_queue_reset
                0x00000d60       0x30 _build/nrf52840_xxaa/nrf_queue.c.o
                0x00000d60                nrf_queue_reset
 .text.serial_timeout_handler
                0x00000d90        0x8 _build/nrf52840_xxaa/nrf_serial.c.o
 .text.uart_event_handler
                0x00000d98       0xf0 _build/nrf52840_xxaa/nrf_serial.c.o
 .text.nrf_serial_init
                0x00000e88      0x148 _build/nrf52840_xxaa/nrf_serial.c.o
                0x00000e88                nrf_serial_init
 .text.nrf_serial_write
                0x00000fd0      0x234 _build/nrf52840_xxaa/nrf_serial.c.o
                0x00000fd0                nrf_serial_write
 .text.nrf_serial_read
                0x00001204      0x240 _build/nrf52840_xxaa/nrf_serial.c.o
                0x00001204                nrf_serial_read
 .text.nrf_drv_clock_init
                0x00001444       0x3c _build/nrf52840_xxaa/nrf_drv_clock.c.o
                0x00001444                nrf_drv_clock_init
 .text.nrf_drv_clock_lfclk_request
                0x00001480       0x84 _build/nrf52840_xxaa/nrf_drv_clock.c.o
                0x00001480                nrf_drv_clock_lfclk_request
 .text.nrf_drv_clock_hfclk_request
                0x00001504       0x84 _build/nrf52840_xxaa/nrf_drv_clock.c.o
                0x00001504                nrf_drv_clock_hfclk_request
 .text.clock_irq_handler
                0x00001588       0xc4 _build/nrf52840_xxaa/nrf_drv_clock.c.o
 .text.nrf_drv_clock_hfclk_is_running
                0x0000164c       0x34 _build/nrf52840_xxaa/nrf_drv_clock.c.o
                0x0000164c                nrf_drv_clock_hfclk_is_running
 .text.nrf_drv_power_init
                0x00001680       0x20 _build/nrf52840_xxaa/nrf_drv_power.c.o
                0x00001680                nrf_drv_power_init
 .text.uarte_evt_handler
                0x000016a0       0x34 _build/nrf52840_xxaa/nrf_drv_uart.c.o
 .text.uart_evt_handler
                0x000016d4       0x34 _build/nrf52840_xxaa/nrf_drv_uart.c.o
 .text.nrf_drv_uart_init
                0x00001708       0x8c _build/nrf52840_xxaa/nrf_drv_uart.c.o
                0x00001708                nrf_drv_uart_init
 .text.nrfx_clock_init
                0x00001794       0x30 _build/nrf52840_xxaa/nrfx_clock.c.o
                0x00001794                nrfx_clock_init
 .text.nrfx_clock_enable
                0x000017c4       0x48 _build/nrf52840_xxaa/nrfx_clock.c.o
                0x000017c4                nrfx_clock_enable
 .text.nrfx_clock_lfclk_start
                0x0000180c       0x44 _build/nrf52840_xxaa/nrfx_clock.c.o
                0x0000180c                nrfx_clock_lfclk_start
 .text.nrfx_clock_hfclk_start
                0x00001850       0x3c _build/nrf52840_xxaa/nrfx_clock.c.o
                0x00001850                nrfx_clock_hfclk_start
 .text.nrfx_clock_hfclk_stop
                0x0000188c       0x40 _build/nrf52840_xxaa/nrfx_clock.c.o
                0x0000188c                nrfx_clock_hfclk_stop
 .text.nrfx_clock_irq_handler
                0x000018cc       0xbc _build/nrf52840_xxaa/nrfx_clock.c.o
                0x000018cc                nrfx_clock_irq_handler
 .text.GPIOTE_IRQHandler
                0x00001988      0x350 _build/nrf52840_xxaa/nrfx_gpiote.c.o
                0x00001988                GPIOTE_IRQHandler
 .text.nrfx_power_init
                0x00001cd8       0x5c _build/nrf52840_xxaa/nrfx_power.c.o
                0x00001cd8                nrfx_power_init
 .text.nrfx_power_irq_handler
                0x00001d34      0x120 _build/nrf52840_xxaa/nrfx_power.c.o
                0x00001d34                nrfx_power_irq_handler
 .text.POWER_CLOCK_IRQHandler
                0x00001e54       0x10 _build/nrf52840_xxaa/nrfx_power_clock.c.o
                0x00001e54                POWER_CLOCK_IRQHandler
 .text.UARTE0_UART0_IRQHandler
                0x00001e64       0x28 _build/nrf52840_xxaa/nrfx_prs.c.o
                0x00001e64                UARTE0_UART0_IRQHandler
 .text.nrfx_prs_acquire
                0x00001e8c       0x5c _build/nrf52840_xxaa/nrfx_prs.c.o
                0x00001e8c                nrfx_prs_acquire
 .text.nrfx_uart_0_irq_handler
                0x00001ee8      0x1c8 _build/nrf52840_xxaa/nrfx_uart.c.o
                0x00001ee8                nrfx_uart_0_irq_handler
 .text.nrfx_uart_init
                0x000020b0      0x2b8 _build/nrf52840_xxaa/nrfx_uart.c.o
                0x000020b0                nrfx_uart_init
 .text.nrfx_uart_tx
                0x00002368      0x11c _build/nrf52840_xxaa/nrfx_uart.c.o
                0x00002368                nrfx_uart_tx
 .text.nrfx_uart_tx_in_progress
                0x00002484       0x18 _build/nrf52840_xxaa/nrfx_uart.c.o
                0x00002484                nrfx_uart_tx_in_progress
 .text.nrfx_uart_rx
                0x0000249c      0x1b0 _build/nrf52840_xxaa/nrfx_uart.c.o
                0x0000249c                nrfx_uart_rx
 .text.nrfx_uart_rx_ready
                0x0000264c       0x10 _build/nrf52840_xxaa/nrfx_uart.c.o
                0x0000264c                nrfx_uart_rx_ready
 .text.nrfx_uart_rx_enable
                0x0000265c       0x4c _build/nrf52840_xxaa/nrfx_uart.c.o
                0x0000265c                nrfx_uart_rx_enable
 .text.nrfx_uart_rx_abort
                0x000026a8       0x14 _build/nrf52840_xxaa/nrfx_uart.c.o
                0x000026a8                nrfx_uart_rx_abort
 .text.nrfx_uarte_0_irq_handler
                0x000026bc      0x134 _build/nrf52840_xxaa/nrfx_uarte.c.o
                0x000026bc                nrfx_uarte_0_irq_handler
 .text.nrfx_uarte_init
                0x000027f0      0x2d0 _build/nrf52840_xxaa/nrfx_uarte.c.o
                0x000027f0                nrfx_uarte_init
 .text.nrfx_uarte_tx
                0x00002ac0      0x118 _build/nrf52840_xxaa/nrfx_uarte.c.o
                0x00002ac0                nrfx_uarte_tx
 .text.nrfx_uarte_tx_in_progress
                0x00002bd8       0x1c _build/nrf52840_xxaa/nrfx_uarte.c.o
                0x00002bd8                nrfx_uarte_tx_in_progress
 .text.nrfx_uarte_rx
                0x00002bf4      0x1b4 _build/nrf52840_xxaa/nrfx_uarte.c.o
                0x00002bf4                nrfx_uarte_rx
 .text.nrfx_uarte_rx_ready
                0x00002da8       0x10 _build/nrf52840_xxaa/nrfx_uarte.c.o
                0x00002da8                nrfx_uarte_rx_ready
 .text.nrfx_uarte_rx_abort
                0x00002db8        0x8 _build/nrf52840_xxaa/nrfx_uarte.c.o
                0x00002db8                nrfx_uarte_rx_abort
 .text.get_key  0x00002dc0       0x24 _build/nrf52840_xxaa/main.c.o
                0x00002dc0                get_key
 .text.get_pt   0x00002de4       0x30 _build/nrf52840_xxaa/main.c.o
                0x00002de4                get_pt
 .text.startup.main
                0x00002e14      0x108 _build/nrf52840_xxaa/main.c.o
                0x00002e14                main
 .text.putch    0x00002f1c       0x24 _build/nrf52840_xxaa/main.c.o
                0x00002f1c                putch
 .text.getch    0x00002f40       0x28 _build/nrf52840_xxaa/main.c.o
                0x00002f40                getch
 .text.check_version
                0x00002f68        0x4 _build/nrf52840_xxaa/simpleserial.c.o
                0x00002f68                check_version
 .text.hex_decode
                0x00002f6c       0xa0 _build/nrf52840_xxaa/simpleserial.c.o
                0x00002f6c                hex_decode
 .text.simpleserial_init
                0x0000300c       0x34 _build/nrf52840_xxaa/simpleserial.c.o
                0x0000300c                simpleserial_init
 .text.simpleserial_addcmd
                0x00003040       0x38 _build/nrf52840_xxaa/simpleserial.c.o
                0x00003040                simpleserial_addcmd
 .text.simpleserial_get
                0x00003078      0x178 _build/nrf52840_xxaa/simpleserial.c.o
                0x00003078                simpleserial_get
 .text.simpleserial_put
                0x000031f0       0x40 _build/nrf52840_xxaa/simpleserial.c.o
                0x000031f0                simpleserial_put
 .text.SystemInit
                0x00003230      0x1c4 _build/nrf52840_xxaa/system_nrf52840.c.o
                0x00003230                SystemInit
 .text.SaSi_AesInit
                0x000033f4       0x7c ../../../../../../external/nrf_cc310/lib/libnrf_cc310_0.9.9.a(ssi_aes.c.obj)
                0x000033f4                SaSi_AesInit
 .text.SaSi_AesSetKey
                0x00003470       0x4c ../../../../../../external/nrf_cc310/lib/libnrf_cc310_0.9.9.a(ssi_aes.c.obj)
                0x00003470                SaSi_AesSetKey
 .text.SaSi_AesBlock
                0x000034bc       0x8c ../../../../../../external/nrf_cc310/lib/libnrf_cc310_0.9.9.a(ssi_aes.c.obj)
                0x000034bc                SaSi_AesBlock
 .text.SaSi_LibInit
                0x00003548       0x58 ../../../../../../external/nrf_cc310/lib/libnrf_cc310_0.9.9.a(sns_silib.c.obj)
                0x00003548                SaSi_LibInit
 .text.SaSi_PalInit
                0x000035a0       0x7c ../../../../../../external/nrf_cc310/lib/libnrf_cc310_0.9.9.a(ssi_pal.c.obj)
                0x000035a0                SaSi_PalInit
 .text.SaSi_PalTerminate
                0x0000361c       0x48 ../../../../../../external/nrf_cc310/lib/libnrf_cc310_0.9.9.a(ssi_pal.c.obj)
                0x0000361c                SaSi_PalTerminate
 .text.SaSi_PalAbort
                0x00003664       0x24 ../../../../../../external/nrf_cc310/lib/libnrf_cc310_0.9.9.a(ssi_pal_abort.c.obj)
                0x00003664                SaSi_PalAbort
 .text.SaSi_PalDmaInit
                0x00003688        0x4 ../../../../../../external/nrf_cc310/lib/libnrf_cc310_0.9.9.a(ssi_pal_dma.c.obj)
                0x00003688                SaSi_PalDmaInit
 .text.SaSi_PalDmaTerminate
                0x0000368c        0x4 ../../../../../../external/nrf_cc310/lib/libnrf_cc310_0.9.9.a(ssi_pal_dma.c.obj)
                0x0000368c                SaSi_PalDmaTerminate
 .text.SaSi_PalMemCopy
                0x00003690        0x4 ../../../../../../external/nrf_cc310/lib/libnrf_cc310_0.9.9.a(ssi_pal_mem.c.obj)
                0x00003690                SaSi_PalMemCopy
 .text.SaSi_PalMemSetZero
                0x00003694        0x8 ../../../../../../external/nrf_cc310/lib/libnrf_cc310_0.9.9.a(ssi_pal_mem.c.obj)
                0x00003694                SaSi_PalMemSetZero
 .text.SaSi_PalMutexCreate
                0x0000369c       0x1c ../../../../../../external/nrf_cc310/lib/libnrf_cc310_0.9.9.a(ssi_pal_mutex.c.obj)
                0x0000369c                SaSi_PalMutexCreate
 .text.SaSi_PalMutexDestroy
                0x000036b8       0x1c ../../../../../../external/nrf_cc310/lib/libnrf_cc310_0.9.9.a(ssi_pal_mutex.c.obj)
                0x000036b8                SaSi_PalMutexDestroy
 .text.SaSi_PalMutexLock
                0x000036d4       0x44 ../../../../../../external/nrf_cc310/lib/libnrf_cc310_0.9.9.a(ssi_pal_mutex.c.obj)
                0x000036d4                SaSi_PalMutexLock
 .text.SaSi_PalMutexUnlock
                0x00003718       0x24 ../../../../../../external/nrf_cc310/lib/libnrf_cc310_0.9.9.a(ssi_pal_mutex.c.obj)
                0x00003718                SaSi_PalMutexUnlock
 .text.SaSi_HalInit
                0x0000373c        0xc ../../../../../../external/nrf_cc310/lib/libnrf_cc310_0.9.9.a(ssi_hal.c.obj)
                0x0000373c                SaSi_HalInit
 .text.SaSi_HalTerminate
                0x00003748        0x4 ../../../../../../external/nrf_cc310/lib/libnrf_cc310_0.9.9.a(ssi_hal.c.obj)
                0x00003748                SaSi_HalTerminate
 .text.SaSi_HalClearInterruptBit
                0x0000374c        0xc ../../../../../../external/nrf_cc310/lib/libnrf_cc310_0.9.9.a(ssi_hal.c.obj)
                0x0000374c                SaSi_HalClearInterruptBit
 .text.SaSi_HalMaskInterrupt
                0x00003758        0xc ../../../../../../external/nrf_cc310/lib/libnrf_cc310_0.9.9.a(ssi_hal.c.obj)
                0x00003758                SaSi_HalMaskInterrupt
 .text.SaSi_HalWaitInterrupt
                0x00003764       0x68 ../../../../../../external/nrf_cc310/lib/libnrf_cc310_0.9.9.a(ssi_hal.c.obj)
                0x00003764                SaSi_HalWaitInterrupt
 .text.CRYPTOCELL_IRQHandler
                0x000037cc       0x40 ../../../../../../external/nrf_cc310/lib/libnrf_cc310_0.9.9.a(ssi_hal.c.obj)
                0x000037cc                CRYPTOCELL_IRQHandler
 .text.unlikely.InitAes.part.0
                0x0000380c       0xa0 ../../../../../../external/nrf_cc310/lib/libnrf_cc310_0.9.9.a(aes_driver.c.obj)
 .text.ProcessAes
                0x000038ac      0x1c4 ../../../../../../external/nrf_cc310/lib/libnrf_cc310_0.9.9.a(aes_driver.c.obj)
                0x000038ac                ProcessAes
 .text.exit     0x00003a70       0x28 e:/arm/gnu_arm_tools_4.9 2014q4/bin/../lib/gcc/arm-none-eabi/4.9.3/../../../../arm-none-eabi/lib/armv7e-m/fpu\libc_nano.a(lib_a-exit.o)
                0x00003a70                exit
 .text.__libc_init_array
                0x00003a98       0x4c e:/arm/gnu_arm_tools_4.9 2014q4/bin/../lib/gcc/arm-none-eabi/4.9.3/../../../../arm-none-eabi/lib/armv7e-m/fpu\libc_nano.a(lib_a-init.o)
                0x00003a98                __libc_init_array
 .text.memcpy   0x00003ae4       0x16 e:/arm/gnu_arm_tools_4.9 2014q4/bin/../lib/gcc/arm-none-eabi/4.9.3/../../../../arm-none-eabi/lib/armv7e-m/fpu\libc_nano.a(lib_a-memcpy.o)
                0x00003ae4                memcpy
 .text.memset   0x00003afa       0x10 e:/arm/gnu_arm_tools_4.9 2014q4/bin/../lib/gcc/arm-none-eabi/4.9.3/../../../../arm-none-eabi/lib/armv7e-m/fpu\libc_nano.a(lib_a-memset.o)
                0x00003afa                memset
 .text.strlen   0x00003b0a       0x10 e:/arm/gnu_arm_tools_4.9 2014q4/bin/../lib/gcc/arm-none-eabi/4.9.3/../../../../arm-none-eabi/lib/armv7e-m/fpu\libc_nano.a(lib_a-strlen.o)
                0x00003b0a                strlen
 *fill*         0x00003b1a        0x2 
 .text._exit    0x00003b1c        0x4 e:/arm/gnu_arm_tools_4.9 2014q4/bin/../lib/gcc/arm-none-eabi/4.9.3/../../../../arm-none-eabi/lib/armv7e-m/fpu\libnosys.a(_exit.o)
                0x00003b1c                _exit
 .text          0x00003b20       0x2c e:/arm/gnu_arm_tools_4.9 2014q4/bin/../lib/gcc/arm-none-eabi/4.9.3/armv7e-m/fpu\libgcc.a(_aeabi_uldivmod.o)
                0x00003b20                __aeabi_uldivmod
 .text          0x00003b4c       0x60 e:/arm/gnu_arm_tools_4.9 2014q4/bin/../lib/gcc/arm-none-eabi/4.9.3/armv7e-m/fpu\libgcc.a(bpabi.o)
                0x00003b4c                __gnu_ldivmod_helper
                0x00003b7c                __gnu_uldivmod_helper
 .text          0x00003bac        0x4 e:/arm/gnu_arm_tools_4.9 2014q4/bin/../lib/gcc/arm-none-eabi/4.9.3/armv7e-m/fpu\libgcc.a(_dvmd_tls.o)
                0x00003bac                __aeabi_idiv0
                0x00003bac                __aeabi_ldiv0
 .text          0x00003bb0      0x29c e:/arm/gnu_arm_tools_4.9 2014q4/bin/../lib/gcc/arm-none-eabi/4.9.3/armv7e-m/fpu\libgcc.a(_divdi3.o)
                0x00003bb0                __divdi3
 .text          0x00003e4c      0x26c e:/arm/gnu_arm_tools_4.9 2014q4/bin/../lib/gcc/arm-none-eabi/4.9.3/armv7e-m/fpu\libgcc.a(_udivdi3.o)
                0x00003e4c                __udivdi3
 *(.init)
 .init          0x000040b8        0x4 e:/arm/gnu_arm_tools_4.9 2014q4/bin/../lib/gcc/arm-none-eabi/4.9.3/armv7e-m/fpu/crti.o
                0x000040b8                _init
 .init          0x000040bc        0x8 e:/arm/gnu_arm_tools_4.9 2014q4/bin/../lib/gcc/arm-none-eabi/4.9.3/armv7e-m/fpu/crtn.o
 *(.fini)
 .fini          0x000040c4        0x4 e:/arm/gnu_arm_tools_4.9 2014q4/bin/../lib/gcc/arm-none-eabi/4.9.3/armv7e-m/fpu/crti.o
                0x000040c4                _fini
 .fini          0x000040c8        0x8 e:/arm/gnu_arm_tools_4.9 2014q4/bin/../lib/gcc/arm-none-eabi/4.9.3/armv7e-m/fpu/crtn.o
 *crtbegin.o(.ctors)
 *crtbegin?.o(.ctors)
 *(EXCLUDE_FILE(*crtend.o *crtend?.o) .ctors)
 *(SORT(.ctors.*))
 *(.ctors)
 *crtbegin.o(.dtors)
 *crtbegin?.o(.dtors)
 *(EXCLUDE_FILE(*crtend.o *crtend?.o) .dtors)
 *(SORT(.dtors.*))
 *(.dtors)
 *(.rodata*)
 .rodata.delay_bytecode.7311
                0x000040d0       0x10 _build/nrf52840_xxaa/app_timer.c.o
 .rodata.str1.4
                0x000040e0       0x40 _build/nrf52840_xxaa/app_util_platform.c.o
 .rodata.str1.4
                0x00004120       0x39 _build/nrf52840_xxaa/nrf_queue.c.o
                                 0x3c (size before relaxing)
 *fill*         0x00004159        0x3 
 .rodata.str1.4
                0x0000415c       0xad _build/nrf52840_xxaa/nrf_serial.c.o
                                 0xb0 (size before relaxing)
 *fill*         0x00004209        0x3 
 .rodata.str1.4
                0x0000420c       0x3a _build/nrf52840_xxaa/nrf_drv_clock.c.o
                                 0x3c (size before relaxing)
 *fill*         0x00004246        0x2 
 .rodata.m_drv_power_config_default
                0x00004248        0x4 _build/nrf52840_xxaa/nrf_drv_power.c.o
 .rodata.str1.4
                0x0000424c       0x38 _build/nrf52840_xxaa/nrfx_clock.c.o
 .rodata.str1.4
                0x00004284       0x6a _build/nrf52840_xxaa/nrfx_gpiote.c.o
                                 0x6c (size before relaxing)
 *fill*         0x000042ee        0x2 
 .rodata.str1.4
                0x000042f0       0x67 _build/nrf52840_xxaa/nrfx_power.c.o
                                 0x68 (size before relaxing)
 *fill*         0x00004357        0x1 
 .rodata.str1.4
                0x00004358       0x3a _build/nrf52840_xxaa/nrfx_prs.c.o
                                 0x3c (size before relaxing)
 *fill*         0x00004392        0x2 
 .rodata.str1.4
                0x00004394       0x67 _build/nrf52840_xxaa/nrfx_uart.c.o
                                 0x98 (size before relaxing)
 *fill*         0x000043fb        0x1 
 .rodata.str1.4
                0x000043fc       0x38 _build/nrf52840_xxaa/nrfx_uarte.c.o
                                 0x98 (size before relaxing)
 .rodata.serial_uart_rx_timer
                0x00004434        0x4 _build/nrf52840_xxaa/main.c.o
 .rodata.m_uart0_drv_config
                0x00004438       0x20 _build/nrf52840_xxaa/main.c.o
 .rodata.serial_config
                0x00004458       0x14 _build/nrf52840_xxaa/main.c.o
 .rodata.serial_uart
                0x0000446c       0x20 _build/nrf52840_xxaa/main.c.o
 .rodata.str1.4
                0x0000448c       0x10 _build/nrf52840_xxaa/main.c.o
 .rodata.serial_uart_tx_timer
                0x0000449c        0x4 _build/nrf52840_xxaa/main.c.o
 .rodata.hex_lookup
                0x000044a0       0x10 _build/nrf52840_xxaa/simpleserial.c.o
 .rodata.CSWTCH.6
                0x000044b0       0x18 ../../../../../../external/nrf_cc310/lib/libnrf_cc310_0.9.9.a(ssi_aes.c.obj)
 .rodata.SaSi_PalInit.str1.4
                0x000044c8       0x55 ../../../../../../external/nrf_cc310/lib/libnrf_cc310_0.9.9.a(ssi_pal.c.obj)
 *fill*         0x0000451d        0x3 
 .rodata.SaSi_PalMutexCreate.str1.4
                0x00004520       0x23 ../../../../../../external/nrf_cc310/lib/libnrf_cc310_0.9.9.a(ssi_pal_mutex.c.obj)
 *fill*         0x00004543        0x1 
 .rodata.SaSi_PalMutexLock.str1.4
                0x00004544       0x1d ../../../../../../external/nrf_cc310/lib/libnrf_cc310_0.9.9.a(ssi_pal_mutex.c.obj)
 *fill*         0x00004561        0x3 
 .rodata.SaSi_PalMutexUnlock.str1.4
                0x00004564       0x1f ../../../../../../external/nrf_cc310/lib/libnrf_cc310_0.9.9.a(ssi_pal_mutex.c.obj)
 *fill*         0x00004583        0x1 
 .rodata.SaSi_HalWaitInterrupt.str1.4
                0x00004584       0x2d ../../../../../../external/nrf_cc310/lib/libnrf_cc310_0.9.9.a(ssi_hal.c.obj)
 *fill*         0x000045b1        0x3 
 .rodata.ProcessAes.str1.4
                0x000045b4       0x30 ../../../../../../external/nrf_cc310/lib/libnrf_cc310_0.9.9.a(aes_driver.c.obj)
                                 0x2f (size before relaxing)
 .rodata.str1.1
                0x000045e4        0x2 e:/arm/gnu_arm_tools_4.9 2014q4/bin/../lib/gcc/arm-none-eabi/4.9.3/../../../../arm-none-eabi/lib/armv7e-m/fpu\libc_nano.a(lib_a-impure.o)
 *fill*         0x000045e6        0x2 
 .rodata._global_impure_ptr
                0x000045e8        0x4 e:/arm/gnu_arm_tools_4.9 2014q4/bin/../lib/gcc/arm-none-eabi/4.9.3/../../../../arm-none-eabi/lib/armv7e-m/fpu\libc_nano.a(lib_a-impure.o)
                0x000045e8                _global_impure_ptr
 *(.eh_frame*)
 .eh_frame      0x000045ec        0x0 e:/arm/gnu_arm_tools_4.9 2014q4/bin/../lib/gcc/arm-none-eabi/4.9.3/armv7e-m/fpu/crtbegin.o
 .eh_frame      0x000045ec        0x4 e:/arm/gnu_arm_tools_4.9 2014q4/bin/../lib/gcc/arm-none-eabi/4.9.3/armv7e-m/fpu/crtend.o

.glue_7         0x000045f0        0x0
 .glue_7        0x00000000        0x0 linker stubs

.glue_7t        0x000045f0        0x0
 .glue_7t       0x00000000        0x0 linker stubs

.vfp11_veneer   0x000045f0        0x0
 .vfp11_veneer  0x00000000        0x0 linker stubs

.v4_bx          0x000045f0        0x0
 .v4_bx         0x00000000        0x0 linker stubs

.iplt           0x000045f0        0x0
 .iplt          0x00000000        0x0 e:/arm/gnu_arm_tools_4.9 2014q4/bin/../lib/gcc/arm-none-eabi/4.9.3/armv7e-m/fpu/crtbegin.o

.mem_section_dummy_rom

.log_const_data
                0x000045f0        0x0
                0x000045f0                PROVIDE (__start_log_const_data, .)
 *(SORT(.log_const_data*))
                0x000045f0                PROVIDE (__stop_log_const_data, .)

.nrf_balloc     0x000045f0        0x0
                0x000045f0                PROVIDE (__start_nrf_balloc, .)
 *(.nrf_balloc)
                0x000045f0                PROVIDE (__stop_nrf_balloc, .)

.nrf_queue      0x000045f0        0x0
                0x000045f0                PROVIDE (__start_nrf_queue, .)
 *(.nrf_queue)
                0x000045f0                PROVIDE (__stop_nrf_queue, .)

.ARM.extab
 *(.ARM.extab* .gnu.linkonce.armextab.*)
                0x000045f0                __exidx_start = .

.ARM.exidx      0x000045f0        0x8
 *(.ARM.exidx* .gnu.linkonce.armexidx.*)
 .ARM.exidx     0x000045f0        0x8 e:/arm/gnu_arm_tools_4.9 2014q4/bin/../lib/gcc/arm-none-eabi/4.9.3/../../../../arm-none-eabi/lib/armv7e-m/fpu/crt0.o
 .ARM.exidx     0x000045f8        0x0 e:/arm/gnu_arm_tools_4.9 2014q4/bin/../lib/gcc/arm-none-eabi/4.9.3/armv7e-m/fpu\libgcc.a(_divdi3.o)
                                  0x8 (size before relaxing)
 .ARM.exidx     0x000045f8        0x0 e:/arm/gnu_arm_tools_4.9 2014q4/bin/../lib/gcc/arm-none-eabi/4.9.3/armv7e-m/fpu\libgcc.a(_udivdi3.o)
                                  0x8 (size before relaxing)
                0x000045f8                __exidx_end = .
                0x000045f8                __etext = .

.rel.dyn        0x000045f8        0x0
 .rel.iplt      0x00000000        0x0 e:/arm/gnu_arm_tools_4.9 2014q4/bin/../lib/gcc/arm-none-eabi/4.9.3/armv7e-m/fpu/crtbegin.o

.data           0x20000000       0x84 load address 0x000045f8
                0x20000000                __data_start__ = .
 *(vtable)
 *(.data*)
 .data.tx_message.9806
                0x20000000       0x14 _build/nrf52840_xxaa/main.c.o
 .data.SystemCoreClock
                0x20000014        0x4 _build/nrf52840_xxaa/system_nrf52840.c.o
                0x20000014                SystemCoreClock
 .data.impure_data
                0x20000018       0x60 e:/arm/gnu_arm_tools_4.9 2014q4/bin/../lib/gcc/arm-none-eabi/4.9.3/../../../../arm-none-eabi/lib/armv7e-m/fpu\libc_nano.a(lib_a-impure.o)
                0x20000078                . = ALIGN (0x4)
                0x20000078                PROVIDE (__preinit_array_start, .)
 *(.preinit_array)
                0x20000078                PROVIDE (__preinit_array_end, .)
                0x20000078                . = ALIGN (0x4)
                0x20000078                PROVIDE (__init_array_start, .)
 *(SORT(.init_array.*))
 *(.init_array)
 .init_array    0x20000078        0x4 e:/arm/gnu_arm_tools_4.9 2014q4/bin/../lib/gcc/arm-none-eabi/4.9.3/armv7e-m/fpu/crtbegin.o
                0x2000007c                PROVIDE (__init_array_end, .)
                0x2000007c                . = ALIGN (0x4)
                0x2000007c                PROVIDE (__fini_array_start, .)
 *(SORT(.fini_array.*))
 *(.fini_array)
 .fini_array    0x2000007c        0x4 e:/arm/gnu_arm_tools_4.9 2014q4/bin/../lib/gcc/arm-none-eabi/4.9.3/armv7e-m/fpu/crtbegin.o
                0x20000080                PROVIDE (__fini_array_end, .)
 *(.jcr*)
 .jcr           0x20000080        0x0 e:/arm/gnu_arm_tools_4.9 2014q4/bin/../lib/gcc/arm-none-eabi/4.9.3/armv7e-m/fpu/crtbegin.o
 .jcr           0x20000080        0x4 e:/arm/gnu_arm_tools_4.9 2014q4/bin/../lib/gcc/arm-none-eabi/4.9.3/armv7e-m/fpu/crtend.o
                0x20000084                . = ALIGN (0x4)
                0x20000084                __data_end__ = .
LOAD e:/arm/gnu_arm_tools_4.9 2014q4/bin/../lib/gcc/arm-none-eabi/4.9.3/armv7e-m/fpu/crti.o
LOAD e:/arm/gnu_arm_tools_4.9 2014q4/bin/../lib/gcc/arm-none-eabi/4.9.3/armv7e-m/fpu/crtbegin.o
LOAD e:/arm/gnu_arm_tools_4.9 2014q4/bin/../lib/gcc/arm-none-eabi/4.9.3/../../../../arm-none-eabi/lib/armv7e-m/fpu/crt0.o
LOAD _build/nrf52840_xxaa/gcc_startup_nrf52840.S.o
LOAD _build/nrf52840_xxaa/boards.c.o
LOAD _build/nrf52840_xxaa/app_button.c.o
LOAD _build/nrf52840_xxaa/app_error.c.o
LOAD _build/nrf52840_xxaa/app_error_handler_gcc.c.o
LOAD _build/nrf52840_xxaa/app_error_weak.c.o
LOAD _build/nrf52840_xxaa/app_scheduler.c.o
LOAD _build/nrf52840_xxaa/app_timer.c.o
LOAD _build/nrf52840_xxaa/app_util_platform.c.o
LOAD _build/nrf52840_xxaa/hardfault_handler_gcc.c.o
LOAD _build/nrf52840_xxaa/hardfault_implementation.c.o
LOAD _build/nrf52840_xxaa/nrf_assert.c.o
LOAD _build/nrf52840_xxaa/nrf_atomic.c.o
LOAD _build/nrf52840_xxaa/nrf_queue.c.o
LOAD _build/nrf52840_xxaa/nrf_serial.c.o
LOAD _build/nrf52840_xxaa/nrf_strerror.c.o
LOAD _build/nrf52840_xxaa/nrf_drv_clock.c.o
LOAD _build/nrf52840_xxaa/nrf_drv_power.c.o
LOAD _build/nrf52840_xxaa/nrf_drv_uart.c.o
LOAD _build/nrf52840_xxaa/nrf_nvic.c.o
LOAD _build/nrf52840_xxaa/nrf_soc.c.o
LOAD _build/nrf52840_xxaa/nrfx_clock.c.o
LOAD _build/nrf52840_xxaa/nrfx_gpiote.c.o
LOAD _build/nrf52840_xxaa/nrfx_power.c.o
LOAD _build/nrf52840_xxaa/nrfx_power_clock.c.o
LOAD _build/nrf52840_xxaa/nrfx_prs.c.o
LOAD _build/nrf52840_xxaa/nrfx_uart.c.o
LOAD _build/nrf52840_xxaa/nrfx_uarte.c.o
LOAD _build/nrf52840_xxaa/bsp.c.o
LOAD _build/nrf52840_xxaa/main.c.o
LOAD _build/nrf52840_xxaa/simpleserial.c.o
LOAD _build/nrf52840_xxaa/system_nrf52840.c.o
LOAD ../../../../../../external/nrf_cc310/lib/libnrf_cc310_0.9.9.a
LOAD e:/arm/gnu_arm_tools_4.9 2014q4/bin/../lib/gcc/arm-none-eabi/4.9.3/../../../../arm-none-eabi/lib/armv7e-m/fpu\libc_nano.a
LOAD e:/arm/gnu_arm_tools_4.9 2014q4/bin/../lib/gcc/arm-none-eabi/4.9.3/../../../../arm-none-eabi/lib/armv7e-m/fpu\libnosys.a
LOAD e:/arm/gnu_arm_tools_4.9 2014q4/bin/../lib/gcc/arm-none-eabi/4.9.3/../../../../arm-none-eabi/lib/armv7e-m/fpu\libm.a
START GROUP
LOAD e:/arm/gnu_arm_tools_4.9 2014q4/bin/../lib/gcc/arm-none-eabi/4.9.3/armv7e-m/fpu\libgcc.a
LOAD e:/arm/gnu_arm_tools_4.9 2014q4/bin/../lib/gcc/arm-none-eabi/4.9.3/../../../../arm-none-eabi/lib/armv7e-m/fpu\libg_nano.a
LOAD e:/arm/gnu_arm_tools_4.9 2014q4/bin/../lib/gcc/arm-none-eabi/4.9.3/../../../../arm-none-eabi/lib/armv7e-m/fpu\libc_nano.a
END GROUP
START GROUP
LOAD e:/arm/gnu_arm_tools_4.9 2014q4/bin/../lib/gcc/arm-none-eabi/4.9.3/armv7e-m/fpu\libgcc.a
LOAD e:/arm/gnu_arm_tools_4.9 2014q4/bin/../lib/gcc/arm-none-eabi/4.9.3/../../../../arm-none-eabi/lib/armv7e-m/fpu\libc_nano.a
END GROUP
LOAD e:/arm/gnu_arm_tools_4.9 2014q4/bin/../lib/gcc/arm-none-eabi/4.9.3/armv7e-m/fpu/crtend.o
LOAD e:/arm/gnu_arm_tools_4.9 2014q4/bin/../lib/gcc/arm-none-eabi/4.9.3/armv7e-m/fpu/crtn.o
START GROUP
LOAD e:/arm/gnu_arm_tools_4.9 2014q4/bin/../lib/gcc/arm-none-eabi/4.9.3/armv7e-m/fpu\libgcc.a
LOAD e:/arm/gnu_arm_tools_4.9 2014q4/bin/../lib/gcc/arm-none-eabi/4.9.3/../../../../arm-none-eabi/lib/armv7e-m/fpu\libc.a
LOAD e:/arm/gnu_arm_tools_4.9 2014q4/bin/../lib/gcc/arm-none-eabi/4.9.3/../../../../arm-none-eabi/lib/armv7e-m/fpu\libnosys.a
END GROUP

.igot.plt       0x20000084        0x0 load address 0x0000467c
 .igot.plt      0x00000000        0x0 e:/arm/gnu_arm_tools_4.9 2014q4/bin/../lib/gcc/arm-none-eabi/4.9.3/armv7e-m/fpu/crtbegin.o
                0x20000084                . = ALIGN (0x4)

.mem_section_dummy_ram

.log_dynamic_data
                0x20000084        0x0
                0x20000084                PROVIDE (__start_log_dynamic_data, .)
 *(SORT(.log_dynamic_data*))
                0x20000084                PROVIDE (__stop_log_dynamic_data, .)

.bss            0x20000084      0x3ac load address 0x0000467c
                0x20000084                . = ALIGN (0x4)
                0x20000084                __bss_start__ = .
 *(.bss*)
 .bss           0x20000084       0x1c e:/arm/gnu_arm_tools_4.9 2014q4/bin/../lib/gcc/arm-none-eabi/4.9.3/armv7e-m/fpu/crtbegin.o
 .bss.m_error_data.6769
                0x200000a0       0x20 _build/nrf52840_xxaa/app_error.c.o
 .bss.m_ticks_latest
                0x200000c0        0x4 _build/nrf52840_xxaa/app_timer.c.o
 .bss.mp_timer_id_head
                0x200000c4        0x4 _build/nrf52840_xxaa/app_timer.c.o
 .bss.m_ticks_elapsed_q_read_ind
                0x200000c8        0x1 _build/nrf52840_xxaa/app_timer.c.o
 .bss.m_ticks_elapsed_q_write_ind
                0x200000c9        0x1 _build/nrf52840_xxaa/app_timer.c.o
 .bss.m_rtc1_reset
                0x200000ca        0x1 _build/nrf52840_xxaa/app_timer.c.o
 *fill*         0x200000cb        0x1 
 .bss.m_op_queue
                0x200000cc      0x10c _build/nrf52840_xxaa/app_timer.c.o
 .bss.m_ticks_elapsed
                0x200001d8        0x8 _build/nrf52840_xxaa/app_timer.c.o
 .bss.m_rtc1_running
                0x200001e0        0x1 _build/nrf52840_xxaa/app_timer.c.o
 *fill*         0x200001e1        0x3 
 .bss.m_in_critical_region
                0x200001e4        0x4 _build/nrf52840_xxaa/app_util_platform.c.o
 .bss.m_clock_cb
                0x200001e8       0x24 _build/nrf52840_xxaa/nrf_drv_clock.c.o
 .bss.m_initialized
                0x2000020c        0x1 _build/nrf52840_xxaa/nrf_drv_power.c.o
 *fill*         0x2000020d        0x3 
 .bss.m_handlers
                0x20000210        0x8 _build/nrf52840_xxaa/nrf_drv_uart.c.o
 .bss.m_contexts
                0x20000218        0x8 _build/nrf52840_xxaa/nrf_drv_uart.c.o
 .bss.m_clock_cb
                0x20000220        0x8 _build/nrf52840_xxaa/nrfx_clock.c.o
 .bss.m_cb      0x20000228       0x6c _build/nrf52840_xxaa/nrfx_gpiote.c.o
 .bss.m_usbevt_handler
                0x20000294        0x4 _build/nrf52840_xxaa/nrfx_power.c.o
 .bss.m_pofwarn_handler
                0x20000298        0x4 _build/nrf52840_xxaa/nrfx_power.c.o
 .bss.m_sleepevt_handler
                0x2000029c        0x4 _build/nrf52840_xxaa/nrfx_power.c.o
 .bss.m_prs_box_4
                0x200002a0        0x8 _build/nrf52840_xxaa/nrfx_prs.c.o
 .bss.m_cb      0x200002a8       0x2c _build/nrf52840_xxaa/nrfx_uart.c.o
 .bss.m_cb      0x200002d4       0x24 _build/nrf52840_xxaa/nrfx_uarte.c.o
 .bss.serial_uart_rx_timer_data
                0x200002f8       0x20 _build/nrf52840_xxaa/main.c.o
 .bss.serial_uart_ctx
                0x20000318       0x10 _build/nrf52840_xxaa/main.c.o
 .bss.serial_uart_tx_timer_data
                0x20000328       0x20 _build/nrf52840_xxaa/main.c.o
 .bss.commands  0x20000348       0x78 _build/nrf52840_xxaa/simpleserial.c.o
 .bss.num_commands
                0x200003c0        0x4 _build/nrf52840_xxaa/simpleserial.c.o
 .bss.m_irr_sem
                0x200003c4        0x4 ../../../../../../external/nrf_cc310/lib/libnrf_cc310_0.9.9.a(ssi_hal.c.obj)
 *(COMMON)
 COMMON         0x200003c8        0x2 _build/nrf52840_xxaa/nrf_drv_uart.c.o
                0x200003c8                nrf_drv_uart_use_easy_dma
 COMMON         0x200003ca        0x1 _build/nrf52840_xxaa/nrfx_clock.c.o
                0x200003ca                nrfx_clock_irq_enabled
 COMMON         0x200003cb        0x1 _build/nrf52840_xxaa/nrfx_power.c.o
                0x200003cb                nrfx_power_irq_enabled
 COMMON         0x200003cc       0x4c _build/nrf52840_xxaa/main.c.o
                0x200003cc                ContextID
 COMMON         0x20000418       0x18 ../../../../../../external/nrf_cc310/lib/libnrf_cc310_0.9.9.a(ssi_pal.c.obj)
                0x20000418                pSaSiGenVecMutex
                0x2000041c                sasiRndCryptoMutex
                0x20000420                sasiAsymCryptoMutex
                0x20000424                sasiGenVecMutex
                0x20000428                pSaSiRndCryptoMutex
                0x2000042c                sasiSymCryptoMutex
                0x20000430                . = ALIGN (0x4)
                0x20000430                __bss_end__ = .

.heap           0x20000430     0x2000
                0x20000430                __HeapBase = .
                0x20000430                __end__ = .
                0x20000430                PROVIDE (end, .)
 *(.heap*)
 .heap          0x20000430     0x2000 _build/nrf52840_xxaa/gcc_startup_nrf52840.S.o
                0x20002430                __HeapLimit = .

.stack_dummy    0x20000430     0x2000
 *(.stack*)
 .stack         0x20000430     0x2000 _build/nrf52840_xxaa/gcc_startup_nrf52840.S.o
                0x20040000                __StackTop = (ORIGIN (RAM) + 0x40000)
                0x2003e000                __StackLimit = (__StackTop - SIZEOF (.stack_dummy))
                0x20040000                PROVIDE (__stack, __StackTop)
                0x00000001                ASSERT ((__StackLimit >= __HeapLimit), region RAM overflowed with stack)
                0x00000084                DataInitFlashUsed = (__bss_start__ - __data_start__)
                0x000045f8                CodeFlashUsed = (__etext - ORIGIN (FLASH))
                0x0000467c                TotalFlashUsed = (CodeFlashUsed + DataInitFlashUsed)
                0x00000001                ASSERT ((TotalFlashUsed <= 0x100000), region FLASH overflowed with .data and user data)
OUTPUT(_build/nrf52840_xxaa.out elf32-littlearm)

.ARM.attributes
                0x00000000       0x30
 .ARM.attributes
                0x00000000       0x22 e:/arm/gnu_arm_tools_4.9 2014q4/bin/../lib/gcc/arm-none-eabi/4.9.3/armv7e-m/fpu/crti.o
 .ARM.attributes
                0x00000022       0x34 e:/arm/gnu_arm_tools_4.9 2014q4/bin/../lib/gcc/arm-none-eabi/4.9.3/armv7e-m/fpu/crtbegin.o
 .ARM.attributes
                0x00000056       0x20 e:/arm/gnu_arm_tools_4.9 2014q4/bin/../lib/gcc/arm-none-eabi/4.9.3/../../../../arm-none-eabi/lib/armv7e-m/fpu/crt0.o
 .ARM.attributes
                0x00000076       0x20 _build/nrf52840_xxaa/gcc_startup_nrf52840.S.o
 .ARM.attributes
                0x00000096       0x39 _build/nrf52840_xxaa/boards.c.o
 .ARM.attributes
                0x000000cf       0x39 _build/nrf52840_xxaa/app_error.c.o
 .ARM.attributes
                0x00000108       0x39 _build/nrf52840_xxaa/app_error_handler_gcc.c.o
 .ARM.attributes
                0x00000141       0x39 _build/nrf52840_xxaa/app_error_weak.c.o
 .ARM.attributes
                0x0000017a       0x39 _build/nrf52840_xxaa/app_timer.c.o
 .ARM.attributes
                0x000001b3       0x39 _build/nrf52840_xxaa/app_util_platform.c.o
 .ARM.attributes
                0x000001ec       0x39 _build/nrf52840_xxaa/hardfault_handler_gcc.c.o
 .ARM.attributes
                0x00000225       0x39 _build/nrf52840_xxaa/hardfault_implementation.c.o
 .ARM.attributes
                0x0000025e       0x39 _build/nrf52840_xxaa/nrf_assert.c.o
 .ARM.attributes
                0x00000297       0x39 _build/nrf52840_xxaa/nrf_atomic.c.o
 .ARM.attributes
                0x000002d0       0x39 _build/nrf52840_xxaa/nrf_queue.c.o
 .ARM.attributes
                0x00000309       0x39 _build/nrf52840_xxaa/nrf_serial.c.o
 .ARM.attributes
                0x00000342       0x39 _build/nrf52840_xxaa/nrf_drv_clock.c.o
 .ARM.attributes
                0x0000037b       0x39 _build/nrf52840_xxaa/nrf_drv_power.c.o
 .ARM.attributes
                0x000003b4       0x39 _build/nrf52840_xxaa/nrf_drv_uart.c.o
 .ARM.attributes
                0x000003ed       0x39 _build/nrf52840_xxaa/nrfx_clock.c.o
 .ARM.attributes
                0x00000426       0x39 _build/nrf52840_xxaa/nrfx_gpiote.c.o
 .ARM.attributes
                0x0000045f       0x39 _build/nrf52840_xxaa/nrfx_power.c.o
 .ARM.attributes
                0x00000498       0x39 _build/nrf52840_xxaa/nrfx_power_clock.c.o
 .ARM.attributes
                0x000004d1       0x39 _build/nrf52840_xxaa/nrfx_prs.c.o
 .ARM.attributes
                0x0000050a       0x39 _build/nrf52840_xxaa/nrfx_uart.c.o
 .ARM.attributes
                0x00000543       0x39 _build/nrf52840_xxaa/nrfx_uarte.c.o
 .ARM.attributes
                0x0000057c       0x39 _build/nrf52840_xxaa/main.c.o
 .ARM.attributes
                0x000005b5       0x39 _build/nrf52840_xxaa/simpleserial.c.o
 .ARM.attributes
                0x000005ee       0x39 _build/nrf52840_xxaa/system_nrf52840.c.o
 .ARM.attributes
                0x00000627       0x39 ../../../../../../external/nrf_cc310/lib/libnrf_cc310_0.9.9.a(ssi_aes.c.obj)
 .ARM.attributes
                0x00000660       0x39 ../../../../../../external/nrf_cc310/lib/libnrf_cc310_0.9.9.a(sns_silib.c.obj)
 .ARM.attributes
                0x00000699       0x39 ../../../../../../external/nrf_cc310/lib/libnrf_cc310_0.9.9.a(ssi_pal.c.obj)
 .ARM.attributes
                0x000006d2       0x39 ../../../../../../external/nrf_cc310/lib/libnrf_cc310_0.9.9.a(ssi_pal_abort.c.obj)
 .ARM.attributes
                0x0000070b       0x39 ../../../../../../external/nrf_cc310/lib/libnrf_cc310_0.9.9.a(ssi_pal_dma.c.obj)
 .ARM.attributes
                0x00000744       0x39 ../../../../../../external/nrf_cc310/lib/libnrf_cc310_0.9.9.a(ssi_pal_mem.c.obj)
 .ARM.attributes
                0x0000077d       0x39 ../../../../../../external/nrf_cc310/lib/libnrf_cc310_0.9.9.a(ssi_pal_mutex.c.obj)
 .ARM.attributes
                0x000007b6       0x39 ../../../../../../external/nrf_cc310/lib/libnrf_cc310_0.9.9.a(ssi_hal.c.obj)
 .ARM.attributes
                0x000007ef       0x39 ../../../../../../external/nrf_cc310/lib/libnrf_cc310_0.9.9.a(aes_driver.c.obj)
 .ARM.attributes
                0x00000828       0x34 e:/arm/gnu_arm_tools_4.9 2014q4/bin/../lib/gcc/arm-none-eabi/4.9.3/../../../../arm-none-eabi/lib/armv7e-m/fpu\libc_nano.a(lib_a-exit.o)
 .ARM.attributes
                0x0000085c       0x34 e:/arm/gnu_arm_tools_4.9 2014q4/bin/../lib/gcc/arm-none-eabi/4.9.3/../../../../arm-none-eabi/lib/armv7e-m/fpu\libc_nano.a(lib_a-impure.o)
 .ARM.attributes
                0x00000890       0x34 e:/arm/gnu_arm_tools_4.9 2014q4/bin/../lib/gcc/arm-none-eabi/4.9.3/../../../../arm-none-eabi/lib/armv7e-m/fpu\libc_nano.a(lib_a-init.o)
 .ARM.attributes
                0x000008c4       0x34 e:/arm/gnu_arm_tools_4.9 2014q4/bin/../lib/gcc/arm-none-eabi/4.9.3/../../../../arm-none-eabi/lib/armv7e-m/fpu\libc_nano.a(lib_a-memcpy.o)
 .ARM.attributes
                0x000008f8       0x34 e:/arm/gnu_arm_tools_4.9 2014q4/bin/../lib/gcc/arm-none-eabi/4.9.3/../../../../arm-none-eabi/lib/armv7e-m/fpu\libc_nano.a(lib_a-memset.o)
 .ARM.attributes
                0x0000092c       0x34 e:/arm/gnu_arm_tools_4.9 2014q4/bin/../lib/gcc/arm-none-eabi/4.9.3/../../../../arm-none-eabi/lib/armv7e-m/fpu\libc_nano.a(lib_a-strlen.o)
 .ARM.attributes
                0x00000960       0x34 e:/arm/gnu_arm_tools_4.9 2014q4/bin/../lib/gcc/arm-none-eabi/4.9.3/../../../../arm-none-eabi/lib/armv7e-m/fpu\libnosys.a(_exit.o)
 .ARM.attributes
                0x00000994       0x22 e:/arm/gnu_arm_tools_4.9 2014q4/bin/../lib/gcc/arm-none-eabi/4.9.3/armv7e-m/fpu\libgcc.a(_aeabi_uldivmod.o)
 .ARM.attributes
                0x000009b6       0x34 e:/arm/gnu_arm_tools_4.9 2014q4/bin/../lib/gcc/arm-none-eabi/4.9.3/armv7e-m/fpu\libgcc.a(bpabi.o)
 .ARM.attributes
                0x000009ea       0x22 e:/arm/gnu_arm_tools_4.9 2014q4/bin/../lib/gcc/arm-none-eabi/4.9.3/armv7e-m/fpu\libgcc.a(_dvmd_tls.o)
 .ARM.attributes
                0x00000a0c       0x34 e:/arm/gnu_arm_tools_4.9 2014q4/bin/../lib/gcc/arm-none-eabi/4.9.3/armv7e-m/fpu\libgcc.a(_divdi3.o)
 .ARM.attributes
                0x00000a40       0x34 e:/arm/gnu_arm_tools_4.9 2014q4/bin/../lib/gcc/arm-none-eabi/4.9.3/armv7e-m/fpu\libgcc.a(_udivdi3.o)
 .ARM.attributes
                0x00000a74       0x34 e:/arm/gnu_arm_tools_4.9 2014q4/bin/../lib/gcc/arm-none-eabi/4.9.3/armv7e-m/fpu/crtend.o
 .ARM.attributes
                0x00000aa8       0x22 e:/arm/gnu_arm_tools_4.9 2014q4/bin/../lib/gcc/arm-none-eabi/4.9.3/armv7e-m/fpu/crtn.o

.comment        0x00000000       0xef
 .comment       0x00000000       0x70 _build/nrf52840_xxaa/boards.c.o
                                 0x71 (size before relaxing)
 .comment       0x00000000       0x71 _build/nrf52840_xxaa/app_error.c.o
 .comment       0x00000000       0x71 _build/nrf52840_xxaa/app_error_handler_gcc.c.o
 .comment       0x00000000       0x71 _build/nrf52840_xxaa/app_error_weak.c.o
 .comment       0x00000000       0x71 _build/nrf52840_xxaa/app_timer.c.o
 .comment       0x00000000       0x71 _build/nrf52840_xxaa/app_util_platform.c.o
 .comment       0x00000000       0x71 _build/nrf52840_xxaa/hardfault_handler_gcc.c.o
 .comment       0x00000000       0x71 _build/nrf52840_xxaa/hardfault_implementation.c.o
 .comment       0x00000000       0x71 _build/nrf52840_xxaa/nrf_assert.c.o
 .comment       0x00000000       0x71 _build/nrf52840_xxaa/nrf_atomic.c.o
 .comment       0x00000000       0x71 _build/nrf52840_xxaa/nrf_queue.c.o
 .comment       0x00000000       0x71 _build/nrf52840_xxaa/nrf_serial.c.o
 .comment       0x00000000       0x71 _build/nrf52840_xxaa/nrf_drv_clock.c.o
 .comment       0x00000000       0x71 _build/nrf52840_xxaa/nrf_drv_power.c.o
 .comment       0x00000000       0x71 _build/nrf52840_xxaa/nrf_drv_uart.c.o
 .comment       0x00000000       0x71 _build/nrf52840_xxaa/nrfx_clock.c.o
 .comment       0x00000000       0x71 _build/nrf52840_xxaa/nrfx_gpiote.c.o
 .comment       0x00000000       0x71 _build/nrf52840_xxaa/nrfx_power.c.o
 .comment       0x00000000       0x71 _build/nrf52840_xxaa/nrfx_power_clock.c.o
 .comment       0x00000000       0x71 _build/nrf52840_xxaa/nrfx_prs.c.o
 .comment       0x00000000       0x71 _build/nrf52840_xxaa/nrfx_uart.c.o
 .comment       0x00000000       0x71 _build/nrf52840_xxaa/nrfx_uarte.c.o
 .comment       0x00000000       0x71 _build/nrf52840_xxaa/main.c.o
 .comment       0x00000000       0x71 _build/nrf52840_xxaa/simpleserial.c.o
 .comment       0x00000000       0x71 _build/nrf52840_xxaa/system_nrf52840.c.o
 .comment       0x00000070       0x7f ../../../../../../external/nrf_cc310/lib/libnrf_cc310_0.9.9.a(ssi_aes.c.obj)
                                 0x80 (size before relaxing)
 .comment       0x00000000       0x80 ../../../../../../external/nrf_cc310/lib/libnrf_cc310_0.9.9.a(sns_silib.c.obj)
 .comment       0x00000000       0x80 ../../../../../../external/nrf_cc310/lib/libnrf_cc310_0.9.9.a(ssi_pal.c.obj)
 .comment       0x00000000       0x80 ../../../../../../external/nrf_cc310/lib/libnrf_cc310_0.9.9.a(ssi_pal_abort.c.obj)
 .comment       0x00000000       0x80 ../../../../../../external/nrf_cc310/lib/libnrf_cc310_0.9.9.a(ssi_pal_dma.c.obj)
 .comment       0x00000000       0x80 ../../../../../../external/nrf_cc310/lib/libnrf_cc310_0.9.9.a(ssi_pal_mem.c.obj)
 .comment       0x00000000       0x80 ../../../../../../external/nrf_cc310/lib/libnrf_cc310_0.9.9.a(ssi_pal_mutex.c.obj)
 .comment       0x00000000       0x80 ../../../../../../external/nrf_cc310/lib/libnrf_cc310_0.9.9.a(ssi_hal.c.obj)
 .comment       0x00000000       0x80 ../../../../../../external/nrf_cc310/lib/libnrf_cc310_0.9.9.a(aes_driver.c.obj)

.debug_line     0x00000000     0xdd8a
 .debug_line    0x00000000       0x89 _build/nrf52840_xxaa/gcc_startup_nrf52840.S.o
 .debug_line    0x00000089      0x802 _build/nrf52840_xxaa/boards.c.o
 .debug_line    0x0000088b      0x45e _build/nrf52840_xxaa/app_error.c.o
 .debug_line    0x00000ce9      0x4a1 _build/nrf52840_xxaa/app_error_handler_gcc.c.o
 .debug_line    0x0000118a      0x703 _build/nrf52840_xxaa/app_error_weak.c.o
 .debug_line    0x0000188d      0xb82 _build/nrf52840_xxaa/app_timer.c.o
 .debug_line    0x0000240f      0x520 _build/nrf52840_xxaa/app_util_platform.c.o
 .debug_line    0x0000292f      0x485 _build/nrf52840_xxaa/hardfault_handler_gcc.c.o
 .debug_line    0x00002db4      0x737 _build/nrf52840_xxaa/hardfault_implementation.c.o
 .debug_line    0x000034eb      0x42d _build/nrf52840_xxaa/nrf_assert.c.o
 .debug_line    0x00003918      0x610 _build/nrf52840_xxaa/nrf_atomic.c.o
 .debug_line    0x00003f28      0x9ee _build/nrf52840_xxaa/nrf_queue.c.o
 .debug_line    0x00004916      0xf43 _build/nrf52840_xxaa/nrf_serial.c.o
 .debug_line    0x00005859      0xaaa _build/nrf52840_xxaa/nrf_drv_clock.c.o
 .debug_line    0x00006303      0x7d0 _build/nrf52840_xxaa/nrf_drv_power.c.o
 .debug_line    0x00006ad3      0x708 _build/nrf52840_xxaa/nrf_drv_uart.c.o
 .debug_line    0x000071db      0xb6c _build/nrf52840_xxaa/nrfx_clock.c.o
 .debug_line    0x00007d47     0x161c _build/nrf52840_xxaa/nrfx_gpiote.c.o
 .debug_line    0x00009363      0x9ad _build/nrf52840_xxaa/nrfx_power.c.o
 .debug_line    0x00009d10      0x6d5 _build/nrf52840_xxaa/nrfx_power_clock.c.o
 .debug_line    0x0000a3e5      0x802 _build/nrf52840_xxaa/nrfx_prs.c.o
 .debug_line    0x0000abe7      0xf80 _build/nrf52840_xxaa/nrfx_uart.c.o
 .debug_line    0x0000bb67      0xf0b _build/nrf52840_xxaa/nrfx_uarte.c.o
 .debug_line    0x0000ca72      0xcf1 _build/nrf52840_xxaa/main.c.o
 .debug_line    0x0000d763      0x2b6 _build/nrf52840_xxaa/simpleserial.c.o
 .debug_line    0x0000da19      0x371 _build/nrf52840_xxaa/system_nrf52840.c.o

.debug_info     0x00000000    0x1b969
 .debug_info    0x00000000       0xd5 _build/nrf52840_xxaa/gcc_startup_nrf52840.S.o
 .debug_info    0x000000d5      0xb99 _build/nrf52840_xxaa/boards.c.o
 .debug_info    0x00000c6e      0x2d8 _build/nrf52840_xxaa/app_error.c.o
 .debug_info    0x00000f46      0x140 _build/nrf52840_xxaa/app_error_handler_gcc.c.o
 .debug_info    0x00001086      0x267 _build/nrf52840_xxaa/app_error_weak.c.o
 .debug_info    0x000012ed     0x1c78 _build/nrf52840_xxaa/app_timer.c.o
 .debug_info    0x00002f65      0x94a _build/nrf52840_xxaa/app_util_platform.c.o
 .debug_info    0x000038af       0xe2 _build/nrf52840_xxaa/hardfault_handler_gcc.c.o
 .debug_info    0x00003991      0x481 _build/nrf52840_xxaa/hardfault_implementation.c.o
 .debug_info    0x00003e12      0x193 _build/nrf52840_xxaa/nrf_assert.c.o
 .debug_info    0x00003fa5      0x8aa _build/nrf52840_xxaa/nrf_atomic.c.o
 .debug_info    0x0000484f     0x140b _build/nrf52840_xxaa/nrf_queue.c.o
 .debug_info    0x00005c5a     0x2b48 _build/nrf52840_xxaa/nrf_serial.c.o
 .debug_info    0x000087a2     0x10cd _build/nrf52840_xxaa/nrf_drv_clock.c.o
 .debug_info    0x0000986f      0x7e5 _build/nrf52840_xxaa/nrf_drv_power.c.o
 .debug_info    0x0000a054     0x1151 _build/nrf52840_xxaa/nrf_drv_uart.c.o
 .debug_info    0x0000b1a5     0x14de _build/nrf52840_xxaa/nrfx_clock.c.o
 .debug_info    0x0000c683     0x39bc _build/nrf52840_xxaa/nrfx_gpiote.c.o
 .debug_info    0x0001003f     0x17ef _build/nrf52840_xxaa/nrfx_power.c.o
 .debug_info    0x0001182e      0x10f _build/nrf52840_xxaa/nrfx_power_clock.c.o
 .debug_info    0x0001193d      0x7a9 _build/nrf52840_xxaa/nrfx_prs.c.o
 .debug_info    0x000120e6     0x31d2 _build/nrf52840_xxaa/nrfx_uart.c.o
 .debug_info    0x000152b8     0x2eec _build/nrf52840_xxaa/nrfx_uarte.c.o
 .debug_info    0x000181a4     0x1f46 _build/nrf52840_xxaa/main.c.o
 .debug_info    0x0001a0ea      0x4b1 _build/nrf52840_xxaa/simpleserial.c.o
 .debug_info    0x0001a59b     0x13ce _build/nrf52840_xxaa/system_nrf52840.c.o

.debug_abbrev   0x00000000     0x4258
 .debug_abbrev  0x00000000       0x14 _build/nrf52840_xxaa/gcc_startup_nrf52840.S.o
 .debug_abbrev  0x00000014      0x2e3 _build/nrf52840_xxaa/boards.c.o
 .debug_abbrev  0x000002f7      0x130 _build/nrf52840_xxaa/app_error.c.o
 .debug_abbrev  0x00000427       0x9c _build/nrf52840_xxaa/app_error_handler_gcc.c.o
 .debug_abbrev  0x000004c3      0x14a _build/nrf52840_xxaa/app_error_weak.c.o
 .debug_abbrev  0x0000060d      0x430 _build/nrf52840_xxaa/app_timer.c.o
 .debug_abbrev  0x00000a3d      0x28c _build/nrf52840_xxaa/app_util_platform.c.o
 .debug_abbrev  0x00000cc9       0x7b _build/nrf52840_xxaa/hardfault_handler_gcc.c.o
 .debug_abbrev  0x00000d44      0x19d _build/nrf52840_xxaa/hardfault_implementation.c.o
 .debug_abbrev  0x00000ee1       0xe5 _build/nrf52840_xxaa/nrf_assert.c.o
 .debug_abbrev  0x00000fc6      0x1b9 _build/nrf52840_xxaa/nrf_atomic.c.o
 .debug_abbrev  0x0000117f      0x302 _build/nrf52840_xxaa/nrf_queue.c.o
 .debug_abbrev  0x00001481      0x4bc _build/nrf52840_xxaa/nrf_serial.c.o
 .debug_abbrev  0x0000193d      0x45f _build/nrf52840_xxaa/nrf_drv_clock.c.o
 .debug_abbrev  0x00001d9c      0x256 _build/nrf52840_xxaa/nrf_drv_power.c.o
 .debug_abbrev  0x00001ff2      0x20e _build/nrf52840_xxaa/nrf_drv_uart.c.o
 .debug_abbrev  0x00002200      0x403 _build/nrf52840_xxaa/nrfx_clock.c.o
 .debug_abbrev  0x00002603      0x46a _build/nrf52840_xxaa/nrfx_gpiote.c.o
 .debug_abbrev  0x00002a6d      0x3ea _build/nrf52840_xxaa/nrfx_power.c.o
 .debug_abbrev  0x00002e57       0xb8 _build/nrf52840_xxaa/nrfx_power_clock.c.o
 .debug_abbrev  0x00002f0f      0x267 _build/nrf52840_xxaa/nrfx_prs.c.o
 .debug_abbrev  0x00003176      0x49c _build/nrf52840_xxaa/nrfx_uart.c.o
 .debug_abbrev  0x00003612      0x481 _build/nrf52840_xxaa/nrfx_uarte.c.o
 .debug_abbrev  0x00003a93      0x3ab _build/nrf52840_xxaa/main.c.o
 .debug_abbrev  0x00003e3e      0x23c _build/nrf52840_xxaa/simpleserial.c.o
 .debug_abbrev  0x0000407a      0x1de _build/nrf52840_xxaa/system_nrf52840.c.o

.debug_aranges  0x00000000      0x890
 .debug_aranges
                0x00000000       0x20 _build/nrf52840_xxaa/gcc_startup_nrf52840.S.o
 .debug_aranges
                0x00000020       0x60 _build/nrf52840_xxaa/boards.c.o
 .debug_aranges
                0x00000080       0x28 _build/nrf52840_xxaa/app_error.c.o
 .debug_aranges
                0x000000a8       0x20 _build/nrf52840_xxaa/app_error_handler_gcc.c.o
 .debug_aranges
                0x000000c8       0x20 _build/nrf52840_xxaa/app_error_weak.c.o
 .debug_aranges
                0x000000e8       0x70 _build/nrf52840_xxaa/app_timer.c.o
 .debug_aranges
                0x00000158       0x48 _build/nrf52840_xxaa/app_util_platform.c.o
 .debug_aranges
                0x000001a0       0x20 _build/nrf52840_xxaa/hardfault_handler_gcc.c.o
 .debug_aranges
                0x000001c0       0x28 _build/nrf52840_xxaa/hardfault_implementation.c.o
 .debug_aranges
                0x000001e8       0x20 _build/nrf52840_xxaa/nrf_assert.c.o
 .debug_aranges
                0x00000208       0xb0 _build/nrf52840_xxaa/nrf_atomic.c.o
 .debug_aranges
                0x000002b8       0x88 _build/nrf52840_xxaa/nrf_queue.c.o
 .debug_aranges
                0x00000340       0x60 _build/nrf52840_xxaa/nrf_serial.c.o
 .debug_aranges
                0x000003a0       0x88 _build/nrf52840_xxaa/nrf_drv_clock.c.o
 .debug_aranges
                0x00000428       0x60 _build/nrf52840_xxaa/nrf_drv_power.c.o
 .debug_aranges
                0x00000488       0x30 _build/nrf52840_xxaa/nrf_drv_uart.c.o
 .debug_aranges
                0x000004b8       0x80 _build/nrf52840_xxaa/nrfx_clock.c.o
 .debug_aranges
                0x00000538       0xd8 _build/nrf52840_xxaa/nrfx_gpiote.c.o
 .debug_aranges
                0x00000610       0xa0 _build/nrf52840_xxaa/nrfx_power.c.o
 .debug_aranges
                0x000006b0       0x20 _build/nrf52840_xxaa/nrfx_power_clock.c.o
 .debug_aranges
                0x000006d0       0x30 _build/nrf52840_xxaa/nrfx_prs.c.o
 .debug_aranges
                0x00000700       0x78 _build/nrf52840_xxaa/nrfx_uart.c.o
 .debug_aranges
                0x00000778       0x68 _build/nrf52840_xxaa/nrfx_uarte.c.o
 .debug_aranges
                0x000007e0       0x40 _build/nrf52840_xxaa/main.c.o
 .debug_aranges
                0x00000820       0x48 _build/nrf52840_xxaa/simpleserial.c.o
 .debug_aranges
                0x00000868       0x28 _build/nrf52840_xxaa/system_nrf52840.c.o

.debug_loc      0x00000000     0xc448
 .debug_loc     0x00000000      0x492 _build/nrf52840_xxaa/boards.c.o
 .debug_loc     0x00000492       0xca _build/nrf52840_xxaa/app_error.c.o
 .debug_loc     0x0000055c       0x63 _build/nrf52840_xxaa/app_error_handler_gcc.c.o
 .debug_loc     0x000005bf       0x63 _build/nrf52840_xxaa/app_error_weak.c.o
 .debug_loc     0x00000622      0xee3 _build/nrf52840_xxaa/app_timer.c.o
 .debug_loc     0x00001505      0x1b8 _build/nrf52840_xxaa/app_util_platform.c.o
 .debug_loc     0x000016bd       0x42 _build/nrf52840_xxaa/hardfault_implementation.c.o
 .debug_loc     0x000016ff       0x5a _build/nrf52840_xxaa/nrf_assert.c.o
 .debug_loc     0x00001759      0x29c _build/nrf52840_xxaa/nrf_atomic.c.o
 .debug_loc     0x000019f5     0x12a6 _build/nrf52840_xxaa/nrf_queue.c.o
 .debug_loc     0x00002c9b     0x1e85 _build/nrf52840_xxaa/nrf_serial.c.o
 .debug_loc     0x00004b20      0x442 _build/nrf52840_xxaa/nrf_drv_clock.c.o
 .debug_loc     0x00004f62       0xb0 _build/nrf52840_xxaa/nrf_drv_power.c.o
 .debug_loc     0x00005012      0x16c _build/nrf52840_xxaa/nrf_drv_uart.c.o
 .debug_loc     0x0000517e      0x2e7 _build/nrf52840_xxaa/nrfx_clock.c.o
 .debug_loc     0x00005465     0x2d96 _build/nrf52840_xxaa/nrfx_gpiote.c.o
 .debug_loc     0x000081fb      0x481 _build/nrf52840_xxaa/nrfx_power.c.o
 .debug_loc     0x0000867c      0x14c _build/nrf52840_xxaa/nrfx_prs.c.o
 .debug_loc     0x000087c8     0x1c72 _build/nrf52840_xxaa/nrfx_uart.c.o
 .debug_loc     0x0000a43a     0x1945 _build/nrf52840_xxaa/nrfx_uarte.c.o
 .debug_loc     0x0000bd7f      0x229 _build/nrf52840_xxaa/main.c.o
 .debug_loc     0x0000bfa8      0x4a0 _build/nrf52840_xxaa/simpleserial.c.o

.debug_ranges   0x00000000     0x35f0
 .debug_ranges  0x00000000      0x1a0 _build/nrf52840_xxaa/boards.c.o
 .debug_ranges  0x000001a0       0x18 _build/nrf52840_xxaa/app_error.c.o
 .debug_ranges  0x000001b8       0x10 _build/nrf52840_xxaa/app_error_handler_gcc.c.o
 .debug_ranges  0x000001c8       0x10 _build/nrf52840_xxaa/app_error_weak.c.o
 .debug_ranges  0x000001d8      0x490 _build/nrf52840_xxaa/app_timer.c.o
 .debug_ranges  0x00000668       0x80 _build/nrf52840_xxaa/app_util_platform.c.o
 .debug_ranges  0x000006e8       0x10 _build/nrf52840_xxaa/hardfault_handler_gcc.c.o
 .debug_ranges  0x000006f8       0x18 _build/nrf52840_xxaa/hardfault_implementation.c.o
 .debug_ranges  0x00000710       0x10 _build/nrf52840_xxaa/nrf_assert.c.o
 .debug_ranges  0x00000720       0xb8 _build/nrf52840_xxaa/nrf_atomic.c.o
 .debug_ranges  0x000007d8      0x3b0 _build/nrf52840_xxaa/nrf_queue.c.o
 .debug_ranges  0x00000b88      0x5c0 _build/nrf52840_xxaa/nrf_serial.c.o
 .debug_ranges  0x00001148      0x150 _build/nrf52840_xxaa/nrf_drv_clock.c.o
 .debug_ranges  0x00001298       0x50 _build/nrf52840_xxaa/nrf_drv_power.c.o
 .debug_ranges  0x000012e8       0x20 _build/nrf52840_xxaa/nrf_drv_uart.c.o
 .debug_ranges  0x00001308      0x330 _build/nrf52840_xxaa/nrfx_clock.c.o
 .debug_ranges  0x00001638      0xd40 _build/nrf52840_xxaa/nrfx_gpiote.c.o
 .debug_ranges  0x00002378      0x2e8 _build/nrf52840_xxaa/nrfx_power.c.o
 .debug_ranges  0x00002660       0x10 _build/nrf52840_xxaa/nrfx_power_clock.c.o
 .debug_ranges  0x00002670       0x40 _build/nrf52840_xxaa/nrfx_prs.c.o
 .debug_ranges  0x000026b0      0x6a0 _build/nrf52840_xxaa/nrfx_uart.c.o
 .debug_ranges  0x00002d50      0x698 _build/nrf52840_xxaa/nrfx_uarte.c.o
 .debug_ranges  0x000033e8      0x100 _build/nrf52840_xxaa/main.c.o
 .debug_ranges  0x000034e8       0xc8 _build/nrf52840_xxaa/simpleserial.c.o
 .debug_ranges  0x000035b0       0x40 _build/nrf52840_xxaa/system_nrf52840.c.o

.debug_macro    0x00000000    0x1a6aa
 .debug_macro   0x00000000      0x2f5 _build/nrf52840_xxaa/boards.c.o
 .debug_macro   0x000002f5      0x8a4 _build/nrf52840_xxaa/boards.c.o
 .debug_macro   0x00000b99      0x7e9 _build/nrf52840_xxaa/boards.c.o
 .debug_macro   0x00001382       0x22 _build/nrf52840_xxaa/boards.c.o
 .debug_macro   0x000013a4       0x44 _build/nrf52840_xxaa/boards.c.o
 .debug_macro   0x000013e8       0x1c _build/nrf52840_xxaa/boards.c.o
 .debug_macro   0x00001404      0x1f7 _build/nrf52840_xxaa/boards.c.o
 .debug_macro   0x000015fb      0x166 _build/nrf52840_xxaa/boards.c.o
 .debug_macro   0x00001761       0x22 _build/nrf52840_xxaa/boards.c.o
 .debug_macro   0x00001783       0x22 _build/nrf52840_xxaa/boards.c.o
 .debug_macro   0x000017a5       0x2d _build/nrf52840_xxaa/boards.c.o
 .debug_macro   0x000017d2       0x3b _build/nrf52840_xxaa/boards.c.o
 .debug_macro   0x0000180d       0x50 _build/nrf52840_xxaa/boards.c.o
 .debug_macro   0x0000185d      0xe66 _build/nrf52840_xxaa/boards.c.o
 .debug_macro   0x000026c3      0x402 _build/nrf52840_xxaa/boards.c.o
 .debug_macro   0x00002ac5     0xfe8b _build/nrf52840_xxaa/boards.c.o
 .debug_macro   0x00012950      0xa4c _build/nrf52840_xxaa/boards.c.o
 .debug_macro   0x0001339c       0xb2 _build/nrf52840_xxaa/boards.c.o
 .debug_macro   0x0001344e       0x22 _build/nrf52840_xxaa/boards.c.o
 .debug_macro   0x00013470      0x419 _build/nrf52840_xxaa/boards.c.o
 .debug_macro   0x00013889       0x36 _build/nrf52840_xxaa/boards.c.o
 .debug_macro   0x000138bf      0x233 _build/nrf52840_xxaa/boards.c.o
 .debug_macro   0x00013af2      0x13b _build/nrf52840_xxaa/boards.c.o
 .debug_macro   0x00013c2d       0x16 _build/nrf52840_xxaa/boards.c.o
 .debug_macro   0x00013c43      0x16d _build/nrf52840_xxaa/boards.c.o
 .debug_macro   0x00013db0      0x4e4 _build/nrf52840_xxaa/boards.c.o
 .debug_macro   0x00014294       0x3f _build/nrf52840_xxaa/boards.c.o
 .debug_macro   0x000142d3       0x58 _build/nrf52840_xxaa/boards.c.o
 .debug_macro   0x0001432b       0x35 _build/nrf52840_xxaa/boards.c.o
 .debug_macro   0x00014360       0x9c _build/nrf52840_xxaa/boards.c.o
 .debug_macro   0x000143fc       0x16 _build/nrf52840_xxaa/boards.c.o
 .debug_macro   0x00014412       0x35 _build/nrf52840_xxaa/boards.c.o
 .debug_macro   0x00014447      0x29d _build/nrf52840_xxaa/boards.c.o
 .debug_macro   0x000146e4       0x10 _build/nrf52840_xxaa/boards.c.o
 .debug_macro   0x000146f4       0x52 _build/nrf52840_xxaa/boards.c.o
 .debug_macro   0x00014746       0x16 _build/nrf52840_xxaa/boards.c.o
 .debug_macro   0x0001475c       0x43 _build/nrf52840_xxaa/boards.c.o
 .debug_macro   0x0001479f      0x180 _build/nrf52840_xxaa/boards.c.o
 .debug_macro   0x0001491f       0x10 _build/nrf52840_xxaa/boards.c.o
 .debug_macro   0x0001492f       0x22 _build/nrf52840_xxaa/boards.c.o
 .debug_macro   0x00014951       0xbd _build/nrf52840_xxaa/boards.c.o
 .debug_macro   0x00014a0e       0x16 _build/nrf52840_xxaa/boards.c.o
 .debug_macro   0x00014a24      0x14a _build/nrf52840_xxaa/boards.c.o
 .debug_macro   0x00014b6e       0x8e _build/nrf52840_xxaa/boards.c.o
 .debug_macro   0x00014bfc       0xa7 _build/nrf52840_xxaa/boards.c.o
 .debug_macro   0x00014ca3       0x49 _build/nrf52840_xxaa/boards.c.o
 .debug_macro   0x00014cec       0x8c _build/nrf52840_xxaa/boards.c.o
 .debug_macro   0x00014d78       0x19 _build/nrf52840_xxaa/boards.c.o
 .debug_macro   0x00014d91       0x16 _build/nrf52840_xxaa/boards.c.o
 .debug_macro   0x00014da7       0x7b _build/nrf52840_xxaa/boards.c.o
 .debug_macro   0x00014e22       0x64 _build/nrf52840_xxaa/boards.c.o
 .debug_macro   0x00014e86       0x20 _build/nrf52840_xxaa/boards.c.o
 .debug_macro   0x00014ea6       0x16 _build/nrf52840_xxaa/boards.c.o
 .debug_macro   0x00014ebc       0xa0 _build/nrf52840_xxaa/boards.c.o
 .debug_macro   0x00014f5c      0x16d _build/nrf52840_xxaa/boards.c.o
 .debug_macro   0x000150c9      0x1ee _build/nrf52840_xxaa/app_error.c.o
 .debug_macro   0x000152b7       0x35 _build/nrf52840_xxaa/app_error.c.o
 .debug_macro   0x000152ec       0x97 _build/nrf52840_xxaa/app_error.c.o
 .debug_macro   0x00015383       0xef _build/nrf52840_xxaa/app_error.c.o
 .debug_macro   0x00015472      0x24a _build/nrf52840_xxaa/app_error_handler_gcc.c.o
 .debug_macro   0x000156bc      0x327 _build/nrf52840_xxaa/app_error_weak.c.o
 .debug_macro   0x000159e3       0x16 _build/nrf52840_xxaa/app_error_weak.c.o
 .debug_macro   0x000159f9       0x31 _build/nrf52840_xxaa/app_error_weak.c.o
 .debug_macro   0x00015a2a       0x16 _build/nrf52840_xxaa/app_error_weak.c.o
 .debug_macro   0x00015a40       0x49 _build/nrf52840_xxaa/app_error_weak.c.o
 .debug_macro   0x00015a89      0x17d _build/nrf52840_xxaa/app_error_weak.c.o
 .debug_macro   0x00015c06       0x9a _build/nrf52840_xxaa/app_error_weak.c.o
 .debug_macro   0x00015ca0       0x28 _build/nrf52840_xxaa/app_error_weak.c.o
 .debug_macro   0x00015cc8       0x16 _build/nrf52840_xxaa/app_error_weak.c.o
 .debug_macro   0x00015cde       0x22 _build/nrf52840_xxaa/app_error_weak.c.o
 .debug_macro   0x00015d00       0x92 _build/nrf52840_xxaa/app_error_weak.c.o
 .debug_macro   0x00015d92       0x98 _build/nrf52840_xxaa/app_error_weak.c.o
 .debug_macro   0x00015e2a       0x10 _build/nrf52840_xxaa/app_error_weak.c.o
 .debug_macro   0x00015e3a       0x1c _build/nrf52840_xxaa/app_error_weak.c.o
 .debug_macro   0x00015e56      0x3ab _build/nrf52840_xxaa/app_timer.c.o
 .debug_macro   0x00016201       0x3c _build/nrf52840_xxaa/app_timer.c.o
 .debug_macro   0x0001623d       0x45 _build/nrf52840_xxaa/app_timer.c.o
 .debug_macro   0x00016282      0x204 _build/nrf52840_xxaa/app_util_platform.c.o
 .debug_macro   0x00016486      0x1e7 _build/nrf52840_xxaa/hardfault_handler_gcc.c.o
 .debug_macro   0x0001666d      0x33d _build/nrf52840_xxaa/hardfault_implementation.c.o
 .debug_macro   0x000169aa      0x177 _build/nrf52840_xxaa/hardfault_implementation.c.o
 .debug_macro   0x00016b21       0x9e _build/nrf52840_xxaa/hardfault_implementation.c.o
 .debug_macro   0x00016bbf      0x1f7 _build/nrf52840_xxaa/nrf_assert.c.o
 .debug_macro   0x00016db6       0x10 _build/nrf52840_xxaa/nrf_assert.c.o
 .debug_macro   0x00016dc6      0x206 _build/nrf52840_xxaa/nrf_atomic.c.o
 .debug_macro   0x00016fcc       0x42 _build/nrf52840_xxaa/nrf_atomic.c.o
 .debug_macro   0x0001700e      0x2cb _build/nrf52840_xxaa/nrf_queue.c.o
 .debug_macro   0x000172d9       0x32 _build/nrf52840_xxaa/nrf_queue.c.o
 .debug_macro   0x0001730b       0x16 _build/nrf52840_xxaa/nrf_queue.c.o
 .debug_macro   0x00017321      0x3c1 _build/nrf52840_xxaa/nrf_serial.c.o
 .debug_macro   0x000176e2       0x10 _build/nrf52840_xxaa/nrf_serial.c.o
 .debug_macro   0x000176f2       0x10 _build/nrf52840_xxaa/nrf_serial.c.o
 .debug_macro   0x00017702       0x10 _build/nrf52840_xxaa/nrf_serial.c.o
 .debug_macro   0x00017712       0x10 _build/nrf52840_xxaa/nrf_serial.c.o
 .debug_macro   0x00017722       0x10 _build/nrf52840_xxaa/nrf_serial.c.o
 .debug_macro   0x00017732       0x2d _build/nrf52840_xxaa/nrf_serial.c.o
 .debug_macro   0x0001775f       0x37 _build/nrf52840_xxaa/nrf_serial.c.o
 .debug_macro   0x00017796       0x10 _build/nrf52840_xxaa/nrf_serial.c.o
 .debug_macro   0x000177a6       0x3b _build/nrf52840_xxaa/nrf_serial.c.o
 .debug_macro   0x000177e1      0x3b7 _build/nrf52840_xxaa/nrf_drv_clock.c.o
 .debug_macro   0x00017b98       0x16 _build/nrf52840_xxaa/nrf_drv_clock.c.o
 .debug_macro   0x00017bae       0x54 _build/nrf52840_xxaa/nrf_drv_clock.c.o
 .debug_macro   0x00017c02       0x10 _build/nrf52840_xxaa/nrf_drv_clock.c.o
 .debug_macro   0x00017c12      0x354 _build/nrf52840_xxaa/nrf_drv_power.c.o
 .debug_macro   0x00017f66       0x28 _build/nrf52840_xxaa/nrf_drv_power.c.o
 .debug_macro   0x00017f8e       0x70 _build/nrf52840_xxaa/nrf_drv_power.c.o
 .debug_macro   0x00017ffe      0x31e _build/nrf52840_xxaa/nrf_drv_uart.c.o
 .debug_macro   0x0001831c      0x3c2 _build/nrf52840_xxaa/nrfx_clock.c.o
 .debug_macro   0x000186de       0x1c _build/nrf52840_xxaa/nrfx_clock.c.o
 .debug_macro   0x000186fa       0x42 _build/nrf52840_xxaa/nrfx_clock.c.o
 .debug_macro   0x0001873c      0x3cc _build/nrf52840_xxaa/nrfx_gpiote.c.o
 .debug_macro   0x00018b08       0x1c _build/nrf52840_xxaa/nrfx_gpiote.c.o
 .debug_macro   0x00018b24       0x16 _build/nrf52840_xxaa/nrfx_gpiote.c.o
 .debug_macro   0x00018b3a      0x2f1 _build/nrf52840_xxaa/nrfx_power.c.o
 .debug_macro   0x00018e2b      0x2fe _build/nrf52840_xxaa/nrfx_power_clock.c.o
 .debug_macro   0x00019129      0x381 _build/nrf52840_xxaa/nrfx_prs.c.o
 .debug_macro   0x000194aa       0x28 _build/nrf52840_xxaa/nrfx_prs.c.o
 .debug_macro   0x000194d2      0x39c _build/nrf52840_xxaa/nrfx_uart.c.o
 .debug_macro   0x0001986e      0x3ae _build/nrf52840_xxaa/nrfx_uarte.c.o
 .debug_macro   0x00019c1c      0x54c _build/nrf52840_xxaa/main.c.o
 .debug_macro   0x0001a168       0x10 _build/nrf52840_xxaa/main.c.o
 .debug_macro   0x0001a178       0x16 _build/nrf52840_xxaa/main.c.o
 .debug_macro   0x0001a18e       0x38 _build/nrf52840_xxaa/main.c.o
 .debug_macro   0x0001a1c6       0x1c _build/nrf52840_xxaa/main.c.o
 .debug_macro   0x0001a1e2       0x6a _build/nrf52840_xxaa/main.c.o
 .debug_macro   0x0001a24c      0x15c _build/nrf52840_xxaa/main.c.o
 .debug_macro   0x0001a3a8       0xb2 _build/nrf52840_xxaa/main.c.o
 .debug_macro   0x0001a45a       0x34 _build/nrf52840_xxaa/main.c.o
 .debug_macro   0x0001a48e       0x5e _build/nrf52840_xxaa/main.c.o
 .debug_macro   0x0001a4ec       0x10 _build/nrf52840_xxaa/main.c.o
 .debug_macro   0x0001a4fc       0x62 _build/nrf52840_xxaa/main.c.o
 .debug_macro   0x0001a55e       0x73 _build/nrf52840_xxaa/simpleserial.c.o
 .debug_macro   0x0001a5d1       0xd9 _build/nrf52840_xxaa/system_nrf52840.c.o

.debug_str      0x00000000    0x8b18f
 .debug_str     0x00000000    0x7a6b8 _build/nrf52840_xxaa/boards.c.o
                              0x7b816 (size before relaxing)
 .debug_str     0x0007a6b8      0x11f _build/nrf52840_xxaa/app_error.c.o
                              0x71120 (size before relaxing)
 .debug_str     0x0007a7d7      0x4ff _build/nrf52840_xxaa/app_error_handler_gcc.c.o
                              0x77b34 (size before relaxing)
 .debug_str     0x0007acd6     0x359a _build/nrf52840_xxaa/app_error_weak.c.o
                              0x7b411 (size before relaxing)
 .debug_str     0x0007e270      0xf12 _build/nrf52840_xxaa/app_timer.c.o
                              0x7bda1 (size before relaxing)
 .debug_str     0x0007f182      0x1ba _build/nrf52840_xxaa/app_util_platform.c.o
                              0x7196b (size before relaxing)
 .debug_str     0x0007f33c       0x69 _build/nrf52840_xxaa/hardfault_handler_gcc.c.o
                              0x76d3f (size before relaxing)
 .debug_str     0x0007f3a5      0x14b _build/nrf52840_xxaa/hardfault_implementation.c.o
                              0x7b4cb (size before relaxing)
 .debug_str     0x0007f4f0       0x39 _build/nrf52840_xxaa/nrf_assert.c.o
                              0x7112b (size before relaxing)
 .debug_str     0x0007f529      0x751 _build/nrf52840_xxaa/nrf_atomic.c.o
                              0x77433 (size before relaxing)
 .debug_str     0x0007fc7a     0x16c7 _build/nrf52840_xxaa/nrf_queue.c.o
                              0x7ba47 (size before relaxing)
 .debug_str     0x00081341     0x1afb _build/nrf52840_xxaa/nrf_serial.c.o
                              0x7e898 (size before relaxing)
 .debug_str     0x00082e3c      0xa53 _build/nrf52840_xxaa/nrf_drv_clock.c.o
                              0x7dcac (size before relaxing)
 .debug_str     0x0008388f      0xf10 _build/nrf52840_xxaa/nrf_drv_power.c.o
                              0x7bd06 (size before relaxing)
 .debug_str     0x0008479f      0x494 _build/nrf52840_xxaa/nrf_drv_uart.c.o
                              0x7bbb2 (size before relaxing)
 .debug_str     0x00084c33      0x6c5 _build/nrf52840_xxaa/nrfx_clock.c.o
                              0x7e2cb (size before relaxing)
 .debug_str     0x000852f8     0x18b5 _build/nrf52840_xxaa/nrfx_gpiote.c.o
                              0x7f545 (size before relaxing)
 .debug_str     0x00086bad      0x495 _build/nrf52840_xxaa/nrfx_power.c.o
                              0x7bc18 (size before relaxing)
 .debug_str     0x00087042       0x3e _build/nrf52840_xxaa/nrfx_power_clock.c.o
                              0x7a915 (size before relaxing)
 .debug_str     0x00087080      0x308 _build/nrf52840_xxaa/nrfx_prs.c.o
                              0x7d9a6 (size before relaxing)
 .debug_str     0x00087388      0x61a _build/nrf52840_xxaa/nrfx_uart.c.o
                              0x7eb97 (size before relaxing)
 .debug_str     0x000879a2      0x828 _build/nrf52840_xxaa/nrfx_uarte.c.o
                              0x7ef92 (size before relaxing)
 .debug_str     0x000881ca     0x2b94 _build/nrf52840_xxaa/main.c.o
                              0x858db (size before relaxing)
 .debug_str     0x0008ad5e       0xad _build/nrf52840_xxaa/simpleserial.c.o
                               0x31f7 (size before relaxing)
 .debug_str     0x0008ae0b      0x384 _build/nrf52840_xxaa/system_nrf52840.c.o
                              0x6d5a7 (size before relaxing)

.debug_frame    0x00000000     0x18d0
 .debug_frame   0x00000000       0xd4 _build/nrf52840_xxaa/boards.c.o
 .debug_frame   0x000000d4       0x54 _build/nrf52840_xxaa/app_error.c.o
 .debug_frame   0x00000128       0x20 _build/nrf52840_xxaa/app_error_handler_gcc.c.o
 .debug_frame   0x00000148       0x20 _build/nrf52840_xxaa/app_error_weak.c.o
 .debug_frame   0x00000168      0x12c _build/nrf52840_xxaa/app_timer.c.o
 .debug_frame   0x00000294       0x80 _build/nrf52840_xxaa/app_util_platform.c.o
 .debug_frame   0x00000314       0x28 _build/nrf52840_xxaa/hardfault_handler_gcc.c.o
 .debug_frame   0x0000033c       0x38 _build/nrf52840_xxaa/hardfault_implementation.c.o
 .debug_frame   0x00000374       0x2c _build/nrf52840_xxaa/nrf_assert.c.o
 .debug_frame   0x000003a0      0x1e0 _build/nrf52840_xxaa/nrf_atomic.c.o
 .debug_frame   0x00000580      0x1a4 _build/nrf52840_xxaa/nrf_queue.c.o
 .debug_frame   0x00000724      0x188 _build/nrf52840_xxaa/nrf_serial.c.o
 .debug_frame   0x000008ac      0x1e4 _build/nrf52840_xxaa/nrf_drv_clock.c.o
 .debug_frame   0x00000a90       0xec _build/nrf52840_xxaa/nrf_drv_power.c.o
 .debug_frame   0x00000b7c       0x88 _build/nrf52840_xxaa/nrf_drv_uart.c.o
 .debug_frame   0x00000c04      0x168 _build/nrf52840_xxaa/nrfx_clock.c.o
 .debug_frame   0x00000d6c      0x2dc _build/nrf52840_xxaa/nrfx_gpiote.c.o
 .debug_frame   0x00001048      0x164 _build/nrf52840_xxaa/nrfx_power.c.o
 .debug_frame   0x000011ac       0x2c _build/nrf52840_xxaa/nrfx_power_clock.c.o
 .debug_frame   0x000011d8       0x70 _build/nrf52840_xxaa/nrfx_prs.c.o
 .debug_frame   0x00001248      0x190 _build/nrf52840_xxaa/nrfx_uart.c.o
 .debug_frame   0x000013d8      0x170 _build/nrf52840_xxaa/nrfx_uarte.c.o
 .debug_frame   0x00001548       0xa0 _build/nrf52840_xxaa/main.c.o
 .debug_frame   0x000015e8       0xf0 _build/nrf52840_xxaa/simpleserial.c.o
 .debug_frame   0x000016d8       0x40 _build/nrf52840_xxaa/system_nrf52840.c.o
 .debug_frame   0x00001718       0x28 e:/arm/gnu_arm_tools_4.9 2014q4/bin/../lib/gcc/arm-none-eabi/4.9.3/../../../../arm-none-eabi/lib/armv7e-m/fpu\libc_nano.a(lib_a-exit.o)
 .debug_frame   0x00001740       0x2c e:/arm/gnu_arm_tools_4.9 2014q4/bin/../lib/gcc/arm-none-eabi/4.9.3/../../../../arm-none-eabi/lib/armv7e-m/fpu\libc_nano.a(lib_a-init.o)
 .debug_frame   0x0000176c       0x28 e:/arm/gnu_arm_tools_4.9 2014q4/bin/../lib/gcc/arm-none-eabi/4.9.3/../../../../arm-none-eabi/lib/armv7e-m/fpu\libc_nano.a(lib_a-memcpy.o)
 .debug_frame   0x00001794       0x20 e:/arm/gnu_arm_tools_4.9 2014q4/bin/../lib/gcc/arm-none-eabi/4.9.3/../../../../arm-none-eabi/lib/armv7e-m/fpu\libc_nano.a(lib_a-memset.o)
 .debug_frame   0x000017b4       0x20 e:/arm/gnu_arm_tools_4.9 2014q4/bin/../lib/gcc/arm-none-eabi/4.9.3/../../../../arm-none-eabi/lib/armv7e-m/fpu\libc_nano.a(lib_a-strlen.o)
 .debug_frame   0x000017d4       0x20 e:/arm/gnu_arm_tools_4.9 2014q4/bin/../lib/gcc/arm-none-eabi/4.9.3/../../../../arm-none-eabi/lib/armv7e-m/fpu\libnosys.a(_exit.o)
 .debug_frame   0x000017f4       0x28 e:/arm/gnu_arm_tools_4.9 2014q4/bin/../lib/gcc/arm-none-eabi/4.9.3/armv7e-m/fpu\libgcc.a(_aeabi_uldivmod.o)
 .debug_frame   0x0000181c       0x50 e:/arm/gnu_arm_tools_4.9 2014q4/bin/../lib/gcc/arm-none-eabi/4.9.3/armv7e-m/fpu\libgcc.a(bpabi.o)
 .debug_frame   0x0000186c       0x34 e:/arm/gnu_arm_tools_4.9 2014q4/bin/../lib/gcc/arm-none-eabi/4.9.3/armv7e-m/fpu\libgcc.a(_divdi3.o)
 .debug_frame   0x000018a0       0x30 e:/arm/gnu_arm_tools_4.9 2014q4/bin/../lib/gcc/arm-none-eabi/4.9.3/armv7e-m/fpu\libgcc.a(_udivdi3.o)
