Archive member included because of file (symbol)

c:/program files (x86)/atmel/atmel toolchain/avr8 gcc/native/3.4.2.876/avr8-gnu-toolchain/bin/../lib/gcc/avr/4.7.2/avrxmega6\libgcc.a(_udivmodhi4.o)
                              src/ASF/xmega/drivers/usb/usb_device.o (__udivmodhi4)
c:/program files (x86)/atmel/atmel toolchain/avr8 gcc/native/3.4.2.876/avr8-gnu-toolchain/bin/../lib/gcc/avr/4.7.2/avrxmega6\libgcc.a(_exit.o)
                              c:/program files (x86)/atmel/atmel toolchain/avr8 gcc/native/3.4.2.876/avr8-gnu-toolchain/bin/../lib/gcc/avr/4.7.2/../../../../avr/lib/avrxmega6/crtx256a3bu.o (exit)
c:/program files (x86)/atmel/atmel toolchain/avr8 gcc/native/3.4.2.876/avr8-gnu-toolchain/bin/../lib/gcc/avr/4.7.2/avrxmega6\libgcc.a(_copy_data.o)
                              src/ASF/common/services/usb/class/hid/device/generic/udi_hid_generic.o (__do_copy_data)
c:/program files (x86)/atmel/atmel toolchain/avr8 gcc/native/3.4.2.876/avr8-gnu-toolchain/bin/../lib/gcc/avr/4.7.2/avrxmega6\libgcc.a(_clear_bss.o)
                              src/adc_dma.o (__do_clear_bss)
c:/program files (x86)/atmel/atmel toolchain/avr8 gcc/native/3.4.2.876/avr8-gnu-toolchain/bin/../lib/gcc/avr/4.7.2/../../../../avr/lib/avrxmega6\libc.a(memcpy.o)
                              src/ASF/xmega/drivers/nvm/nvm.o (memcpy)

Allocating common symbols
Common symbol       size              file

adc_data_busy       0x1               src/ui.o
adc_data_ready      0x1               src/ui.o
adc_data_dlbusy     0x1               src/ui.o
dma_data            0x8               src/ASF/xmega/drivers/dma/dma.o
udd_g_ctrlreq       0x10              src/ASF/xmega/drivers/usb/usb_device.o
adc_data            0x800             src/adc_dma.o
sleepmgr_locks      0x6               src/ASF/common/services/sleepmgr/xmega/sleepmgr.o

Discarded input sections

 .bss           0x00000000        0x0 c:/program files (x86)/atmel/atmel toolchain/avr8 gcc/native/3.4.2.876/avr8-gnu-toolchain/bin/../lib/gcc/avr/4.7.2/../../../../avr/lib/avrxmega6/crtx256a3bu.o
 .group         0x00000000        0x8 src/adc_dma.o
 .group         0x00000000        0x8 src/adc_dma.o
 .group         0x00000000        0x8 src/adc_dma.o
 .group         0x00000000        0x8 src/adc_dma.o
 .group         0x00000000        0x8 src/adc_dma.o
 .group         0x00000000        0x8 src/adc_dma.o
 .group         0x00000000        0x8 src/adc_dma.o
 .group         0x00000000        0x8 src/adc_dma.o
 .group         0x00000000        0x8 src/adc_dma.o
 .group         0x00000000        0x8 src/adc_dma.o
 .group         0x00000000        0x8 src/adc_dma.o
 .group         0x00000000        0x8 src/adc_dma.o
 .group         0x00000000        0x8 src/adc_dma.o
 .group         0x00000000        0x8 src/adc_dma.o
 .group         0x00000000        0x8 src/adc_dma.o
 .group         0x00000000        0x8 src/adc_dma.o
 .group         0x00000000        0x8 src/adc_dma.o
 .group         0x00000000        0x8 src/adc_dma.o
 .group         0x00000000        0x8 src/adc_dma.o
 .group         0x00000000        0x8 src/adc_dma.o
 .group         0x00000000        0x8 src/adc_dma.o
 .group         0x00000000        0x8 src/adc_dma.o
 .group         0x00000000        0x8 src/adc_dma.o
 .group         0x00000000        0x8 src/adc_dma.o
 .group         0x00000000        0x8 src/adc_dma.o
 .group         0x00000000        0x8 src/adc_dma.o
 .group         0x00000000        0x8 src/adc_dma.o
 .group         0x00000000        0x8 src/adc_dma.o
 .group         0x00000000        0x8 src/adc_dma.o
 .group         0x00000000        0x8 src/adc_dma.o
 .group         0x00000000        0x8 src/adc_dma.o
 .group         0x00000000        0x8 src/adc_dma.o
 .group         0x00000000        0x8 src/adc_dma.o
 .group         0x00000000        0x8 src/adc_dma.o
 .group         0x00000000        0x8 src/adc_dma.o
 .group         0x00000000        0x8 src/adc_dma.o
 .group         0x00000000        0x8 src/adc_dma.o
 .group         0x00000000        0x8 src/adc_dma.o
 .group         0x00000000        0x8 src/adc_dma.o
 .group         0x00000000        0x8 src/adc_dma.o
 .group         0x00000000        0x8 src/adc_dma.o
 .group         0x00000000        0x8 src/adc_dma.o
 .group         0x00000000        0x8 src/adc_dma.o
 .group         0x00000000        0x8 src/adc_dma.o
 .group         0x00000000        0x8 src/adc_dma.o
 .group         0x00000000        0x8 src/adc_dma.o
 .group         0x00000000        0x8 src/adc_dma.o
 .group         0x00000000        0x8 src/adc_dma.o
 .group         0x00000000        0x8 src/adc_dma.o
 .group         0x00000000        0x8 src/adc_dma.o
 .group         0x00000000        0x8 src/adc_dma.o
 .group         0x00000000        0x8 src/adc_dma.o
 .group         0x00000000        0x8 src/adc_dma.o
 .group         0x00000000        0x8 src/adc_dma.o
 .group         0x00000000        0x8 src/adc_dma.o
[...]
Memory Configuration

Name             Origin             Length             Attributes
text             0x00000000         0x00100000         xr
data             0x00802000         0x0000ffa0         rw !x
eeprom           0x00810000         0x00010000         rw !x
fuse             0x00820000         0x00000400         rw !x
lock             0x00830000         0x00000400         rw !x
signature        0x00840000         0x00000400         rw !x
user_signatures  0x00850000         0x00000400         rw !x
*default*        0x00000000         0xffffffff

Linker script and memory map

LOAD c:/program files (x86)/atmel/atmel toolchain/avr8 gcc/native/3.4.2.876/avr8-gnu-toolchain/bin/../lib/gcc/avr/4.7.2/../../../../avr/lib/avrxmega6/crtx256a3bu.o
LOAD src/adc_dma.o
LOAD src/ASF/common/services/hugemem/avr8/avr8_hugemem.o
LOAD src/ASF/common/services/usb/class/hid/device/generic/udi_hid_generic.o
LOAD src/ASF/xmega/drivers/adc/adc.o
LOAD src/ASF/xmega/drivers/adc/xmega_aau/adc_aau.o
LOAD src/ASF/common/services/usb/class/hid/device/generic/udi_hid_generic_desc.o
LOAD src/ASF/xmega/drivers/dma/dma.o
LOAD src/ASF/xmega/drivers/tc/tc.o
LOAD src/ui.o
LOAD src/main.o
LOAD src/ASF/common/services/clock/xmega/sysclk.o
LOAD src/ASF/xmega/drivers/cpu/ccp.o
LOAD src/ASF/xmega/drivers/nvm/nvm.o
LOAD src/ASF/xmega/drivers/nvm/nvm_asm.o
LOAD src/ASF/common/services/sleepmgr/xmega/sleepmgr.o
LOAD src/ASF/common/services/usb/class/hid/device/udi_hid.o
LOAD src/ASF/common/services/usb/udc/udc.o
LOAD src/ASF/xmega/drivers/usb/usb_device.o
LOAD src/ASF/common/services/ioport/xmega/ioport_compat.o
LOAD src/ASF/xmega/boards/xmega_a3bu_xplained/init.o
START GROUP
LOAD c:/program files (x86)/atmel/atmel toolchain/avr8 gcc/native/3.4.2.876/avr8-gnu-toolchain/bin/../lib/gcc/avr/4.7.2/../../../../avr/lib/avrxmega6\libm.a
END GROUP
Address of section .BOOT set to 0x40000
LOAD c:/program files (x86)/atmel/atmel toolchain/avr8 gcc/native/3.4.2.876/avr8-gnu-toolchain/bin/../lib/gcc/avr/4.7.2/avrxmega6\libgcc.a
LOAD c:/program files (x86)/atmel/atmel toolchain/avr8 gcc/native/3.4.2.876/avr8-gnu-toolchain/bin/../lib/gcc/avr/4.7.2/../../../../avr/lib/avrxmega6\libc.a
LOAD c:/program files (x86)/atmel/atmel toolchain/avr8 gcc/native/3.4.2.876/avr8-gnu-toolchain/bin/../lib/gcc/avr/4.7.2/avrxmega6\libgcc.a

.hash
 *(.hash)

.dynsym
 *(.dynsym)

.dynstr
 *(.dynstr)

.gnu.version
 *(.gnu.version)

.gnu.version_d
 *(.gnu.version_d)

.gnu.version_r
 *(.gnu.version_r)

.rel.init
 *(.rel.init)

.rela.init
 *(.rela.init)

.rel.text
 *(.rel.text)
 *(.rel.text.*)
 *(.rel.gnu.linkonce.t*)

.rela.text
 *(.rela.text)
 *(.rela.text.*)
 *(.rela.gnu.linkonce.t*)

.rel.fini
 *(.rel.fini)

.rela.fini
 *(.rela.fini)

.rel.rodata
 *(.rel.rodata)
 *(.rel.rodata.*)
 *(.rel.gnu.linkonce.r*)

.rela.rodata
 *(.rela.rodata)
 *(.rela.rodata.*)
 *(.rela.gnu.linkonce.r*)

.rel.data
 *(.rel.data)
 *(.rel.data.*)
 *(.rel.gnu.linkonce.d*)

.rela.data
 *(.rela.data)
 *(.rela.data.*)
 *(.rela.gnu.linkonce.d*)

.rel.ctors
 *(.rel.ctors)

.rela.ctors
 *(.rela.ctors)

.rel.dtors
 *(.rel.dtors)

.rela.dtors
 *(.rela.dtors)

.rel.got
 *(.rel.got)

.rela.got
 *(.rela.got)

.rel.bss
 *(.rel.bss)

.rela.bss
 *(.rela.bss)

.rel.plt
 *(.rel.plt)

.rela.plt
 *(.rela.plt)

.text           0x00000000     0x31e0
 *(.vectors)
 .vectors       0x00000000      0x1fc c:/program files (x86)/atmel/atmel toolchain/avr8 gcc/native/3.4.2.876/avr8-gnu-toolchain/bin/../lib/gcc/avr/4.7.2/../../../../avr/lib/avrxmega6/crtx256a3bu.o
                0x00000000                __vector_default
                0x00000000                __vectors
 *(.vectors)
 *(.progmem.gcc*)
 *(.progmem*)
                0x000001fc                . = ALIGN (0x2)
                0x000001fc                __trampolines_start = .
 *(.trampolines)
 .trampolines   0x000001fc        0x0 linker stubs
 *(.trampolines*)
                0x000001fc                __trampolines_end = .
 *(.jumptables)
 *(.jumptables*)
 *(.lowtext)
 *(.lowtext*)
                0x000001fc                __ctors_start = .
 *(.ctors)
                0x000001fc                __ctors_end = .
                0x000001fc                __dtors_start = .
 *(.dtors)
                0x000001fc                __dtors_end = .
 SORT(*)(.ctors)
 SORT(*)(.dtors)
 *(.init0)
 .init0         0x000001fc        0x0 c:/program files (x86)/atmel/atmel toolchain/avr8 gcc/native/3.4.2.876/avr8-gnu-toolchain/bin/../lib/gcc/avr/4.7.2/../../../../avr/lib/avrxmega6/crtx256a3bu.o
                0x000001fc                __init
 *(.init0)
 *(.init1)
 *(.init1)
 *(.init2)
 .init2         0x000001fc       0x10 c:/program files (x86)/atmel/atmel toolchain/avr8 gcc/native/3.4.2.876/avr8-gnu-toolchain/bin/../lib/gcc/avr/4.7.2/../../../../avr/lib/avrxmega6/crtx256a3bu.o
 *(.init2)
 *(.init3)
 *(.init3)
 *(.init4)
 .init4         0x0000020c       0x1a c:/program files (x86)/atmel/atmel toolchain/avr8 gcc/native/3.4.2.876/avr8-gnu-toolchain/bin/../lib/gcc/avr/4.7.2/avrxmega6\libgcc.a(_copy_data.o)
                0x0000020c                __do_copy_data
 .init4         0x00000226       0x10 c:/program files (x86)/atmel/atmel toolchain/avr8 gcc/native/3.4.2.876/avr8-gnu-toolchain/bin/../lib/gcc/avr/4.7.2/avrxmega6\libgcc.a(_clear_bss.o)
                0x00000226                __do_clear_bss
 *(.init4)
 *(.init5)
 *(.init5)
 *(.init6)
 *(.init6)
 *(.init7)
 *(.init7)
 *(.init8)
 *(.init8)
 *(.init9)
 .init9         0x00000236        0x8 c:/program files (x86)/atmel/atmel toolchain/avr8 gcc/native/3.4.2.876/avr8-gnu-toolchain/bin/../lib/gcc/avr/4.7.2/../../../../avr/lib/avrxmega6/crtx256a3bu.o
 *(.init9)
 *(.text)
 .text          0x0000023e        0x2 c:/program files (x86)/atmel/atmel toolchain/avr8 gcc/native/3.4.2.876/avr8-gnu-toolchain/bin/../lib/gcc/avr/4.7.2/../../../../avr/lib/avrxmega6/crtx256a3bu.o
                0x0000023e                __vector_38
                0x0000023e                __vector_104
                0x0000023e                __vector_63
                0x0000023e                __vector_28
                0x0000023e                __vector_67
                0x0000023e                __vector_1
                0x0000023e                __vector_119
                0x0000023e                __vector_32
                0x0000023e                __vector_75
                0x0000023e                __vector_71
                0x0000023e                __vector_91
                0x0000023e                __vector_34
                0x0000023e                __vector_62
                0x0000023e                __vector_102
                0x0000023e                __vector_24
                0x0000023e                __vector_12
                0x0000023e                __vector_69
                0x0000023e                __vector_90
                0x0000023e                __vector_46
                0x0000023e                __bad_interrupt
                0x0000023e                __vector_122
                0x0000023e                __vector_72
                0x0000023e                __vector_114
                0x0000023e                __vector_31
                0x0000023e                __vector_92
                0x0000023e                __vector_35
                0x0000023e                __vector_74
                0x0000023e                __vector_117
                0x0000023e                __vector_39
                0x0000023e                __vector_107
                0x0000023e                __vector_3
                0x0000023e                __vector_105
                0x0000023e                __vector_98
                0x0000023e                __vector_68
                0x0000023e                __vector_30
                0x0000023e                __vector_73
                0x0000023e                __vector_45
                0x0000023e                __vector_25
                0x0000023e                __vector_93
                0x0000023e                __vector_61
                0x0000023e                __vector_11
                0x0000023e                __vector_99
                0x0000023e                __vector_13
                0x0000023e                __vector_123
                0x0000023e                __vector_41
                0x0000023e                __vector_100
                0x0000023e                __vector_101
                0x0000023e                __vector_64
                0x0000023e                __vector_88
                0x0000023e                __vector_27
                0x0000023e                __vector_5
                0x0000023e                __vector_33
                0x0000023e                __vector_76
                0x0000023e                __vector_115
                0x0000023e                __vector_37
                0x0000023e                __vector_95
                0x0000023e                __vector_103
                0x0000023e                __vector_96
                0x0000023e                __vector_89
                0x0000023e                __vector_4
                0x0000023e                __vector_44
                0x0000023e                __vector_106
                0x0000023e                __vector_118
                0x0000023e                __vector_66
                0x0000023e                __vector_36
                0x0000023e                __vector_58
                0x0000023e                __vector_70
                0x0000023e                __vector_29
                0x0000023e                __vector_60
                0x0000023e                __vector_121
                0x0000023e                __vector_40
                0x0000023e                __vector_94
                0x0000023e                __vector_26
                0x0000023e                __vector_124
                0x0000023e                __vector_116
                0x0000023e                __vector_57
                0x0000023e                __vector_10
                0x0000023e                __vector_59
                0x0000023e                __vector_97
                0x0000023e                __vector_42
                0x0000023e                __vector_87
                0x0000023e                __vector_65
                0x0000023e                __vector_120
                0x00000240                . = ALIGN (0x2)
 *(.text.*)
 .text.dma_transfer_done
                0x00000240       0x18 src/adc_dma.o
 .text.dma_init
                0x00000258       0x6e src/adc_dma.o
                0x00000258                dma_init
 .text.adc_init
                0x000002c6       0x68 src/adc_dma.o
                0x000002c6                adc_init
 .text.timer_setup
                0x0000032e       0x42 src/adc_dma.o
                0x0000032e                timer_setup
 .text.interrupt_setup
                0x00000370       0x42 src/adc_dma.o
                0x00000370                interrupt_setup
 .text.__vector_2
                0x000003b2       0x5a src/adc_dma.o
                0x000003b2                __vector_2
 .text.udi_hid_generic_getsetting
                0x0000040c        0x4 src/ASF/common/services/usb/class/hid/device/generic/udi_hid_generic.o
                0x0000040c                udi_hid_generic_getsetting
 .text.udi_hid_generic_setreport
                0x00000410       0x54 src/ASF/common/services/usb/class/hid/device/generic/udi_hid_generic.o
 .text.udi_hid_generic_report_in_sent
                0x00000464        0x8 src/ASF/common/services/usb/class/hid/device/generic/udi_hid_generic.o
 .text.udi_hid_generic_report_out_enable
                0x0000046c       0x1e src/ASF/common/services/usb/class/hid/device/generic/udi_hid_generic.o
 .text.udi_hid_generic_setup
                0x0000048a       0x14 src/ASF/common/services/usb/class/hid/device/generic/udi_hid_generic.o
                0x0000048a                udi_hid_generic_setup
 .text.udi_hid_generic_setfeature_valid
                0x0000049e       0x16 src/ASF/common/services/usb/class/hid/device/generic/udi_hid_generic.o
 .text.udi_hid_generic_disable
                0x000004b4        0x6 src/ASF/common/services/usb/class/hid/device/generic/udi_hid_generic.o
                0x000004b4                udi_hid_generic_disable
 .text.udi_hid_generic_enable
                0x000004ba       0x1c src/ASF/common/services/usb/class/hid/device/generic/udi_hid_generic.o
                0x000004ba                udi_hid_generic_enable
 .text.udi_hid_generic_report_out_received
                0x000004d6       0x16 src/ASF/common/services/usb/class/hid/device/generic/udi_hid_generic.o
 .text.udi_hid_generic_send_report_in
                0x000004ec       0x60 src/ASF/common/services/usb/class/hid/device/generic/udi_hid_generic.o
                0x000004ec                udi_hid_generic_send_report_in
 .text.adc_enable_clock
                0x0000054c       0x40 src/ASF/xmega/drivers/adc/adc.o
                0x0000054c                adc_enable_clock
 .text.adc_disable_clock
                0x0000058c       0x3c src/ASF/xmega/drivers/adc/adc.o
                0x0000058c                adc_disable_clock
 .text.adc_enable
                0x000005c8       0x2e src/ASF/xmega/drivers/adc/adc.o
                0x000005c8                adc_enable
 .text.adc_write_configuration
                0x000005f6       0xaa src/ASF/xmega/drivers/adc/xmega_aau/adc_aau.o
                0x000005f6                adc_write_configuration
 .text.adc_read_configuration
                0x000006a0       0x46 src/ASF/xmega/drivers/adc/xmega_aau/adc_aau.o
                0x000006a0                adc_read_configuration
 .text.adcch_write_configuration
                0x000006e6       0x72 src/ASF/xmega/drivers/adc/xmega_aau/adc_aau.o
                0x000006e6                adcch_write_configuration
 .text.dma_interrupt
                0x00000758       0xc4 src/ASF/xmega/drivers/dma/dma.o
 .text.dma_enable
                0x0000081c       0x26 src/ASF/xmega/drivers/dma/dma.o
                0x0000081c                dma_enable
 .text.dma_set_callback
                0x00000842       0x12 src/ASF/xmega/drivers/dma/dma.o
                0x00000842                dma_set_callback
 .text.__vector_6
                0x00000854       0x50 src/ASF/xmega/drivers/dma/dma.o
                0x00000854                __vector_6
 .text.__vector_7
                0x000008a4       0x50 src/ASF/xmega/drivers/dma/dma.o
                0x000008a4                __vector_7
 .text.__vector_8
                0x000008f4       0x50 src/ASF/xmega/drivers/dma/dma.o
                0x000008f4                __vector_8
 .text.__vector_9
                0x00000944       0x50 src/ASF/xmega/drivers/dma/dma.o
                0x00000944                __vector_9
 .text.dma_channel_write_config
                0x00000994       0x72 src/ASF/xmega/drivers/dma/dma.o
                0x00000994                dma_channel_write_config
 .text.__vector_14
                0x00000a06       0x5a src/ASF/xmega/drivers/tc/tc.o
                0x00000a06                __vector_14
 .text.__vector_15
                0x00000a60       0x5a src/ASF/xmega/drivers/tc/tc.o
                0x00000a60                __vector_15
 .text.__vector_16
                0x00000aba       0x5a src/ASF/xmega/drivers/tc/tc.o
                0x00000aba                __vector_16
 .text.__vector_17
                0x00000b14       0x5a src/ASF/xmega/drivers/tc/tc.o
                0x00000b14                __vector_17
 .text.__vector_18
                0x00000b6e       0x5a src/ASF/xmega/drivers/tc/tc.o
                0x00000b6e                __vector_18
 .text.__vector_19
                0x00000bc8       0x5a src/ASF/xmega/drivers/tc/tc.o
                0x00000bc8                __vector_19
 .text.__vector_20
                0x00000c22       0x5a src/ASF/xmega/drivers/tc/tc.o
                0x00000c22                __vector_20
 .text.__vector_21
                0x00000c7c       0x5a src/ASF/xmega/drivers/tc/tc.o
                0x00000c7c                __vector_21
 .text.__vector_22
                0x00000cd6       0x5a src/ASF/xmega/drivers/tc/tc.o
                0x00000cd6                __vector_22
 .text.__vector_23
                0x00000d30       0x5a src/ASF/xmega/drivers/tc/tc.o
                0x00000d30                __vector_23
 .text.__vector_77
                0x00000d8a       0x5a src/ASF/xmega/drivers/tc/tc.o
                0x00000d8a                __vector_77
 .text.__vector_78
                0x00000de4       0x5a src/ASF/xmega/drivers/tc/tc.o
                0x00000de4                __vector_78
 .text.__vector_79
                0x00000e3e       0x5a src/ASF/xmega/drivers/tc/tc.o
                0x00000e3e                __vector_79
 .text.__vector_80
                0x00000e98       0x5a src/ASF/xmega/drivers/tc/tc.o
                0x00000e98                __vector_80
 .text.__vector_81
                0x00000ef2       0x5a src/ASF/xmega/drivers/tc/tc.o
                0x00000ef2                __vector_81
 .text.__vector_82
                0x00000f4c       0x5a src/ASF/xmega/drivers/tc/tc.o
                0x00000f4c                __vector_82
 .text.__vector_83
                0x00000fa6       0x5a src/ASF/xmega/drivers/tc/tc.o
                0x00000fa6                __vector_83
 .text.__vector_84
                0x00001000       0x5a src/ASF/xmega/drivers/tc/tc.o
                0x00001000                __vector_84
 .text.__vector_85
                0x0000105a       0x5a src/ASF/xmega/drivers/tc/tc.o
                0x0000105a                __vector_85
 .text.__vector_86
                0x000010b4       0x5a src/ASF/xmega/drivers/tc/tc.o
                0x000010b4                __vector_86
 .text.__vector_47
                0x0000110e       0x5a src/ASF/xmega/drivers/tc/tc.o
                0x0000110e                __vector_47
 .text.__vector_48
                0x00001168       0x5a src/ASF/xmega/drivers/tc/tc.o
                0x00001168                __vector_48
 .text.__vector_49
                0x000011c2       0x5a src/ASF/xmega/drivers/tc/tc.o
                0x000011c2                __vector_49
 .text.__vector_50
                0x0000121c       0x5a src/ASF/xmega/drivers/tc/tc.o
                0x0000121c                __vector_50
 .text.__vector_51
                0x00001276       0x5a src/ASF/xmega/drivers/tc/tc.o
                0x00001276                __vector_51
 .text.__vector_52
                0x000012d0       0x5a src/ASF/xmega/drivers/tc/tc.o
                0x000012d0                __vector_52
 .text.__vector_53
                0x0000132a       0x5a src/ASF/xmega/drivers/tc/tc.o
                0x0000132a                __vector_53
 .text.__vector_54
                0x00001384       0x5a src/ASF/xmega/drivers/tc/tc.o
                0x00001384                __vector_54
 .text.__vector_55
                0x000013de       0x5a src/ASF/xmega/drivers/tc/tc.o
                0x000013de                __vector_55
 .text.__vector_56
                0x00001438       0x5a src/ASF/xmega/drivers/tc/tc.o
                0x00001438                __vector_56
 .text.__vector_108
                0x00001492       0x5a src/ASF/xmega/drivers/tc/tc.o
                0x00001492                __vector_108
 .text.__vector_109
                0x000014ec       0x5a src/ASF/xmega/drivers/tc/tc.o
                0x000014ec                __vector_109
 .text.__vector_110
                0x00001546       0x5a src/ASF/xmega/drivers/tc/tc.o
                0x00001546                __vector_110
 .text.__vector_111
                0x000015a0       0x5a src/ASF/xmega/drivers/tc/tc.o
                0x000015a0                __vector_111
 .text.__vector_112
                0x000015fa       0x5a src/ASF/xmega/drivers/tc/tc.o
                0x000015fa                __vector_112
 .text.__vector_113
                0x00001654       0x5a src/ASF/xmega/drivers/tc/tc.o
                0x00001654                __vector_113
 .text.tc_enable
                0x000016ae       0xb8 src/ASF/xmega/drivers/tc/tc.o
                0x000016ae                tc_enable
 .text.ui_init  0x00001766        0xe src/ui.o
                0x00001766                ui_init
 .text.ui_powerdown
                0x00001774        0xe src/ui.o
                0x00001774                ui_powerdown
 .text.ui_wakeup_enable
                0x00001782       0x1c src/ui.o
                0x00001782                ui_wakeup_enable
 .text.ui_wakeup_disable
                0x0000179e        0x8 src/ui.o
                0x0000179e                ui_wakeup_disable
 .text.__vector_43
                0x000017a6       0x58 src/ui.o
                0x000017a6                __vector_43
 .text.ui_wakeup
                0x000017fe        0xa src/ui.o
                0x000017fe                ui_wakeup
 .text.ui_process
                0x00001808       0x70 src/ui.o
                0x00001808                ui_process
 .text.ui_led_change
                0x00001878       0x4a src/ui.o
                0x00001878                ui_led_change
 .text.main     0x000018c2       0x52 src/main.o
                0x000018c2                main
 .text.main_suspend_action
                0x00001914        0x4 src/main.o
                0x00001914                main_suspend_action
 .text.main_resume_action
                0x00001918        0x4 src/main.o
                0x00001918                main_resume_action
 .text.main_sof_action
                0x0000191c       0x10 src/main.o
                0x0000191c                main_sof_action
 .text.main_remotewakeup_enable
                0x0000192c        0x4 src/main.o
                0x0000192c                main_remotewakeup_enable
 .text.main_remotewakeup_disable
                0x00001930        0x4 src/main.o
                0x00001930                main_remotewakeup_disable
 .text.main_generic_enable
                0x00001934        0x8 src/main.o
                0x00001934                main_generic_enable
 .text.main_generic_disable
                0x0000193c        0x6 src/main.o
                0x0000193c                main_generic_disable
 .text.main_hid_set_feature
                0x00001942       0x20 src/main.o
                0x00001942                main_hid_set_feature
 .text.sysclk_init
                0x00001962       0xe0 src/ASF/common/services/clock/xmega/sysclk.o
                0x00001962                sysclk_init
 .text.sysclk_enable_module
                0x00001a42       0x18 src/ASF/common/services/clock/xmega/sysclk.o
                0x00001a42                sysclk_enable_module
 .text.sysclk_disable_module
                0x00001a5a       0x16 src/ASF/common/services/clock/xmega/sysclk.o
                0x00001a5a                sysclk_disable_module
 .text.sysclk_enable_usb
                0x00001a70       0x6a src/ASF/common/services/clock/xmega/sysclk.o
                0x00001a70                sysclk_enable_usb
 .text.sysclk_disable_usb
                0x00001ada        0xe src/ASF/common/services/clock/xmega/sysclk.o
                0x00001ada                sysclk_disable_usb
 .text.ccp_write_io
                0x00001ae8        0xc src/ASF/xmega/drivers/cpu/ccp.o
                0x00001ae8                ccp_write_io
 .text.nvm_read_byte
                0x00001af4       0x14 src/ASF/xmega/drivers/nvm/nvm_asm.o
                0x00001af4                nvm_read_byte
 .text.udi_hid_setup
                0x00001b08      0x136 src/ASF/common/services/usb/class/hid/device/udi_hid.o
                0x00001b08                udi_hid_setup
 .text.udc_get_eof_conf
                0x00001c3e       0x1c src/ASF/common/services/usb/udc/udc.o
 .text.udc_next_desc_in_iface
                0x00001c5a       0x5e src/ASF/common/services/usb/udc/udc.o
 .text.udc_update_iface_desc
                0x00001cb8       0x82 src/ASF/common/services/usb/udc/udc.o
 .text.udc_valid_address
                0x00001d3a        0x8 src/ASF/common/services/usb/udc/udc.o
 .text.udc_iface_enable
                0x00001d42       0x68 src/ASF/common/services/usb/udc/udc.o
 .text.udc_iface_disable
                0x00001daa       0x82 src/ASF/common/services/usb/udc/udc.o
 .text.udc_get_interface_desc
                0x00001e2c        0xa src/ASF/common/services/usb/udc/udc.o
                0x00001e2c                udc_get_interface_desc
 .text.udc_start
                0x00001e36        0x4 src/ASF/common/services/usb/udc/udc.o
                0x00001e36                udc_start
 .text.udc_reset
                0x00001e3a       0x52 src/ASF/common/services/usb/udc/udc.o
                0x00001e3a                udc_reset
 .text.udc_stop
                0x00001e8c        0x4 src/ASF/common/services/usb/udc/udc.o
                0x00001e8c                udc_stop
 .text.udc_sof_notify
                0x00001e90       0x5e src/ASF/common/services/usb/udc/udc.o
                0x00001e90                udc_sof_notify
 .text.udc_process_setup
                0x00001eee      0x566 src/ASF/common/services/usb/udc/udc.o
                0x00001eee                udc_process_setup
 .text.udd_sleep_mode
                0x00002454       0x3e src/ASF/xmega/drivers/usb/usb_device.o
 .text.udd_ep_get_ctrl
                0x00002492       0x32 src/ASF/xmega/drivers/usb/usb_device.o
 .text.udd_ep_init
                0x000024c4       0x7c src/ASF/xmega/drivers/usb/usb_device.o
 .text.udd_ctrl_init
                0x00002540       0x56 src/ASF/xmega/drivers/usb/usb_device.o
 .text.udd_ctrl_stall_data
                0x00002596       0x1c src/ASF/xmega/drivers/usb/usb_device.o
 .text.udd_ctrl_send_zlp_in
                0x000025b2       0x1c src/ASF/xmega/drivers/usb/usb_device.o
 .text.udd_ctrl_send_zlp_out
                0x000025ce       0x14 src/ASF/xmega/drivers/usb/usb_device.o
 .text.udd_ctrl_endofrequest
                0x000025e2       0x10 src/ASF/xmega/drivers/usb/usb_device.o
 .text.udd_ctrl_in_sent
                0x000025f2       0xd0 src/ASF/xmega/drivers/usb/usb_device.o
 .text.udd_ep_get_size
                0x000026c2       0x56 src/ASF/xmega/drivers/usb/usb_device.o
 .text.udd_ep_get_job
                0x00002718       0x3c src/ASF/xmega/drivers/usb/usb_device.o
 .text.udd_ctrl_interrupt_tc_setup
                0x00002754       0xda src/ASF/xmega/drivers/usb/usb_device.o
 .text.udd_ep_trans_complet
                0x0000282e      0x202 src/ASF/xmega/drivers/usb/usb_device.o
 .text.udd_disable
                0x00002a30       0x32 src/ASF/xmega/drivers/usb/usb_device.o
                0x00002a30                udd_disable
 .text.udd_attach
                0x00002a62       0x46 src/ASF/xmega/drivers/usb/usb_device.o
                0x00002a62                udd_attach
 .text.udd_enable
                0x00002aa8       0xe8 src/ASF/xmega/drivers/usb/usb_device.o
                0x00002aa8                udd_enable
 .text.udd_set_address
                0x00002b90        0x6 src/ASF/xmega/drivers/usb/usb_device.o
                0x00002b90                udd_set_address
 .text.udd_getaddress
                0x00002b96        0x6 src/ASF/xmega/drivers/usb/usb_device.o
                0x00002b96                udd_getaddress
 .text.udd_get_frame_number
                0x00002b9c        0xe src/ASF/xmega/drivers/usb/usb_device.o
                0x00002b9c                udd_get_frame_number
 .text.udd_send_remotewakeup
                0x00002baa       0x1e src/ASF/xmega/drivers/usb/usb_device.o
                0x00002baa                udd_send_remotewakeup
 .text.udd_set_setup_payload
                0x00002bc8       0x12 src/ASF/xmega/drivers/usb/usb_device.o
                0x00002bc8                udd_set_setup_payload
 .text.udd_ep_alloc
                0x00002bda       0x52 src/ASF/xmega/drivers/usb/usb_device.o
                0x00002bda                udd_ep_alloc
 .text.udd_ep_is_halted
                0x00002c2c        0xe src/ASF/xmega/drivers/usb/usb_device.o
                0x00002c2c                udd_ep_is_halted
 .text.udd_ep_clear_halt
                0x00002c3a       0x32 src/ASF/xmega/drivers/usb/usb_device.o
                0x00002c3a                udd_ep_clear_halt
 .text.udd_ep_run
                0x00002c6c       0xec src/ASF/xmega/drivers/usb/usb_device.o
                0x00002c6c                udd_ep_run
 .text.udd_ep_abort
                0x00002d58       0x4e src/ASF/xmega/drivers/usb/usb_device.o
                0x00002d58                udd_ep_abort
 .text.udd_ep_set_halt
                0x00002da6       0x20 src/ASF/xmega/drivers/usb/usb_device.o
                0x00002da6                udd_ep_set_halt
 .text.udd_ep_free
                0x00002dc6       0x12 src/ASF/xmega/drivers/usb/usb_device.o
                0x00002dc6                udd_ep_free
 .text.__vector_125
                0x00002dd8      0x16a src/ASF/xmega/drivers/usb/usb_device.o
                0x00002dd8                __vector_125
 .text.__vector_126
                0x00002f42      0x1bc src/ASF/xmega/drivers/usb/usb_device.o
                0x00002f42                __vector_126
 .text.ioport_configure_port_pin
                0x000030fe       0x50 src/ASF/common/services/ioport/xmega/ioport_compat.o
                0x000030fe                ioport_configure_port_pin
 .text.board_init
                0x0000314e       0x54 src/ASF/xmega/boards/xmega_a3bu_xplained/init.o
                0x0000314e                board_init
 .text.libgcc.div
                0x000031a2       0x28 c:/program files (x86)/atmel/atmel toolchain/avr8 gcc/native/3.4.2.876/avr8-gnu-toolchain/bin/../lib/gcc/avr/4.7.2/avrxmega6\libgcc.a(_udivmodhi4.o)
                0x000031a2                __udivmodhi4
 .text.avr-libc
                0x000031ca       0x12 c:/program files (x86)/atmel/atmel toolchain/avr8 gcc/native/3.4.2.876/avr8-gnu-toolchain/bin/../lib/gcc/avr/4.7.2/../../../../avr/lib/avrxmega6\libc.a(memcpy.o)
                0x000031ca                memcpy
                0x000031dc                . = ALIGN (0x2)
 *(.fini9)
 .fini9         0x000031dc        0x0 c:/program files (x86)/atmel/atmel toolchain/avr8 gcc/native/3.4.2.876/avr8-gnu-toolchain/bin/../lib/gcc/avr/4.7.2/avrxmega6\libgcc.a(_exit.o)
                0x000031dc                _exit
                0x000031dc                exit
 *(.fini9)
 *(.fini8)
 *(.fini8)
 *(.fini7)
 *(.fini7)
 *(.fini6)
 *(.fini6)
 *(.fini5)
 *(.fini5)
 *(.fini4)
 *(.fini4)
 *(.fini3)
 *(.fini3)
 *(.fini2)
 *(.fini2)
 *(.fini1)
 *(.fini1)
 *(.fini0)
 .fini0         0x000031dc        0x4 c:/program files (x86)/atmel/atmel toolchain/avr8 gcc/native/3.4.2.876/avr8-gnu-toolchain/bin/../lib/gcc/avr/4.7.2/avrxmega6\libgcc.a(_exit.o)
 *(.fini0)
                0x000031e0                _etext = .

.data           0x00802000       0xb8 load address 0x000031e0
                0x00802000                PROVIDE (__data_start, .)
 *(.data)
 .data          0x00802000        0x0 c:/program files (x86)/atmel/atmel toolchain/avr8 gcc/native/3.4.2.876/avr8-gnu-toolchain/bin/../lib/gcc/avr/4.7.2/../../../../avr/lib/avrxmega6/crtx256a3bu.o
 .data          0x00802000        0x0 src/adc_dma.o
 .data          0x00802000        0x0 src/ASF/common/services/hugemem/avr8/avr8_hugemem.o
 .data          0x00802000        0x0 src/ASF/common/services/usb/class/hid/device/generic/udi_hid_generic.o
 .data          0x00802000        0x0 src/ASF/xmega/drivers/adc/adc.o
 .data          0x00802000        0x0 src/ASF/xmega/drivers/adc/xmega_aau/adc_aau.o
 .data          0x00802000        0x0 src/ASF/common/services/usb/class/hid/device/generic/udi_hid_generic_desc.o
 .data          0x00802000        0x0 src/ASF/xmega/drivers/dma/dma.o
 .data          0x00802000        0x0 src/ASF/xmega/drivers/tc/tc.o
 .data          0x00802000        0x0 src/ui.o
 .data          0x00802000        0x0 src/main.o
 .data          0x00802000        0x0 src/ASF/common/services/clock/xmega/sysclk.o
 .data          0x00802000        0x0 src/ASF/xmega/drivers/cpu/ccp.o
 .data          0x00802000        0x0 src/ASF/xmega/drivers/nvm/nvm.o
 .data          0x00802000        0x0 src/ASF/xmega/drivers/nvm/nvm_asm.o
 .data          0x00802000        0x0 src/ASF/common/services/sleepmgr/xmega/sleepmgr.o
 .data          0x00802000        0x0 src/ASF/common/services/usb/class/hid/device/udi_hid.o
 .data          0x00802000        0x0 src/ASF/common/services/usb/udc/udc.o
 .data          0x00802000        0x0 src/ASF/xmega/drivers/usb/usb_device.o
 .data          0x00802000        0x0 src/ASF/common/services/ioport/xmega/ioport_compat.o
 .data          0x00802000        0x0 src/ASF/xmega/boards/xmega_a3bu_xplained/init.o
 .data          0x00802000        0x0 c:/program files (x86)/atmel/atmel toolchain/avr8 gcc/native/3.4.2.876/avr8-gnu-toolchain/bin/../lib/gcc/avr/4.7.2/avrxmega6\libgcc.a(_udivmodhi4.o)
 .data          0x00802000        0x0 c:/program files (x86)/atmel/atmel toolchain/avr8 gcc/native/3.4.2.876/avr8-gnu-toolchain/bin/../lib/gcc/avr/4.7.2/avrxmega6\libgcc.a(_exit.o)
 .data          0x00802000        0x0 c:/program files (x86)/atmel/atmel toolchain/avr8 gcc/native/3.4.2.876/avr8-gnu-toolchain/bin/../lib/gcc/avr/4.7.2/avrxmega6\libgcc.a(_copy_data.o)
 .data          0x00802000        0x0 c:/program files (x86)/atmel/atmel toolchain/avr8 gcc/native/3.4.2.876/avr8-gnu-toolchain/bin/../lib/gcc/avr/4.7.2/avrxmega6\libgcc.a(_clear_bss.o)
 .data          0x00802000        0x0 c:/program files (x86)/atmel/atmel toolchain/avr8 gcc/native/3.4.2.876/avr8-gnu-toolchain/bin/../lib/gcc/avr/4.7.2/../../../../avr/lib/avrxmega6\libc.a(memcpy.o)
 *(.data*)
 .data.udi_hid_generic_report_desc
                0x00802000       0x35 src/ASF/common/services/usb/class/hid/device/generic/udi_hid_generic.o
                0x00802000                udi_hid_generic_report_desc
 .data.udi_api_hid_generic
                0x00802035        0xa src/ASF/common/services/usb/class/hid/device/generic/udi_hid_generic.o
                0x00802035                udi_api_hid_generic
 .data.udc_config
                0x0080203f        0x4 src/ASF/common/services/usb/class/hid/device/generic/udi_hid_generic_desc.o
                0x0080203f                udc_config
 .data.udc_config_fshs
                0x00802043        0x4 src/ASF/common/services/usb/class/hid/device/generic/udi_hid_generic_desc.o
                0x00802043                udc_config_fshs
 .data.udi_apis
                0x00802047        0x2 src/ASF/common/services/usb/class/hid/device/generic/udi_hid_generic_desc.o
                0x00802047                udi_apis
 *fill*         0x00802049        0x1 
 .data.udc_desc
                0x0080204a       0x2a src/ASF/common/services/usb/class/hid/device/generic/udi_hid_generic_desc.o
                0x0080204a                udc_desc
 .data.udc_device_desc
                0x00802074       0x12 src/ASF/common/services/usb/class/hid/device/generic/udi_hid_generic_desc.o
                0x00802074                udc_device_desc
 .data.udc_string_desc_languageid
                0x00802086        0x4 src/ASF/common/services/usb/udc/udc.o
 .data.udc_string_manufacturer_name
                0x0080208a        0xa src/ASF/common/services/usb/udc/udc.o
 .data.udc_string_product_name
                0x00802094        0xc src/ASF/common/services/usb/udc/udc.o
 .data.udc_string_desc
                0x008020a0       0x18 src/ASF/common/services/usb/udc/udc.o
 *(.rodata)
 *(.rodata*)
 *(.gnu.linkonce.d*)
                0x008020b8                . = ALIGN (0x2)
                0x008020b8                _edata = .
                0x008020b8                PROVIDE (__data_end, .)

.bss            0x008020b8      0x9bc
                0x008020b8                PROVIDE (__bss_start, .)
 *(.bss)
 *(.bss*)
 .bss.udi_hid_generic_rate
                0x008020b8        0x1 src/ASF/common/services/usb/class/hid/device/generic/udi_hid_generic.o
 .bss.udi_hid_generic_protocol
                0x008020b9        0x1 src/ASF/common/services/usb/class/hid/device/generic/udi_hid_generic.o
 .bss.udi_hid_generic_b_report_in_free
                0x008020ba        0x1 src/ASF/common/services/usb/class/hid/device/generic/udi_hid_generic.o
 *fill*         0x008020bb        0x1 
 .bss.udi_hid_generic_report_out
                0x008020bc        0x8 src/ASF/common/services/usb/class/hid/device/generic/udi_hid_generic.o
 .bss.udi_hid_generic_report_feature
                0x008020c4        0x4 src/ASF/common/services/usb/class/hid/device/generic/udi_hid_generic.o
 .bss.udi_hid_generic_report_in
                0x008020c8       0x40 src/ASF/common/services/usb/class/hid/device/generic/udi_hid_generic.o
 .bss.adca_enable_count
                0x00802108        0x1 src/ASF/xmega/drivers/adc/adc.o
 .bss.adcb_enable_count
                0x00802109        0x1 src/ASF/xmega/drivers/adc/adc.o
 .bss.tc_tcc0_ovf_callback
                0x0080210a        0x2 src/ASF/xmega/drivers/tc/tc.o
 .bss.tc_tcc0_err_callback
                0x0080210c        0x2 src/ASF/xmega/drivers/tc/tc.o
 .bss.tc_tcc0_cca_callback
                0x0080210e        0x2 src/ASF/xmega/drivers/tc/tc.o
 .bss.tc_tcc0_ccb_callback
                0x00802110        0x2 src/ASF/xmega/drivers/tc/tc.o
 .bss.tc_tcc0_ccc_callback
                0x00802112        0x2 src/ASF/xmega/drivers/tc/tc.o
 .bss.tc_tcc0_ccd_callback
                0x00802114        0x2 src/ASF/xmega/drivers/tc/tc.o
 .bss.tc_tcc1_ovf_callback
                0x00802116        0x2 src/ASF/xmega/drivers/tc/tc.o
 .bss.tc_tcc1_err_callback
                0x00802118        0x2 src/ASF/xmega/drivers/tc/tc.o
 .bss.tc_tcc1_cca_callback
                0x0080211a        0x2 src/ASF/xmega/drivers/tc/tc.o
 .bss.tc_tcc1_ccb_callback
                0x0080211c        0x2 src/ASF/xmega/drivers/tc/tc.o
 .bss.tc_tcd0_ovf_callback
                0x0080211e        0x2 src/ASF/xmega/drivers/tc/tc.o
 .bss.tc_tcd0_err_callback
                0x00802120        0x2 src/ASF/xmega/drivers/tc/tc.o
 .bss.tc_tcd0_cca_callback
                0x00802122        0x2 src/ASF/xmega/drivers/tc/tc.o
 .bss.tc_tcd0_ccb_callback
                0x00802124        0x2 src/ASF/xmega/drivers/tc/tc.o
 .bss.tc_tcd0_ccc_callback
                0x00802126        0x2 src/ASF/xmega/drivers/tc/tc.o
 .bss.tc_tcd0_ccd_callback
                0x00802128        0x2 src/ASF/xmega/drivers/tc/tc.o
 .bss.tc_tcd1_ovf_callback
                0x0080212a        0x2 src/ASF/xmega/drivers/tc/tc.o
 .bss.tc_tcd1_err_callback
                0x0080212c        0x2 src/ASF/xmega/drivers/tc/tc.o
 .bss.tc_tcd1_cca_callback
                0x0080212e        0x2 src/ASF/xmega/drivers/tc/tc.o
 .bss.tc_tcd1_ccb_callback
                0x00802130        0x2 src/ASF/xmega/drivers/tc/tc.o
 .bss.tc_tce0_ovf_callback
                0x00802132        0x2 src/ASF/xmega/drivers/tc/tc.o
 .bss.tc_tce0_err_callback
                0x00802134        0x2 src/ASF/xmega/drivers/tc/tc.o
 .bss.tc_tce0_cca_callback
                0x00802136        0x2 src/ASF/xmega/drivers/tc/tc.o
 .bss.tc_tce0_ccb_callback
                0x00802138        0x2 src/ASF/xmega/drivers/tc/tc.o
 .bss.tc_tce0_ccc_callback
                0x0080213a        0x2 src/ASF/xmega/drivers/tc/tc.o
 .bss.tc_tce0_ccd_callback
                0x0080213c        0x2 src/ASF/xmega/drivers/tc/tc.o
 .bss.tc_tce1_ovf_callback
                0x0080213e        0x2 src/ASF/xmega/drivers/tc/tc.o
 .bss.tc_tce1_err_callback
                0x00802140        0x2 src/ASF/xmega/drivers/tc/tc.o
 .bss.tc_tce1_cca_callback
                0x00802142        0x2 src/ASF/xmega/drivers/tc/tc.o
 .bss.tc_tce1_ccb_callback
                0x00802144        0x2 src/ASF/xmega/drivers/tc/tc.o
 .bss.tc_tcf0_ovf_callback
                0x00802146        0x2 src/ASF/xmega/drivers/tc/tc.o
 .bss.tc_tcf0_err_callback
                0x00802148        0x2 src/ASF/xmega/drivers/tc/tc.o
 .bss.tc_tcf0_cca_callback
                0x0080214a        0x2 src/ASF/xmega/drivers/tc/tc.o
 .bss.tc_tcf0_ccb_callback
                0x0080214c        0x2 src/ASF/xmega/drivers/tc/tc.o
 .bss.tc_tcf0_ccc_callback
                0x0080214e        0x2 src/ASF/xmega/drivers/tc/tc.o
 .bss.tc_tcf0_ccd_callback
                0x00802150        0x2 src/ASF/xmega/drivers/tc/tc.o
 .bss.adc_indx  0x00802152        0x2 src/ui.o
 .bss.cpt_sof.6092
                0x00802154        0x1 src/ui.o
 .bss.main_b_generic_enable
                0x00802155        0x1 src/main.o
 .bss.udc_ptr_iface
                0x00802156        0x2 src/ASF/common/services/usb/udc/udc.o
 .bss.udc_num_configuration
                0x00802158        0x1 src/ASF/common/services/usb/udc/udc.o
 .bss.udc_ptr_conf
                0x00802159        0x2 src/ASF/common/services/usb/udc/udc.o
 .bss.udc_device_status
                0x0080215b        0x2 src/ASF/common/services/usb/udc/udc.o
 .bss.udc_iface_setting.4420
                0x0080215d        0x1 src/ASF/common/services/usb/udc/udc.o
 .bss.udc_ep_status.4362
                0x0080215e        0x2 src/ASF/common/services/usb/udc/udc.o
 .bss.udd_sram  0x00802160       0x40 src/ASF/xmega/drivers/usb/usb_device.o
 .bss.udd_ep_job
                0x008021a0       0x24 src/ASF/xmega/drivers/usb/usb_device.o
 .bss.udd_b_idle
                0x008021c4        0x1 src/ASF/xmega/drivers/usb/usb_device.o
 .bss.udd_ep_out_cache_buffer
                0x008021c5       0x80 src/ASF/xmega/drivers/usb/usb_device.o
 .bss.udd_ctrl_buffer
                0x00802245        0x8 src/ASF/xmega/drivers/usb/usb_device.o
 .bss.udd_ep_control_state
                0x0080224d        0x1 src/ASF/xmega/drivers/usb/usb_device.o
 .bss.udd_ctrl_prev_payload_nb_trans
                0x0080224e        0x2 src/ASF/xmega/drivers/usb/usb_device.o
 .bss.udd_ctrl_payload_nb_trans
                0x00802250        0x2 src/ASF/xmega/drivers/usb/usb_device.o
 .bss.b_shortpacket.5068
                0x00802252        0x1 src/ASF/xmega/drivers/usb/usb_device.o
 *(COMMON)
 COMMON         0x00802253      0x800 src/adc_dma.o
                0x00802253                adc_data
 COMMON         0x00802a53        0x8 src/ASF/xmega/drivers/dma/dma.o
                0x00802a53                dma_data
 COMMON         0x00802a5b        0x3 src/ui.o
                0x00802a5b                adc_data_busy
                0x00802a5c                adc_data_ready
                0x00802a5d                adc_data_dlbusy
 COMMON         0x00802a5e        0x6 src/ASF/common/services/sleepmgr/xmega/sleepmgr.o
                0x00802a5e                sleepmgr_locks
 COMMON         0x00802a64       0x10 src/ASF/xmega/drivers/usb/usb_device.o
                0x00802a64                udd_g_ctrlreq
                0x00802a74                PROVIDE (__bss_end, .)
                0x000031e0                __data_load_start = LOADADDR (.data)
                0x00003298                __data_load_end = (__data_load_start + SIZEOF (.data))

.noinit         0x00802a74        0x0
                0x00802a74                PROVIDE (__noinit_start, .)
 *(.noinit*)
                0x00802a74                PROVIDE (__noinit_end, .)
                0x00802a74                _end = .
                0x00802a74                PROVIDE (__heap_start, .)

.eeprom         0x00810000        0x0
 *(.eeprom*)
                0x00810000                __eeprom_end = .

.fuse
 *(.fuse)
 *(.lfuse)
 *(.hfuse)
 *(.efuse)

.lock
 *(.lock*)

.signature
 *(.signature*)

.user_signatures
 *(.user_signatures*)

.stab           0x00000000      0x768
 *(.stab)
 .stab          0x00000000      0x6e4 c:/program files (x86)/atmel/atmel toolchain/avr8 gcc/native/3.4.2.876/avr8-gnu-toolchain/bin/../lib/gcc/avr/4.7.2/../../../../avr/lib/avrxmega6/crtx256a3bu.o
 .stab          0x000006e4       0x84 c:/program files (x86)/atmel/atmel toolchain/avr8 gcc/native/3.4.2.876/avr8-gnu-toolchain/bin/../lib/gcc/avr/4.7.2/../../../../avr/lib/avrxmega6\libc.a(memcpy.o)
                                 0x90 (size before relaxing)

.stabstr        0x00000000       0xe1
 *(.stabstr)
 .stabstr       0x00000000       0xe1 c:/program files (x86)/atmel/atmel toolchain/avr8 gcc/native/3.4.2.876/avr8-gnu-toolchain/bin/../lib/gcc/avr/4.7.2/../../../../avr/lib/avrxmega6/crtx256a3bu.o

.stab.excl
 *(.stab.excl)

.stab.exclstr
 *(.stab.exclstr)

.stab.index
 *(.stab.index)

.stab.indexstr
 *(.stab.indexstr)

.comment        0x00000000       0x2f
 *(.comment)
 .comment       0x00000000       0x2f src/adc_dma.o
                                 0x30 (size before relaxing)
 .comment       0x00000000       0x30 src/ASF/common/services/hugemem/avr8/avr8_hugemem.o
 .comment       0x00000000       0x30 src/ASF/common/services/usb/class/hid/device/generic/udi_hid_generic.o
 .comment       0x00000000       0x30 src/ASF/xmega/drivers/adc/adc.o
 .comment       0x00000000       0x30 src/ASF/xmega/drivers/adc/xmega_aau/adc_aau.o
 .comment       0x00000000       0x30 src/ASF/common/services/usb/class/hid/device/generic/udi_hid_generic_desc.o
 .comment       0x00000000       0x30 src/ASF/xmega/drivers/dma/dma.o
 .comment       0x00000000       0x30 src/ASF/xmega/drivers/tc/tc.o
 .comment       0x00000000       0x30 src/ui.o
 .comment       0x00000000       0x30 src/main.o
 .comment       0x00000000       0x30 src/ASF/common/services/clock/xmega/sysclk.o
 .comment       0x00000000       0x30 src/ASF/xmega/drivers/nvm/nvm.o
 .comment       0x00000000       0x30 src/ASF/common/services/sleepmgr/xmega/sleepmgr.o
 .comment       0x00000000       0x30 src/ASF/common/services/usb/class/hid/device/udi_hid.o
 .comment       0x00000000       0x30 src/ASF/common/services/usb/udc/udc.o
 .comment       0x00000000       0x30 src/ASF/xmega/drivers/usb/usb_device.o
 .comment       0x00000000       0x30 src/ASF/common/services/ioport/xmega/ioport_compat.o
 .comment       0x00000000       0x30 src/ASF/xmega/boards/xmega_a3bu_xplained/init.o

.debug
 *(.debug)

.line
 *(.line)

.debug_srcinfo
 *(.debug_srcinfo)

.debug_sfnames
 *(.debug_sfnames)

.debug_aranges  0x00000000      0x770
 *(.debug_aranges)
 .debug_aranges
                0x00000000       0x58 src/adc_dma.o
 .debug_aranges
                0x00000058       0x18 src/ASF/common/services/hugemem/avr8/avr8_hugemem.o
 .debug_aranges
                0x00000070       0x68 src/ASF/common/services/usb/class/hid/device/generic/udi_hid_generic.o
 .debug_aranges
                0x000000d8       0x40 src/ASF/xmega/drivers/adc/adc.o
 .debug_aranges
                0x00000118       0x38 src/ASF/xmega/drivers/adc/xmega_aau/adc_aau.o
 .debug_aranges
                0x00000150       0x18 src/ASF/common/services/usb/class/hid/device/generic/udi_hid_generic_desc.o
 .debug_aranges
                0x00000168       0x68 src/ASF/xmega/drivers/dma/dma.o
 .debug_aranges
                0x000001d0      0x178 src/ASF/xmega/drivers/tc/tc.o
 .debug_aranges
                0x00000348       0x58 src/ui.o
 .debug_aranges
                0x000003a0       0x60 src/main.o
 .debug_aranges
                0x00000400       0x40 src/ASF/common/services/clock/xmega/sysclk.o
 .debug_aranges
                0x00000440       0x20 src/ASF/xmega/drivers/cpu/ccp.o
 .debug_aranges
                0x00000460       0xc0 src/ASF/xmega/drivers/nvm/nvm.o
 .debug_aranges
                0x00000520       0x28 src/ASF/xmega/drivers/nvm/nvm_asm.o
 .debug_aranges
                0x00000548       0x18 src/ASF/common/services/sleepmgr/xmega/sleepmgr.o
 .debug_aranges
                0x00000560       0x20 src/ASF/common/services/usb/class/hid/device/udi_hid.o
 .debug_aranges
                0x00000580       0x78 src/ASF/common/services/usb/udc/udc.o
 .debug_aranges
                0x000005f8      0x138 src/ASF/xmega/drivers/usb/usb_device.o
 .debug_aranges
                0x00000730       0x20 src/ASF/common/services/ioport/xmega/ioport_compat.o
 .debug_aranges
                0x00000750       0x20 src/ASF/xmega/boards/xmega_a3bu_xplained/init.o

.debug_pubnames
 *(.debug_pubnames)

.debug_info     0x00000000     0xe27c
 *(.debug_info)
 .debug_info    0x00000000     0x2fe1 src/adc_dma.o
 .debug_info    0x00002fe1       0x6f src/ASF/common/services/hugemem/avr8/avr8_hugemem.o
 .debug_info    0x00003050      0x709 src/ASF/common/services/usb/class/hid/device/generic/udi_hid_generic.o
 .debug_info    0x00003759      0x9ce src/ASF/xmega/drivers/adc/adc.o
 .debug_info    0x00004127      0xcee src/ASF/xmega/drivers/adc/xmega_aau/adc_aau.o
 .debug_info    0x00004e15      0x61e src/ASF/common/services/usb/class/hid/device/generic/udi_hid_generic_desc.o
 .debug_info    0x00005433      0xa53 src/ASF/xmega/drivers/dma/dma.o
 .debug_info    0x00005e86     0x1943 src/ASF/xmega/drivers/tc/tc.o
 .debug_info    0x000077c9      0xa09 src/ui.o
 .debug_info    0x000081d2      0x503 src/main.o
 .debug_info    0x000086d5      0xc46 src/ASF/common/services/clock/xmega/sysclk.o
 .debug_info    0x0000931b       0xb9 src/ASF/xmega/drivers/cpu/ccp.o
 .debug_info    0x000093d4     0x13c2 src/ASF/xmega/drivers/nvm/nvm.o
 .debug_info    0x0000a796       0xb9 src/ASF/xmega/drivers/nvm/nvm_asm.o
 .debug_info    0x0000a84f      0x121 src/ASF/common/services/sleepmgr/xmega/sleepmgr.o
 .debug_info    0x0000a970      0x416 src/ASF/common/services/usb/class/hid/device/udi_hid.o
 .debug_info    0x0000ad86     0x1138 src/ASF/common/services/usb/udc/udc.o
 .debug_info    0x0000bebe     0x1d53 src/ASF/xmega/drivers/usb/usb_device.o
 .debug_info    0x0000dc11      0x11d src/ASF/common/services/ioport/xmega/ioport_compat.o
 .debug_info    0x0000dd2e      0x54e src/ASF/xmega/boards/xmega_a3bu_xplained/init.o
 *(.gnu.linkonce.wi.*)

.debug_abbrev   0x00000000     0x2c24
 *(.debug_abbrev)
 .debug_abbrev  0x00000000      0x3fa src/adc_dma.o
 .debug_abbrev  0x000003fa       0x29 src/ASF/common/services/hugemem/avr8/avr8_hugemem.o
 .debug_abbrev  0x00000423      0x33e src/ASF/common/services/usb/class/hid/device/generic/udi_hid_generic.o
 .debug_abbrev  0x00000761      0x281 src/ASF/xmega/drivers/adc/adc.o
 .debug_abbrev  0x000009e2      0x334 src/ASF/xmega/drivers/adc/xmega_aau/adc_aau.o
 .debug_abbrev  0x00000d16       0xef src/ASF/common/services/usb/class/hid/device/generic/udi_hid_generic_desc.o
 .debug_abbrev  0x00000e05      0x30e src/ASF/xmega/drivers/dma/dma.o
 .debug_abbrev  0x00001113      0x2a7 src/ASF/xmega/drivers/tc/tc.o
 .debug_abbrev  0x000013ba      0x267 src/ui.o
 .debug_abbrev  0x00001621      0x1ed src/main.o
 .debug_abbrev  0x0000180e      0x2cd src/ASF/common/services/clock/xmega/sysclk.o
 .debug_abbrev  0x00001adb       0x14 src/ASF/xmega/drivers/cpu/ccp.o
 .debug_abbrev  0x00001aef      0x3f4 src/ASF/xmega/drivers/nvm/nvm.o
 .debug_abbrev  0x00001ee3       0x12 src/ASF/xmega/drivers/nvm/nvm_asm.o
 .debug_abbrev  0x00001ef5       0x80 src/ASF/common/services/sleepmgr/xmega/sleepmgr.o
 .debug_abbrev  0x00001f75      0x180 src/ASF/common/services/usb/class/hid/device/udi_hid.o
 .debug_abbrev  0x000020f5      0x395 src/ASF/common/services/usb/udc/udc.o
 .debug_abbrev  0x0000248a      0x5a7 src/ASF/xmega/drivers/usb/usb_device.o
 .debug_abbrev  0x00002a31       0x93 src/ASF/common/services/ioport/xmega/ioport_compat.o
 .debug_abbrev  0x00002ac4      0x160 src/ASF/xmega/boards/xmega_a3bu_xplained/init.o

.debug_line     0x00000000     0xa61a
 *(.debug_line)
 .debug_line    0x00000000      0xc9f src/adc_dma.o
 .debug_line    0x00000c9f      0x456 src/ASF/common/services/hugemem/avr8/avr8_hugemem.o
 .debug_line    0x000010f5      0x724 src/ASF/common/services/usb/class/hid/device/generic/udi_hid_generic.o
 .debug_line    0x00001819      0x764 src/ASF/xmega/drivers/adc/adc.o
 .debug_line    0x00001f7d      0x887 src/ASF/xmega/drivers/adc/xmega_aau/adc_aau.o
 .debug_line    0x00002804      0x562 src/ASF/common/services/usb/class/hid/device/generic/udi_hid_generic_desc.o
 .debug_line    0x00002d66      0x93e src/ASF/xmega/drivers/dma/dma.o
 .debug_line    0x000036a4      0xec6 src/ASF/xmega/drivers/tc/tc.o
 .debug_line    0x0000456a      0xb5e src/ui.o
 .debug_line    0x000050c8      0xb68 src/main.o
 .debug_line    0x00005c30      0x75f src/ASF/common/services/clock/xmega/sysclk.o
 .debug_line    0x0000638f       0x6e src/ASF/xmega/drivers/cpu/ccp.o
 .debug_line    0x000063fd      0xbb2 src/ASF/xmega/drivers/nvm/nvm.o
 .debug_line    0x00006faf      0x11f src/ASF/xmega/drivers/nvm/nvm_asm.o
 .debug_line    0x000070ce      0x47b src/ASF/common/services/sleepmgr/xmega/sleepmgr.o
 .debug_line    0x00007549      0x654 src/ASF/common/services/usb/class/hid/device/udi_hid.o
 .debug_line    0x00007b9d      0xba3 src/ASF/common/services/usb/udc/udc.o
 .debug_line    0x00008740     0x1503 src/ASF/xmega/drivers/usb/usb_device.o
 .debug_line    0x00009c43      0x4d4 src/ASF/common/services/ioport/xmega/ioport_compat.o
 .debug_line    0x0000a117      0x503 src/ASF/xmega/boards/xmega_a3bu_xplained/init.o

.debug_frame    0x00000000     0x1d68
 *(.debug_frame)
 .debug_frame   0x00000000       0xf0 src/adc_dma.o
 .debug_frame   0x000000f0       0xd0 src/ASF/common/services/usb/class/hid/device/generic/udi_hid_generic.o
 .debug_frame   0x000001c0       0x7c src/ASF/xmega/drivers/adc/adc.o
 .debug_frame   0x0000023c       0xe4 src/ASF/xmega/drivers/adc/xmega_aau/adc_aau.o
 .debug_frame   0x00000320      0x1e0 src/ASF/xmega/drivers/dma/dma.o
 .debug_frame   0x00000500      0xd04 src/ASF/xmega/drivers/tc/tc.o
 .debug_frame   0x00001204       0xdc src/ui.o
 .debug_frame   0x000012e0       0xb4 src/main.o
 .debug_frame   0x00001394       0x80 src/ASF/common/services/clock/xmega/sysclk.o
 .debug_frame   0x00001414      0x354 src/ASF/xmega/drivers/nvm/nvm.o
 .debug_frame   0x00001768       0x30 src/ASF/common/services/usb/class/hid/device/udi_hid.o
 .debug_frame   0x00001798      0x148 src/ASF/common/services/usb/udc/udc.o
 .debug_frame   0x000018e0      0x434 src/ASF/xmega/drivers/usb/usb_device.o
 .debug_frame   0x00001d14       0x30 src/ASF/common/services/ioport/xmega/ioport_compat.o
 .debug_frame   0x00001d44       0x24 src/ASF/xmega/boards/xmega_a3bu_xplained/init.o

.debug_str      0x00000000    0x304ae
 *(.debug_str)
 .debug_str     0x00000000    0x2a612 src/adc_dma.o
                              0x2af38 (size before relaxing)
 .debug_str     0x0002a612       0x37 src/ASF/common/services/hugemem/avr8/avr8_hugemem.o
                              0x22a9a (size before relaxing)
 .debug_str     0x0002a649      0x42f src/ASF/common/services/usb/class/hid/device/generic/udi_hid_generic.o
                              0x25487 (size before relaxing)
 .debug_str     0x0002aa78      0x1a0 src/ASF/xmega/drivers/adc/adc.o
                              0x25891 (size before relaxing)
 .debug_str     0x0002ac18      0x487 src/ASF/xmega/drivers/adc/xmega_aau/adc_aau.o
                              0x25aad (size before relaxing)
 .debug_str     0x0002b09f      0x4ce src/ASF/common/services/usb/class/hid/device/generic/udi_hid_generic_desc.o
                              0x25395 (size before relaxing)
 .debug_str     0x0002b56d       0xce src/ASF/xmega/drivers/dma/dma.o
                              0x255c5 (size before relaxing)
 .debug_str     0x0002b63b      0x59f src/ASF/xmega/drivers/tc/tc.o
                              0x259b9 (size before relaxing)
 .debug_str     0x0002bbda      0x11f src/ui.o
                              0x28a64 (size before relaxing)
 .debug_str     0x0002bcf9       0xe1 src/main.o
                              0x28b0d (size before relaxing)
 .debug_str     0x0002bdda      0x312 src/ASF/common/services/clock/xmega/sysclk.o
                              0x253d5 (size before relaxing)
 .debug_str     0x0002c0ec      0x54b src/ASF/xmega/drivers/nvm/nvm.o
                              0x23488 (size before relaxing)
 .debug_str     0x0002c637       0x35 src/ASF/common/services/sleepmgr/xmega/sleepmgr.o
                              0x22d5a (size before relaxing)
 .debug_str     0x0002c66c      0x220 src/ASF/common/services/usb/class/hid/device/udi_hid.o
                              0x2527e (size before relaxing)
 .debug_str     0x0002c88c      0x6a1 src/ASF/common/services/usb/udc/udc.o
                              0x25a2b (size before relaxing)
 .debug_str     0x0002cf2d     0x350d src/ASF/xmega/drivers/usb/usb_device.o
                              0x2b51a (size before relaxing)
 .debug_str     0x0003043a       0x41 src/ASF/common/services/ioport/xmega/ioport_compat.o
                              0x22f26 (size before relaxing)
 .debug_str     0x0003047b       0x33 src/ASF/xmega/boards/xmega_a3bu_xplained/init.o
                              0x24753 (size before relaxing)

.debug_loc      0x00000000     0x650a
 *(.debug_loc)
 .debug_loc     0x00000000      0x26b src/adc_dma.o
 .debug_loc     0x0000026b      0x15e src/ASF/common/services/usb/class/hid/device/generic/udi_hid_generic.o
 .debug_loc     0x000003c9      0x220 src/ASF/xmega/drivers/adc/adc.o
 .debug_loc     0x000005e9      0x6c7 src/ASF/xmega/drivers/adc/xmega_aau/adc_aau.o
 .debug_loc     0x00000cb0      0x504 src/ASF/xmega/drivers/dma/dma.o
 .debug_loc     0x000011b4     0x206a src/ASF/xmega/drivers/tc/tc.o
 .debug_loc     0x0000321e      0x2c3 src/ui.o
 .debug_loc     0x000034e1       0xed src/main.o
 .debug_loc     0x000035ce      0x345 src/ASF/common/services/clock/xmega/sysclk.o
 .debug_loc     0x00003913     0x10cf src/ASF/xmega/drivers/nvm/nvm.o
 .debug_loc     0x000049e2      0x318 src/ASF/common/services/usb/class/hid/device/udi_hid.o
 .debug_loc     0x00004cfa      0x68c src/ASF/common/services/usb/udc/udc.o
 .debug_loc     0x00005386     0x1141 src/ASF/xmega/drivers/usb/usb_device.o
 .debug_loc     0x000064c7       0x43 src/ASF/common/services/ioport/xmega/ioport_compat.o

.debug_macinfo
 *(.debug_macinfo)

.debug_pubtypes
 *(.debug_pubtypes)

.debug_ranges   0x00000000      0x688
 *(.debug_ranges)
 .debug_ranges  0x00000000       0x60 src/adc_dma.o
 .debug_ranges  0x00000060       0x58 src/ASF/common/services/usb/class/hid/device/generic/udi_hid_generic.o
 .debug_ranges  0x000000b8       0x30 src/ASF/xmega/drivers/adc/adc.o
 .debug_ranges  0x000000e8       0x28 src/ASF/xmega/drivers/adc/xmega_aau/adc_aau.o
 .debug_ranges  0x00000110       0x58 src/ASF/xmega/drivers/dma/dma.o
 .debug_ranges  0x00000168      0x168 src/ASF/xmega/drivers/tc/tc.o
 .debug_ranges  0x000002d0       0x48 src/ui.o
 .debug_ranges  0x00000318       0x50 src/main.o
 .debug_ranges  0x00000368       0x30 src/ASF/common/services/clock/xmega/sysclk.o
 .debug_ranges  0x00000398       0xb0 src/ASF/xmega/drivers/nvm/nvm.o
 .debug_ranges  0x00000448       0x20 src/ASF/xmega/drivers/nvm/nvm_asm.o
 .debug_ranges  0x00000468       0x10 src/ASF/common/services/usb/class/hid/device/udi_hid.o
 .debug_ranges  0x00000478       0xb0 src/ASF/common/services/usb/udc/udc.o
 .debug_ranges  0x00000528      0x140 src/ASF/xmega/drivers/usb/usb_device.o
 .debug_ranges  0x00000668       0x10 src/ASF/common/services/ioport/xmega/ioport_compat.o
 .debug_ranges  0x00000678       0x10 src/ASF/xmega/boards/xmega_a3bu_xplained/init.o

.debug_macro    0x00000000     0xc2a8
 *(.debug_macro)
 .debug_macro   0x00000000      0x3e1 src/adc_dma.o
 .debug_macro   0x000003e1      0x5ec src/adc_dma.o
 .debug_macro   0x000009cd       0x10 src/adc_dma.o
 .debug_macro   0x000009dd      0x1ad src/adc_dma.o
 .debug_macro   0x00000b8a      0x293 src/adc_dma.o
 .debug_macro   0x00000e1d       0x9e src/adc_dma.o
 .debug_macro   0x00000ebb     0x5bf6 src/adc_dma.o
 .debug_macro   0x00006ab1       0x9a src/adc_dma.o
 .debug_macro   0x00006b4b       0xf1 src/adc_dma.o
 .debug_macro   0x00006c3c       0x34 src/adc_dma.o
 .debug_macro   0x00006c70       0x18 src/adc_dma.o
 .debug_macro   0x00006c88       0x5e src/adc_dma.o
 .debug_macro   0x00006ce6       0x10 src/adc_dma.o
 .debug_macro   0x00006cf6       0x22 src/adc_dma.o
 .debug_macro   0x00006d18      0x16c src/adc_dma.o
 .debug_macro   0x00006e84       0x1c src/adc_dma.o
 .debug_macro   0x00006ea0       0x35 src/adc_dma.o
 .debug_macro   0x00006ed5       0x51 src/adc_dma.o
 .debug_macro   0x00006f26      0x2bd src/adc_dma.o
 .debug_macro   0x000071e3       0x97 src/adc_dma.o
 .debug_macro   0x0000727a       0x17 src/adc_dma.o
 .debug_macro   0x00007291      0x250 src/adc_dma.o
 .debug_macro   0x000074e1       0x76 src/adc_dma.o
 .debug_macro   0x00007557       0x16 src/adc_dma.o
 .debug_macro   0x0000756d      0x6e0 src/adc_dma.o
 .debug_macro   0x00007c4d       0x10 src/adc_dma.o
 .debug_macro   0x00007c5d      0x160 src/adc_dma.o
 .debug_macro   0x00007dbd       0x40 src/adc_dma.o
 .debug_macro   0x00007dfd       0x69 src/adc_dma.o
 .debug_macro   0x00007e66       0x32 src/adc_dma.o
 .debug_macro   0x00007e98       0xe4 src/adc_dma.o
 .debug_macro   0x00007f7c       0x20 src/adc_dma.o
 .debug_macro   0x00007f9c       0x10 src/adc_dma.o
 .debug_macro   0x00007fac       0x5e src/adc_dma.o
 .debug_macro   0x0000800a       0x2e src/adc_dma.o
 .debug_macro   0x00008038      0x1bb src/adc_dma.o
 .debug_macro   0x000081f3      0x2f4 src/adc_dma.o
 .debug_macro   0x000084e7       0x7b src/adc_dma.o
 .debug_macro   0x00008562       0x2f src/adc_dma.o
 .debug_macro   0x00008591      0x154 src/adc_dma.o
 .debug_macro   0x000086e5       0xc0 src/adc_dma.o
 .debug_macro   0x000087a5       0x34 src/adc_dma.o
 .debug_macro   0x000087d9       0x16 src/adc_dma.o
 .debug_macro   0x000087ef       0x10 src/adc_dma.o
 .debug_macro   0x000087ff       0x82 src/adc_dma.o
 .debug_macro   0x00008881      0x109 src/adc_dma.o
 .debug_macro   0x0000898a       0x40 src/adc_dma.o
 .debug_macro   0x000089ca       0x12 src/adc_dma.o
 .debug_macro   0x000089dc       0x8e src/adc_dma.o
 .debug_macro   0x00008a6a       0x28 src/adc_dma.o
 .debug_macro   0x00008a92      0x233 src/adc_dma.o
 .debug_macro   0x00008cc5       0xbb src/adc_dma.o
 .debug_macro   0x00008d80      0x44f src/adc_dma.o
 .debug_macro   0x000091cf       0x16 src/adc_dma.o
 .debug_macro   0x000091e5       0x10 src/adc_dma.o
 .debug_macro   0x000091f5       0x22 src/adc_dma.o
 .debug_macro   0x00009217       0x1c src/adc_dma.o
 .debug_macro   0x00009233       0x10 src/adc_dma.o
 .debug_macro   0x00009243      0x19a src/ASF/common/services/hugemem/avr8/avr8_hugemem.o
 .debug_macro   0x000093dd      0x10e src/ASF/common/services/hugemem/avr8/avr8_hugemem.o
 .debug_macro   0x000094eb       0x20 src/ASF/common/services/hugemem/avr8/avr8_hugemem.o
 .debug_macro   0x0000950b      0x299 src/ASF/common/services/hugemem/avr8/avr8_hugemem.o
 .debug_macro   0x000097a4       0x85 src/ASF/common/services/hugemem/avr8/avr8_hugemem.o
 .debug_macro   0x00009829      0x226 src/ASF/common/services/usb/class/hid/device/generic/udi_hid_generic.o
 .debug_macro   0x00009a4f       0x88 src/ASF/common/services/usb/class/hid/device/generic/udi_hid_generic.o
 .debug_macro   0x00009ad7       0x1c src/ASF/common/services/usb/class/hid/device/generic/udi_hid_generic.o
 .debug_macro   0x00009af3      0x226 src/ASF/xmega/drivers/adc/adc.o
 .debug_macro   0x00009d19      0x226 src/ASF/xmega/drivers/adc/xmega_aau/adc_aau.o
 .debug_macro   0x00009f3f      0x206 src/ASF/common/services/usb/class/hid/device/generic/udi_hid_generic_desc.o
 .debug_macro   0x0000a145      0x26c src/ASF/xmega/drivers/dma/dma.o
 .debug_macro   0x0000a3b1      0x21b src/ASF/xmega/drivers/tc/tc.o
 .debug_macro   0x0000a5cc      0x3b8 src/ui.o
 .debug_macro   0x0000a984      0x3b8 src/main.o
 .debug_macro   0x0000ad3c      0x1d1 src/ASF/common/services/clock/xmega/sysclk.o
 .debug_macro   0x0000af0d       0x26 src/ASF/common/services/clock/xmega/sysclk.o
 .debug_macro   0x0000af33      0x18e src/ASF/xmega/drivers/nvm/nvm.o
 .debug_macro   0x0000b0c1      0x199 src/ASF/common/services/sleepmgr/xmega/sleepmgr.o
 .debug_macro   0x0000b25a      0x20e src/ASF/common/services/usb/class/hid/device/udi_hid.o
 .debug_macro   0x0000b468      0x213 src/ASF/common/services/usb/udc/udc.o
 .debug_macro   0x0000b67b      0x2dc src/ASF/xmega/drivers/usb/usb_device.o
 .debug_macro   0x0000b957      0x467 src/ASF/xmega/drivers/usb/usb_device.o
 .debug_macro   0x0000bdbe      0x189 src/ASF/common/services/ioport/xmega/ioport_compat.o
 .debug_macro   0x0000bf47      0x1ac src/ASF/xmega/boards/xmega_a3bu_xplained/init.o
 .debug_macro   0x0000c0f3      0x1b5 src/ASF/xmega/boards/xmega_a3bu_xplained/init.o
OUTPUT(CWADC_HID.elf elf32-avr)
LOAD linker stubs

.BOOT           0x00040000        0x0
