Archive member included because of file (symbol)

c:/program files (x86)/atmel/atmel toolchain/avr8 gcc/native/3.4.2.876/avr8-gnu-toolchain/bin/../lib/gcc/avr/4.7.2/avrxmega6\libgcc.a(_udivmodhi4.o)
                              src/ASF/xmega/drivers/usb/usb_device.o (__udivmodhi4)
c:/program files (x86)/atmel/atmel toolchain/avr8 gcc/native/3.4.2.876/avr8-gnu-toolchain/bin/../lib/gcc/avr/4.7.2/avrxmega6\libgcc.a(_exit.o)
                              c:/program files (x86)/atmel/atmel toolchain/avr8 gcc/native/3.4.2.876/avr8-gnu-toolchain/bin/../lib/gcc/avr/4.7.2/../../../../avr/lib/avrxmega6/crtx256a3bu.o (exit)
c:/program files (x86)/atmel/atmel toolchain/avr8 gcc/native/3.4.2.876/avr8-gnu-toolchain/bin/../lib/gcc/avr/4.7.2/avrxmega6\libgcc.a(_copy_data.o)
                              src/ASF/common/services/usb/class/hid/device/generic/udi_hid_generic.o (__do_copy_data)
c:/program files (x86)/atmel/atmel toolchain/avr8 gcc/native/3.4.2.876/avr8-gnu-toolchain/bin/../lib/gcc/avr/4.7.2/avrxmega6\libgcc.a(_clear_bss.o)
                              src/adc_dma.o (__do_clear_bss)
c:/program files (x86)/atmel/atmel toolchain/avr8 gcc/native/3.4.2.876/avr8-gnu-toolchain/bin/../lib/gcc/avr/4.7.2/avrxmega6\libgcc.a(_umulhisi3.o)
                              src/ui.o (__umulhisi3)
c:/program files (x86)/atmel/atmel toolchain/avr8 gcc/native/3.4.2.876/avr8-gnu-toolchain/bin/../lib/gcc/avr/4.7.2/../../../../avr/lib/avrxmega6\libc.a(memcpy.o)
                              src/ASF/xmega/drivers/nvm/nvm.o (memcpy)

Allocating common symbols
Common symbol       size              file

adc_data_busy       0x1               src/ui.o
adc_data_ready      0x1               src/ui.o
adc_data_dlbusy     0x1               src/ui.o
dma_data            0x8               src/ASF/xmega/drivers/dma/dma.o
udd_g_ctrlreq       0x10              src/ASF/xmega/drivers/usb/usb_device.o
adc_data            0x800             src/adc_dma.o
sleepmgr_locks      0x6               src/ASF/common/services/sleepmgr/xmega/sleepmgr.o

Discarded input sections

 .bss           0x00000000        0x0 c:/program files (x86)/atmel/atmel toolchain/avr8 gcc/native/3.4.2.876/avr8-gnu-toolchain/bin/../lib/gcc/avr/4.7.2/../../../../avr/lib/avrxmega6/crtx256a3bu.o
 .group         0x00000000        0x8 src/adc_dma.o
 .group         0x00000000        0x8 src/adc_dma.o
 .group         0x00000000        0x8 src/adc_dma.o
 .group         0x00000000        0x8 src/adc_dma.o
 .group         0x00000000        0x8 src/adc_dma.o
 .group         0x00000000        0x8 src/adc_dma.o
 .group         0x00000000        0x8 src/adc_dma.o
 .group         0x00000000        0x8 src/adc_dma.o
 .group         0x00000000        0x8 src/adc_dma.o
 .group         0x00000000        0x8 src/adc_dma.o
 .group         0x00000000        0x8 src/adc_dma.o
 .group         0x00000000        0x8 src/adc_dma.o
 .group         0x00000000        0x8 src/adc_dma.o
 .group         0x00000000        0x8 src/adc_dma.o
 .group         0x00000000        0x8 src/adc_dma.o
 .group         0x00000000        0x8 src/adc_dma.o
 .group         0x00000000        0x8 src/adc_dma.o
 .group         0x00000000        0x8 src/adc_dma.o
 .group         0x00000000        0x8 src/adc_dma.o
 .group         0x00000000        0x8 src/adc_dma.o
 .group         0x00000000        0x8 src/adc_dma.o
 .group         0x00000000        0x8 src/adc_dma.o
 .group         0x00000000        0x8 src/adc_dma.o
 .group         0x00000000        0x8 src/adc_dma.o
 .group         0x00000000        0x8 src/adc_dma.o
 .group         0x00000000        0x8 src/adc_dma.o
 .group         0x00000000        0x8 src/adc_dma.o
 .group         0x00000000        0x8 src/adc_dma.o
 .group         0x00000000        0x8 src/adc_dma.o
 .group         0x00000000        0x8 src/adc_dma.o
 .group         0x00000000        0x8 src/adc_dma.o
 .group         0x00000000        0x8 src/adc_dma.o
 .group         0x00000000        0x8 src/adc_dma.o
 .group         0x00000000        0x8 src/adc_dma.o
 .group         0x00000000        0x8 src/adc_dma.o
 .group         0x00000000        0x8 src/adc_dma.o
 .group         0x00000000        0x8 src/adc_dma.o
 .group         0x00000000        0x8 src/adc_dma.o
 .group         0x00000000        0x8 src/adc_dma.o
 .group         0x00000000        0x8 src/adc_dma.o
 .group         0x00000000        0x8 src/adc_dma.o
 .group         0x00000000        0x8 src/adc_dma.o
 .group         0x00000000        0x8 src/adc_dma.o
 .group         0x00000000        0x8 src/adc_dma.o
 .group         0x00000000        0x8 src/adc_dma.o
 .group         0x00000000        0x8 src/adc_dma.o
 .group         0x00000000        0x8 src/adc_dma.o
 .group         0x00000000        0x8 src/adc_dma.o
 .group         0x00000000        0x8 src/adc_dma.o
 .group         0x00000000        0x8 src/adc_dma.o
 .group         0x00000000        0x8 src/adc_dma.o
[...]
Memory Configuration

Name             Origin             Length             Attributes
text             0x00000000         0x00100000         xr
data             0x00802000         0x0000ffa0         rw !x
eeprom           0x00810000         0x00010000         rw !x
fuse             0x00820000         0x00000400         rw !x
lock             0x00830000         0x00000400         rw !x
signature        0x00840000         0x00000400         rw !x
user_signatures  0x00850000         0x00000400         rw !x
*default*        0x00000000         0xffffffff

Linker script and memory map

LOAD c:/program files (x86)/atmel/atmel toolchain/avr8 gcc/native/3.4.2.876/avr8-gnu-toolchain/bin/../lib/gcc/avr/4.7.2/../../../../avr/lib/avrxmega6/crtx256a3bu.o
LOAD src/adc_dma.o
LOAD src/ASF/common/services/hugemem/avr8/avr8_hugemem.o
LOAD src/ASF/common/services/usb/class/hid/device/generic/udi_hid_generic.o
LOAD src/ASF/xmega/drivers/adc/adc.o
LOAD src/ASF/xmega/drivers/adc/xmega_aau/adc_aau.o
LOAD src/ASF/common/services/usb/class/hid/device/generic/udi_hid_generic_desc.o
LOAD src/ASF/xmega/drivers/dma/dma.o
LOAD src/ASF/xmega/drivers/tc/tc.o
LOAD src/ui.o
LOAD src/main.o
LOAD src/ASF/common/services/clock/xmega/sysclk.o
LOAD src/ASF/xmega/drivers/cpu/ccp.o
LOAD src/ASF/xmega/drivers/nvm/nvm.o
LOAD src/ASF/xmega/drivers/nvm/nvm_asm.o
LOAD src/ASF/common/services/sleepmgr/xmega/sleepmgr.o
LOAD src/ASF/common/services/usb/class/hid/device/udi_hid.o
LOAD src/ASF/common/services/usb/udc/udc.o
LOAD src/ASF/xmega/drivers/usb/usb_device.o
LOAD src/ASF/common/services/ioport/xmega/ioport_compat.o
LOAD src/ASF/xmega/boards/xmega_a3bu_xplained/init.o
START GROUP
LOAD c:/program files (x86)/atmel/atmel toolchain/avr8 gcc/native/3.4.2.876/avr8-gnu-toolchain/bin/../lib/gcc/avr/4.7.2/../../../../avr/lib/avrxmega6\libm.a
END GROUP
Address of section .BOOT set to 0x40000
LOAD c:/program files (x86)/atmel/atmel toolchain/avr8 gcc/native/3.4.2.876/avr8-gnu-toolchain/bin/../lib/gcc/avr/4.7.2/avrxmega6\libgcc.a
LOAD c:/program files (x86)/atmel/atmel toolchain/avr8 gcc/native/3.4.2.876/avr8-gnu-toolchain/bin/../lib/gcc/avr/4.7.2/../../../../avr/lib/avrxmega6\libc.a
LOAD c:/program files (x86)/atmel/atmel toolchain/avr8 gcc/native/3.4.2.876/avr8-gnu-toolchain/bin/../lib/gcc/avr/4.7.2/avrxmega6\libgcc.a

.hash
 *(.hash)

.dynsym
 *(.dynsym)

.dynstr
 *(.dynstr)

.gnu.version
 *(.gnu.version)

.gnu.version_d
 *(.gnu.version_d)

.gnu.version_r
 *(.gnu.version_r)

.rel.init
 *(.rel.init)

.rela.init
 *(.rela.init)

.rel.text
 *(.rel.text)
 *(.rel.text.*)
 *(.rel.gnu.linkonce.t*)

.rela.text
 *(.rela.text)
 *(.rela.text.*)
 *(.rela.gnu.linkonce.t*)

.rel.fini
 *(.rel.fini)

.rela.fini
 *(.rela.fini)

.rel.rodata
 *(.rel.rodata)
 *(.rel.rodata.*)
 *(.rel.gnu.linkonce.r*)

.rela.rodata
 *(.rela.rodata)
 *(.rela.rodata.*)
 *(.rela.gnu.linkonce.r*)

.rel.data
 *(.rel.data)
 *(.rel.data.*)
 *(.rel.gnu.linkonce.d*)

.rela.data
 *(.rela.data)
 *(.rela.data.*)
 *(.rela.gnu.linkonce.d*)

.rel.ctors
 *(.rel.ctors)

.rela.ctors
 *(.rela.ctors)

.rel.dtors
 *(.rel.dtors)

.rela.dtors
 *(.rela.dtors)

.rel.got
 *(.rel.got)

.rela.got
 *(.rela.got)

.rel.bss
 *(.rel.bss)

.rela.bss
 *(.rela.bss)

.rel.plt
 *(.rel.plt)

.rela.plt
 *(.rela.plt)

.text           0x00000000     0x32c0
 *(.vectors)
 .vectors       0x00000000      0x1fc c:/program files (x86)/atmel/atmel toolchain/avr8 gcc/native/3.4.2.876/avr8-gnu-toolchain/bin/../lib/gcc/avr/4.7.2/../../../../avr/lib/avrxmega6/crtx256a3bu.o
                0x00000000                __vector_default
                0x00000000                __vectors
 *(.vectors)
 *(.progmem.gcc*)
 *(.progmem*)
                0x000001fc                . = ALIGN (0x2)
                0x000001fc                __trampolines_start = .
 *(.trampolines)
 .trampolines   0x000001fc        0x0 linker stubs
 *(.trampolines*)
                0x000001fc                __trampolines_end = .
 *(.jumptables)
 *(.jumptables*)
 *(.lowtext)
 *(.lowtext*)
                0x000001fc                __ctors_start = .
 *(.ctors)
                0x000001fc                __ctors_end = .
                0x000001fc                __dtors_start = .
 *(.dtors)
                0x000001fc                __dtors_end = .
 SORT(*)(.ctors)
 SORT(*)(.dtors)
 *(.init0)
 .init0         0x000001fc        0x0 c:/program files (x86)/atmel/atmel toolchain/avr8 gcc/native/3.4.2.876/avr8-gnu-toolchain/bin/../lib/gcc/avr/4.7.2/../../../../avr/lib/avrxmega6/crtx256a3bu.o
                0x000001fc                __init
 *(.init0)
 *(.init1)
 *(.init1)
 *(.init2)
 .init2         0x000001fc       0x10 c:/program files (x86)/atmel/atmel toolchain/avr8 gcc/native/3.4.2.876/avr8-gnu-toolchain/bin/../lib/gcc/avr/4.7.2/../../../../avr/lib/avrxmega6/crtx256a3bu.o
 *(.init2)
 *(.init3)
 *(.init3)
 *(.init4)
 .init4         0x0000020c       0x1a c:/program files (x86)/atmel/atmel toolchain/avr8 gcc/native/3.4.2.876/avr8-gnu-toolchain/bin/../lib/gcc/avr/4.7.2/avrxmega6\libgcc.a(_copy_data.o)
                0x0000020c                __do_copy_data
 .init4         0x00000226       0x10 c:/program files (x86)/atmel/atmel toolchain/avr8 gcc/native/3.4.2.876/avr8-gnu-toolchain/bin/../lib/gcc/avr/4.7.2/avrxmega6\libgcc.a(_clear_bss.o)
                0x00000226                __do_clear_bss
 *(.init4)
 *(.init5)
 *(.init5)
 *(.init6)
 *(.init6)
 *(.init7)
 *(.init7)
 *(.init8)
 *(.init8)
 *(.init9)
 .init9         0x00000236        0x8 c:/program files (x86)/atmel/atmel toolchain/avr8 gcc/native/3.4.2.876/avr8-gnu-toolchain/bin/../lib/gcc/avr/4.7.2/../../../../avr/lib/avrxmega6/crtx256a3bu.o
 *(.init9)
 *(.text)
 .text          0x0000023e        0x2 c:/program files (x86)/atmel/atmel toolchain/avr8 gcc/native/3.4.2.876/avr8-gnu-toolchain/bin/../lib/gcc/avr/4.7.2/../../../../avr/lib/avrxmega6/crtx256a3bu.o
                0x0000023e                __vector_38
                0x0000023e                __vector_104
                0x0000023e                __vector_63
                0x0000023e                __vector_28
                0x0000023e                __vector_67
                0x0000023e                __vector_1
                0x0000023e                __vector_119
                0x0000023e                __vector_32
                0x0000023e                __vector_75
                0x0000023e                __vector_71
                0x0000023e                __vector_91
                0x0000023e                __vector_34
                0x0000023e                __vector_62
                0x0000023e                __vector_102
                0x0000023e                __vector_24
                0x0000023e                __vector_12
                0x0000023e                __vector_69
                0x0000023e                __vector_90
                0x0000023e                __vector_46
                0x0000023e                __bad_interrupt
                0x0000023e                __vector_122
                0x0000023e                __vector_72
                0x0000023e                __vector_114
                0x0000023e                __vector_31
                0x0000023e                __vector_92
                0x0000023e                __vector_35
                0x0000023e                __vector_74
                0x0000023e                __vector_117
                0x0000023e                __vector_39
                0x0000023e                __vector_107
                0x0000023e                __vector_3
                0x0000023e                __vector_105
                0x0000023e                __vector_98
                0x0000023e                __vector_68
                0x0000023e                __vector_30
                0x0000023e                __vector_73
                0x0000023e                __vector_45
                0x0000023e                __vector_25
                0x0000023e                __vector_93
                0x0000023e                __vector_61
                0x0000023e                __vector_11
                0x0000023e                __vector_99
                0x0000023e                __vector_13
                0x0000023e                __vector_123
                0x0000023e                __vector_41
                0x0000023e                __vector_100
                0x0000023e                __vector_101
                0x0000023e                __vector_64
                0x0000023e                __vector_88
                0x0000023e                __vector_27
                0x0000023e                __vector_5
                0x0000023e                __vector_33
                0x0000023e                __vector_76
                0x0000023e                __vector_115
                0x0000023e                __vector_37
                0x0000023e                __vector_95
                0x0000023e                __vector_103
                0x0000023e                __vector_96
                0x0000023e                __vector_89
                0x0000023e                __vector_4
                0x0000023e                __vector_44
                0x0000023e                __vector_106
                0x0000023e                __vector_118
                0x0000023e                __vector_66
                0x0000023e                __vector_36
                0x0000023e                __vector_58
                0x0000023e                __vector_70
                0x0000023e                __vector_29
                0x0000023e                __vector_60
                0x0000023e                __vector_121
                0x0000023e                __vector_40
                0x0000023e                __vector_94
                0x0000023e                __vector_26
                0x0000023e                __vector_124
                0x0000023e                __vector_116
                0x0000023e                __vector_57
                0x0000023e                __vector_10
                0x0000023e                __vector_59
                0x0000023e                __vector_97
                0x0000023e                __vector_42
                0x0000023e                __vector_87
                0x0000023e                __vector_65
                0x0000023e                __vector_120
                0x00000240                . = ALIGN (0x2)
 *(.text.*)
 .text.dma_init
                0x00000240       0x7e src/adc_dma.o
                0x00000240                dma_init
 .text.adc_init
                0x000002be       0x6a src/adc_dma.o
                0x000002be                adc_init
 .text.adc_stop
                0x00000328       0x3a src/adc_dma.o
                0x00000328                adc_stop
 .text.dma_transfer_done
                0x00000362        0xa src/adc_dma.o
 .text.adc_go   0x0000036c       0x48 src/adc_dma.o
                0x0000036c                adc_go
 .text.timer_setup
                0x000003b4       0x42 src/adc_dma.o
                0x000003b4                timer_setup
 .text.interrupt_setup
                0x000003f6       0x42 src/adc_dma.o
                0x000003f6                interrupt_setup
 .text.__vector_2
                0x00000438       0x30 src/adc_dma.o
                0x00000438                __vector_2
 .text.udi_hid_generic_getsetting
                0x00000468        0x4 src/ASF/common/services/usb/class/hid/device/generic/udi_hid_generic.o
                0x00000468                udi_hid_generic_getsetting
 .text.udi_hid_generic_setreport
                0x0000046c       0x54 src/ASF/common/services/usb/class/hid/device/generic/udi_hid_generic.o
 .text.udi_hid_generic_report_in_sent
                0x000004c0        0x8 src/ASF/common/services/usb/class/hid/device/generic/udi_hid_generic.o
 .text.udi_hid_generic_report_out_enable
                0x000004c8       0x1e src/ASF/common/services/usb/class/hid/device/generic/udi_hid_generic.o
 .text.udi_hid_generic_setup
                0x000004e6       0x14 src/ASF/common/services/usb/class/hid/device/generic/udi_hid_generic.o
                0x000004e6                udi_hid_generic_setup
 .text.udi_hid_generic_setfeature_valid
                0x000004fa       0x16 src/ASF/common/services/usb/class/hid/device/generic/udi_hid_generic.o
 .text.udi_hid_generic_disable
                0x00000510        0x6 src/ASF/common/services/usb/class/hid/device/generic/udi_hid_generic.o
                0x00000510                udi_hid_generic_disable
 .text.udi_hid_generic_enable
                0x00000516       0x1c src/ASF/common/services/usb/class/hid/device/generic/udi_hid_generic.o
                0x00000516                udi_hid_generic_enable
 .text.udi_hid_generic_report_out_received
                0x00000532       0x16 src/ASF/common/services/usb/class/hid/device/generic/udi_hid_generic.o
 .text.udi_hid_generic_send_report_in
                0x00000548       0x60 src/ASF/common/services/usb/class/hid/device/generic/udi_hid_generic.o
                0x00000548                udi_hid_generic_send_report_in
 .text.adc_enable_clock
                0x000005a8       0x40 src/ASF/xmega/drivers/adc/adc.o
                0x000005a8                adc_enable_clock
 .text.adc_disable_clock
                0x000005e8       0x3c src/ASF/xmega/drivers/adc/adc.o
                0x000005e8                adc_disable_clock
 .text.adc_enable
                0x00000624       0x2e src/ASF/xmega/drivers/adc/adc.o
                0x00000624                adc_enable
 .text.adc_write_configuration
                0x00000652       0xaa src/ASF/xmega/drivers/adc/xmega_aau/adc_aau.o
                0x00000652                adc_write_configuration
 .text.adc_read_configuration
                0x000006fc       0x46 src/ASF/xmega/drivers/adc/xmega_aau/adc_aau.o
                0x000006fc                adc_read_configuration
 .text.adcch_write_configuration
                0x00000742       0x72 src/ASF/xmega/drivers/adc/xmega_aau/adc_aau.o
                0x00000742                adcch_write_configuration
 .text.dma_interrupt
                0x000007b4       0xc4 src/ASF/xmega/drivers/dma/dma.o
 .text.dma_enable
                0x00000878       0x26 src/ASF/xmega/drivers/dma/dma.o
                0x00000878                dma_enable
 .text.dma_set_callback
                0x0000089e       0x12 src/ASF/xmega/drivers/dma/dma.o
                0x0000089e                dma_set_callback
 .text.__vector_6
                0x000008b0       0x50 src/ASF/xmega/drivers/dma/dma.o
                0x000008b0                __vector_6
 .text.__vector_7
                0x00000900       0x50 src/ASF/xmega/drivers/dma/dma.o
                0x00000900                __vector_7
 .text.__vector_8
                0x00000950       0x50 src/ASF/xmega/drivers/dma/dma.o
                0x00000950                __vector_8
 .text.__vector_9
                0x000009a0       0x50 src/ASF/xmega/drivers/dma/dma.o
                0x000009a0                __vector_9
 .text.dma_channel_write_config
                0x000009f0       0x72 src/ASF/xmega/drivers/dma/dma.o
                0x000009f0                dma_channel_write_config
 .text.__vector_14
                0x00000a62       0x5a src/ASF/xmega/drivers/tc/tc.o
                0x00000a62                __vector_14
 .text.__vector_15
                0x00000abc       0x5a src/ASF/xmega/drivers/tc/tc.o
                0x00000abc                __vector_15
 .text.__vector_16
                0x00000b16       0x5a src/ASF/xmega/drivers/tc/tc.o
                0x00000b16                __vector_16
 .text.__vector_17
                0x00000b70       0x5a src/ASF/xmega/drivers/tc/tc.o
                0x00000b70                __vector_17
 .text.__vector_18
                0x00000bca       0x5a src/ASF/xmega/drivers/tc/tc.o
                0x00000bca                __vector_18
 .text.__vector_19
                0x00000c24       0x5a src/ASF/xmega/drivers/tc/tc.o
                0x00000c24                __vector_19
 .text.__vector_20
                0x00000c7e       0x5a src/ASF/xmega/drivers/tc/tc.o
                0x00000c7e                __vector_20
 .text.__vector_21
                0x00000cd8       0x5a src/ASF/xmega/drivers/tc/tc.o
                0x00000cd8                __vector_21
 .text.__vector_22
                0x00000d32       0x5a src/ASF/xmega/drivers/tc/tc.o
                0x00000d32                __vector_22
 .text.__vector_23
                0x00000d8c       0x5a src/ASF/xmega/drivers/tc/tc.o
                0x00000d8c                __vector_23
 .text.__vector_77
                0x00000de6       0x5a src/ASF/xmega/drivers/tc/tc.o
                0x00000de6                __vector_77
 .text.__vector_78
                0x00000e40       0x5a src/ASF/xmega/drivers/tc/tc.o
                0x00000e40                __vector_78
 .text.__vector_79
                0x00000e9a       0x5a src/ASF/xmega/drivers/tc/tc.o
                0x00000e9a                __vector_79
 .text.__vector_80
                0x00000ef4       0x5a src/ASF/xmega/drivers/tc/tc.o
                0x00000ef4                __vector_80
 .text.__vector_81
                0x00000f4e       0x5a src/ASF/xmega/drivers/tc/tc.o
                0x00000f4e                __vector_81
 .text.__vector_82
                0x00000fa8       0x5a src/ASF/xmega/drivers/tc/tc.o
                0x00000fa8                __vector_82
 .text.__vector_83
                0x00001002       0x5a src/ASF/xmega/drivers/tc/tc.o
                0x00001002                __vector_83
 .text.__vector_84
                0x0000105c       0x5a src/ASF/xmega/drivers/tc/tc.o
                0x0000105c                __vector_84
 .text.__vector_85
                0x000010b6       0x5a src/ASF/xmega/drivers/tc/tc.o
                0x000010b6                __vector_85
 .text.__vector_86
                0x00001110       0x5a src/ASF/xmega/drivers/tc/tc.o
                0x00001110                __vector_86
 .text.__vector_47
                0x0000116a       0x5a src/ASF/xmega/drivers/tc/tc.o
                0x0000116a                __vector_47
 .text.__vector_48
                0x000011c4       0x5a src/ASF/xmega/drivers/tc/tc.o
                0x000011c4                __vector_48
 .text.__vector_49
                0x0000121e       0x5a src/ASF/xmega/drivers/tc/tc.o
                0x0000121e                __vector_49
 .text.__vector_50
                0x00001278       0x5a src/ASF/xmega/drivers/tc/tc.o
                0x00001278                __vector_50
 .text.__vector_51
                0x000012d2       0x5a src/ASF/xmega/drivers/tc/tc.o
                0x000012d2                __vector_51
 .text.__vector_52
                0x0000132c       0x5a src/ASF/xmega/drivers/tc/tc.o
                0x0000132c                __vector_52
 .text.__vector_53
                0x00001386       0x5a src/ASF/xmega/drivers/tc/tc.o
                0x00001386                __vector_53
 .text.__vector_54
                0x000013e0       0x5a src/ASF/xmega/drivers/tc/tc.o
                0x000013e0                __vector_54
 .text.__vector_55
                0x0000143a       0x5a src/ASF/xmega/drivers/tc/tc.o
                0x0000143a                __vector_55
 .text.__vector_56
                0x00001494       0x5a src/ASF/xmega/drivers/tc/tc.o
                0x00001494                __vector_56
 .text.__vector_108
                0x000014ee       0x5a src/ASF/xmega/drivers/tc/tc.o
                0x000014ee                __vector_108
 .text.__vector_109
                0x00001548       0x5a src/ASF/xmega/drivers/tc/tc.o
                0x00001548                __vector_109
 .text.__vector_110
                0x000015a2       0x5a src/ASF/xmega/drivers/tc/tc.o
                0x000015a2                __vector_110
 .text.__vector_111
                0x000015fc       0x5a src/ASF/xmega/drivers/tc/tc.o
                0x000015fc                __vector_111
 .text.__vector_112
                0x00001656       0x5a src/ASF/xmega/drivers/tc/tc.o
                0x00001656                __vector_112
 .text.__vector_113
                0x000016b0       0x5a src/ASF/xmega/drivers/tc/tc.o
                0x000016b0                __vector_113
 .text.tc_enable
                0x0000170a       0xb8 src/ASF/xmega/drivers/tc/tc.o
                0x0000170a                tc_enable
 .text.ui_init  0x000017c2        0xe src/ui.o
                0x000017c2                ui_init
 .text.ui_powerdown
                0x000017d0        0xe src/ui.o
                0x000017d0                ui_powerdown
 .text.ui_wakeup_enable
                0x000017de       0x1c src/ui.o
                0x000017de                ui_wakeup_enable
 .text.ui_wakeup_disable
                0x000017fa        0x8 src/ui.o
                0x000017fa                ui_wakeup_disable
 .text.__vector_43
                0x00001802       0x58 src/ui.o
                0x00001802                __vector_43
 .text.ui_wakeup
                0x0000185a        0xa src/ui.o
                0x0000185a                ui_wakeup
 .text.ui_process
                0x00001864       0xd8 src/ui.o
                0x00001864                ui_process
 .text.ui_led_change
                0x0000193c       0x4a src/ui.o
                0x0000193c                ui_led_change
 .text.main     0x00001986       0x56 src/main.o
                0x00001986                main
 .text.main_suspend_action
                0x000019dc        0x4 src/main.o
                0x000019dc                main_suspend_action
 .text.main_resume_action
                0x000019e0        0x4 src/main.o
                0x000019e0                main_resume_action
 .text.main_sof_action
                0x000019e4       0x10 src/main.o
                0x000019e4                main_sof_action
 .text.main_remotewakeup_enable
                0x000019f4        0x4 src/main.o
                0x000019f4                main_remotewakeup_enable
 .text.main_remotewakeup_disable
                0x000019f8        0x4 src/main.o
                0x000019f8                main_remotewakeup_disable
 .text.main_generic_enable
                0x000019fc        0x8 src/main.o
                0x000019fc                main_generic_enable
 .text.main_generic_disable
                0x00001a04        0x6 src/main.o
                0x00001a04                main_generic_disable
 .text.main_hid_set_feature
                0x00001a0a       0x20 src/main.o
                0x00001a0a                main_hid_set_feature
 .text.sysclk_init
                0x00001a2a       0xe0 src/ASF/common/services/clock/xmega/sysclk.o
                0x00001a2a                sysclk_init
 .text.sysclk_enable_module
                0x00001b0a       0x18 src/ASF/common/services/clock/xmega/sysclk.o
                0x00001b0a                sysclk_enable_module
 .text.sysclk_disable_module
                0x00001b22       0x16 src/ASF/common/services/clock/xmega/sysclk.o
                0x00001b22                sysclk_disable_module
 .text.sysclk_enable_usb
                0x00001b38       0x6a src/ASF/common/services/clock/xmega/sysclk.o
                0x00001b38                sysclk_enable_usb
 .text.sysclk_disable_usb
                0x00001ba2        0xe src/ASF/common/services/clock/xmega/sysclk.o
                0x00001ba2                sysclk_disable_usb
 .text.ccp_write_io
                0x00001bb0        0xc src/ASF/xmega/drivers/cpu/ccp.o
                0x00001bb0                ccp_write_io
 .text.nvm_read_byte
                0x00001bbc       0x14 src/ASF/xmega/drivers/nvm/nvm_asm.o
                0x00001bbc                nvm_read_byte
 .text.udi_hid_setup
                0x00001bd0      0x136 src/ASF/common/services/usb/class/hid/device/udi_hid.o
                0x00001bd0                udi_hid_setup
 .text.udc_get_eof_conf
                0x00001d06       0x1c src/ASF/common/services/usb/udc/udc.o
 .text.udc_next_desc_in_iface
                0x00001d22       0x5e src/ASF/common/services/usb/udc/udc.o
 .text.udc_update_iface_desc
                0x00001d80       0x82 src/ASF/common/services/usb/udc/udc.o
 .text.udc_valid_address
                0x00001e02        0x8 src/ASF/common/services/usb/udc/udc.o
 .text.udc_iface_enable
                0x00001e0a       0x68 src/ASF/common/services/usb/udc/udc.o
 .text.udc_iface_disable
                0x00001e72       0x82 src/ASF/common/services/usb/udc/udc.o
 .text.udc_get_interface_desc
                0x00001ef4        0xa src/ASF/common/services/usb/udc/udc.o
                0x00001ef4                udc_get_interface_desc
 .text.udc_start
                0x00001efe        0x4 src/ASF/common/services/usb/udc/udc.o
                0x00001efe                udc_start
 .text.udc_reset
                0x00001f02       0x52 src/ASF/common/services/usb/udc/udc.o
                0x00001f02                udc_reset
 .text.udc_stop
                0x00001f54        0x4 src/ASF/common/services/usb/udc/udc.o
                0x00001f54                udc_stop
 .text.udc_sof_notify
                0x00001f58       0x5e src/ASF/common/services/usb/udc/udc.o
                0x00001f58                udc_sof_notify
 .text.udc_process_setup
                0x00001fb6      0x566 src/ASF/common/services/usb/udc/udc.o
                0x00001fb6                udc_process_setup
 .text.udd_sleep_mode
                0x0000251c       0x3e src/ASF/xmega/drivers/usb/usb_device.o
 .text.udd_ep_get_ctrl
                0x0000255a       0x32 src/ASF/xmega/drivers/usb/usb_device.o
 .text.udd_ep_init
                0x0000258c       0x7c src/ASF/xmega/drivers/usb/usb_device.o
 .text.udd_ctrl_init
                0x00002608       0x56 src/ASF/xmega/drivers/usb/usb_device.o
 .text.udd_ctrl_stall_data
                0x0000265e       0x1c src/ASF/xmega/drivers/usb/usb_device.o
 .text.udd_ctrl_send_zlp_in
                0x0000267a       0x1c src/ASF/xmega/drivers/usb/usb_device.o
 .text.udd_ctrl_send_zlp_out
                0x00002696       0x14 src/ASF/xmega/drivers/usb/usb_device.o
 .text.udd_ctrl_endofrequest
                0x000026aa       0x10 src/ASF/xmega/drivers/usb/usb_device.o
 .text.udd_ctrl_in_sent
                0x000026ba       0xd0 src/ASF/xmega/drivers/usb/usb_device.o
 .text.udd_ep_get_size
                0x0000278a       0x56 src/ASF/xmega/drivers/usb/usb_device.o
 .text.udd_ep_get_job
                0x000027e0       0x3c src/ASF/xmega/drivers/usb/usb_device.o
 .text.udd_ctrl_interrupt_tc_setup
                0x0000281c       0xda src/ASF/xmega/drivers/usb/usb_device.o
 .text.udd_ep_trans_complet
                0x000028f6      0x202 src/ASF/xmega/drivers/usb/usb_device.o
 .text.udd_disable
                0x00002af8       0x32 src/ASF/xmega/drivers/usb/usb_device.o
                0x00002af8                udd_disable
 .text.udd_attach
                0x00002b2a       0x46 src/ASF/xmega/drivers/usb/usb_device.o
                0x00002b2a                udd_attach
 .text.udd_enable
                0x00002b70       0xe8 src/ASF/xmega/drivers/usb/usb_device.o
                0x00002b70                udd_enable
 .text.udd_set_address
                0x00002c58        0x6 src/ASF/xmega/drivers/usb/usb_device.o
                0x00002c58                udd_set_address
 .text.udd_getaddress
                0x00002c5e        0x6 src/ASF/xmega/drivers/usb/usb_device.o
                0x00002c5e                udd_getaddress
 .text.udd_get_frame_number
                0x00002c64        0xe src/ASF/xmega/drivers/usb/usb_device.o
                0x00002c64                udd_get_frame_number
 .text.udd_send_remotewakeup
                0x00002c72       0x1e src/ASF/xmega/drivers/usb/usb_device.o
                0x00002c72                udd_send_remotewakeup
 .text.udd_set_setup_payload
                0x00002c90       0x12 src/ASF/xmega/drivers/usb/usb_device.o
                0x00002c90                udd_set_setup_payload
 .text.udd_ep_alloc
                0x00002ca2       0x52 src/ASF/xmega/drivers/usb/usb_device.o
                0x00002ca2                udd_ep_alloc
 .text.udd_ep_is_halted
                0x00002cf4        0xe src/ASF/xmega/drivers/usb/usb_device.o
                0x00002cf4                udd_ep_is_halted
 .text.udd_ep_clear_halt
                0x00002d02       0x32 src/ASF/xmega/drivers/usb/usb_device.o
                0x00002d02                udd_ep_clear_halt
 .text.udd_ep_run
                0x00002d34       0xec src/ASF/xmega/drivers/usb/usb_device.o
                0x00002d34                udd_ep_run
 .text.udd_ep_abort
                0x00002e20       0x4e src/ASF/xmega/drivers/usb/usb_device.o
                0x00002e20                udd_ep_abort
 .text.udd_ep_set_halt
                0x00002e6e       0x20 src/ASF/xmega/drivers/usb/usb_device.o
                0x00002e6e                udd_ep_set_halt
 .text.udd_ep_free
                0x00002e8e       0x12 src/ASF/xmega/drivers/usb/usb_device.o
                0x00002e8e                udd_ep_free
 .text.__vector_125
                0x00002ea0      0x16a src/ASF/xmega/drivers/usb/usb_device.o
                0x00002ea0                __vector_125
 .text.__vector_126
                0x0000300a      0x1bc src/ASF/xmega/drivers/usb/usb_device.o
                0x0000300a                __vector_126
 .text.ioport_configure_port_pin
                0x000031c6       0x50 src/ASF/common/services/ioport/xmega/ioport_compat.o
                0x000031c6                ioport_configure_port_pin
 .text.board_init
                0x00003216       0x54 src/ASF/xmega/boards/xmega_a3bu_xplained/init.o
                0x00003216                board_init
 .text.libgcc.div
                0x0000326a       0x28 c:/program files (x86)/atmel/atmel toolchain/avr8 gcc/native/3.4.2.876/avr8-gnu-toolchain/bin/../lib/gcc/avr/4.7.2/avrxmega6\libgcc.a(_udivmodhi4.o)
                0x0000326a                __udivmodhi4
 .text.libgcc.mul
                0x00003292       0x18 c:/program files (x86)/atmel/atmel toolchain/avr8 gcc/native/3.4.2.876/avr8-gnu-toolchain/bin/../lib/gcc/avr/4.7.2/avrxmega6\libgcc.a(_umulhisi3.o)
                0x00003292                __umulhisi3
 .text.avr-libc
                0x000032aa       0x12 c:/program files (x86)/atmel/atmel toolchain/avr8 gcc/native/3.4.2.876/avr8-gnu-toolchain/bin/../lib/gcc/avr/4.7.2/../../../../avr/lib/avrxmega6\libc.a(memcpy.o)
                0x000032aa                memcpy
                0x000032bc                . = ALIGN (0x2)
 *(.fini9)
 .fini9         0x000032bc        0x0 c:/program files (x86)/atmel/atmel toolchain/avr8 gcc/native/3.4.2.876/avr8-gnu-toolchain/bin/../lib/gcc/avr/4.7.2/avrxmega6\libgcc.a(_exit.o)
                0x000032bc                _exit
                0x000032bc                exit
 *(.fini9)
 *(.fini8)
 *(.fini8)
 *(.fini7)
 *(.fini7)
 *(.fini6)
 *(.fini6)
 *(.fini5)
 *(.fini5)
 *(.fini4)
 *(.fini4)
 *(.fini3)
 *(.fini3)
 *(.fini2)
 *(.fini2)
 *(.fini1)
 *(.fini1)
 *(.fini0)
 .fini0         0x000032bc        0x4 c:/program files (x86)/atmel/atmel toolchain/avr8 gcc/native/3.4.2.876/avr8-gnu-toolchain/bin/../lib/gcc/avr/4.7.2/avrxmega6\libgcc.a(_exit.o)
 *(.fini0)
                0x000032c0                _etext = .

.data           0x00802000       0xb8 load address 0x000032c0
                0x00802000                PROVIDE (__data_start, .)
 *(.data)
 .data          0x00802000        0x0 c:/program files (x86)/atmel/atmel toolchain/avr8 gcc/native/3.4.2.876/avr8-gnu-toolchain/bin/../lib/gcc/avr/4.7.2/../../../../avr/lib/avrxmega6/crtx256a3bu.o
 .data          0x00802000        0x0 src/adc_dma.o
 .data          0x00802000        0x0 src/ASF/common/services/hugemem/avr8/avr8_hugemem.o
 .data          0x00802000        0x0 src/ASF/common/services/usb/class/hid/device/generic/udi_hid_generic.o
 .data          0x00802000        0x0 src/ASF/xmega/drivers/adc/adc.o
 .data          0x00802000        0x0 src/ASF/xmega/drivers/adc/xmega_aau/adc_aau.o
 .data          0x00802000        0x0 src/ASF/common/services/usb/class/hid/device/generic/udi_hid_generic_desc.o
 .data          0x00802000        0x0 src/ASF/xmega/drivers/dma/dma.o
 .data          0x00802000        0x0 src/ASF/xmega/drivers/tc/tc.o
 .data          0x00802000        0x0 src/ui.o
 .data          0x00802000        0x0 src/main.o
 .data          0x00802000        0x0 src/ASF/common/services/clock/xmega/sysclk.o
 .data          0x00802000        0x0 src/ASF/xmega/drivers/cpu/ccp.o
 .data          0x00802000        0x0 src/ASF/xmega/drivers/nvm/nvm.o
 .data          0x00802000        0x0 src/ASF/xmega/drivers/nvm/nvm_asm.o
 .data          0x00802000        0x0 src/ASF/common/services/sleepmgr/xmega/sleepmgr.o
 .data          0x00802000        0x0 src/ASF/common/services/usb/class/hid/device/udi_hid.o
 .data          0x00802000        0x0 src/ASF/common/services/usb/udc/udc.o
 .data          0x00802000        0x0 src/ASF/xmega/drivers/usb/usb_device.o
 .data          0x00802000        0x0 src/ASF/common/services/ioport/xmega/ioport_compat.o
 .data          0x00802000        0x0 src/ASF/xmega/boards/xmega_a3bu_xplained/init.o
 .data          0x00802000        0x0 c:/program files (x86)/atmel/atmel toolchain/avr8 gcc/native/3.4.2.876/avr8-gnu-toolchain/bin/../lib/gcc/avr/4.7.2/avrxmega6\libgcc.a(_udivmodhi4.o)
 .data          0x00802000        0x0 c:/program files (x86)/atmel/atmel toolchain/avr8 gcc/native/3.4.2.876/avr8-gnu-toolchain/bin/../lib/gcc/avr/4.7.2/avrxmega6\libgcc.a(_exit.o)
 .data          0x00802000        0x0 c:/program files (x86)/atmel/atmel toolchain/avr8 gcc/native/3.4.2.876/avr8-gnu-toolchain/bin/../lib/gcc/avr/4.7.2/avrxmega6\libgcc.a(_copy_data.o)
 .data          0x00802000        0x0 c:/program files (x86)/atmel/atmel toolchain/avr8 gcc/native/3.4.2.876/avr8-gnu-toolchain/bin/../lib/gcc/avr/4.7.2/avrxmega6\libgcc.a(_clear_bss.o)
 .data          0x00802000        0x0 c:/program files (x86)/atmel/atmel toolchain/avr8 gcc/native/3.4.2.876/avr8-gnu-toolchain/bin/../lib/gcc/avr/4.7.2/avrxmega6\libgcc.a(_umulhisi3.o)
 .data          0x00802000        0x0 c:/program files (x86)/atmel/atmel toolchain/avr8 gcc/native/3.4.2.876/avr8-gnu-toolchain/bin/../lib/gcc/avr/4.7.2/../../../../avr/lib/avrxmega6\libc.a(memcpy.o)
 *(.data*)
 .data.udi_hid_generic_report_desc
                0x00802000       0x35 src/ASF/common/services/usb/class/hid/device/generic/udi_hid_generic.o
                0x00802000                udi_hid_generic_report_desc
 .data.udi_api_hid_generic
                0x00802035        0xa src/ASF/common/services/usb/class/hid/device/generic/udi_hid_generic.o
                0x00802035                udi_api_hid_generic
 .data.udc_config
                0x0080203f        0x4 src/ASF/common/services/usb/class/hid/device/generic/udi_hid_generic_desc.o
                0x0080203f                udc_config
 .data.udc_config_fshs
                0x00802043        0x4 src/ASF/common/services/usb/class/hid/device/generic/udi_hid_generic_desc.o
                0x00802043                udc_config_fshs
 .data.udi_apis
                0x00802047        0x2 src/ASF/common/services/usb/class/hid/device/generic/udi_hid_generic_desc.o
                0x00802047                udi_apis
 *fill*         0x00802049        0x1 
 .data.udc_desc
                0x0080204a       0x2a src/ASF/common/services/usb/class/hid/device/generic/udi_hid_generic_desc.o
                0x0080204a                udc_desc
 .data.udc_device_desc
                0x00802074       0x12 src/ASF/common/services/usb/class/hid/device/generic/udi_hid_generic_desc.o
                0x00802074                udc_device_desc
 .data.udc_string_desc_languageid
                0x00802086        0x4 src/ASF/common/services/usb/udc/udc.o
 .data.udc_string_manufacturer_name
                0x0080208a        0xa src/ASF/common/services/usb/udc/udc.o
 .data.udc_string_product_name
                0x00802094        0xc src/ASF/common/services/usb/udc/udc.o
 .data.udc_string_desc
                0x008020a0       0x18 src/ASF/common/services/usb/udc/udc.o
 *(.rodata)
 *(.rodata*)
 *(.gnu.linkonce.d*)
                0x008020b8                . = ALIGN (0x2)
                0x008020b8                _edata = .
                0x008020b8                PROVIDE (__data_end, .)

.bss            0x008020b8      0x9bc
                0x008020b8                PROVIDE (__bss_start, .)
 *(.bss)
 *(.bss*)
 .bss.udi_hid_generic_rate
                0x008020b8        0x1 src/ASF/common/services/usb/class/hid/device/generic/udi_hid_generic.o
 .bss.udi_hid_generic_protocol
                0x008020b9        0x1 src/ASF/common/services/usb/class/hid/device/generic/udi_hid_generic.o
 .bss.udi_hid_generic_b_report_in_free
                0x008020ba        0x1 src/ASF/common/services/usb/class/hid/device/generic/udi_hid_generic.o
 *fill*         0x008020bb        0x1 
 .bss.udi_hid_generic_report_out
                0x008020bc        0x8 src/ASF/common/services/usb/class/hid/device/generic/udi_hid_generic.o
 .bss.udi_hid_generic_report_feature
                0x008020c4        0x4 src/ASF/common/services/usb/class/hid/device/generic/udi_hid_generic.o
 .bss.udi_hid_generic_report_in
                0x008020c8       0x40 src/ASF/common/services/usb/class/hid/device/generic/udi_hid_generic.o
 .bss.adca_enable_count
                0x00802108        0x1 src/ASF/xmega/drivers/adc/adc.o
 .bss.adcb_enable_count
                0x00802109        0x1 src/ASF/xmega/drivers/adc/adc.o
 .bss.tc_tcc0_ovf_callback
                0x0080210a        0x2 src/ASF/xmega/drivers/tc/tc.o
 .bss.tc_tcc0_err_callback
                0x0080210c        0x2 src/ASF/xmega/drivers/tc/tc.o
 .bss.tc_tcc0_cca_callback
                0x0080210e        0x2 src/ASF/xmega/drivers/tc/tc.o
 .bss.tc_tcc0_ccb_callback
                0x00802110        0x2 src/ASF/xmega/drivers/tc/tc.o
 .bss.tc_tcc0_ccc_callback
                0x00802112        0x2 src/ASF/xmega/drivers/tc/tc.o
 .bss.tc_tcc0_ccd_callback
                0x00802114        0x2 src/ASF/xmega/drivers/tc/tc.o
 .bss.tc_tcc1_ovf_callback
                0x00802116        0x2 src/ASF/xmega/drivers/tc/tc.o
 .bss.tc_tcc1_err_callback
                0x00802118        0x2 src/ASF/xmega/drivers/tc/tc.o
 .bss.tc_tcc1_cca_callback
                0x0080211a        0x2 src/ASF/xmega/drivers/tc/tc.o
 .bss.tc_tcc1_ccb_callback
                0x0080211c        0x2 src/ASF/xmega/drivers/tc/tc.o
 .bss.tc_tcd0_ovf_callback
                0x0080211e        0x2 src/ASF/xmega/drivers/tc/tc.o
 .bss.tc_tcd0_err_callback
                0x00802120        0x2 src/ASF/xmega/drivers/tc/tc.o
 .bss.tc_tcd0_cca_callback
                0x00802122        0x2 src/ASF/xmega/drivers/tc/tc.o
 .bss.tc_tcd0_ccb_callback
                0x00802124        0x2 src/ASF/xmega/drivers/tc/tc.o
 .bss.tc_tcd0_ccc_callback
                0x00802126        0x2 src/ASF/xmega/drivers/tc/tc.o
 .bss.tc_tcd0_ccd_callback
                0x00802128        0x2 src/ASF/xmega/drivers/tc/tc.o
 .bss.tc_tcd1_ovf_callback
                0x0080212a        0x2 src/ASF/xmega/drivers/tc/tc.o
 .bss.tc_tcd1_err_callback
                0x0080212c        0x2 src/ASF/xmega/drivers/tc/tc.o
 .bss.tc_tcd1_cca_callback
                0x0080212e        0x2 src/ASF/xmega/drivers/tc/tc.o
 .bss.tc_tcd1_ccb_callback
                0x00802130        0x2 src/ASF/xmega/drivers/tc/tc.o
 .bss.tc_tce0_ovf_callback
                0x00802132        0x2 src/ASF/xmega/drivers/tc/tc.o
 .bss.tc_tce0_err_callback
                0x00802134        0x2 src/ASF/xmega/drivers/tc/tc.o
 .bss.tc_tce0_cca_callback
                0x00802136        0x2 src/ASF/xmega/drivers/tc/tc.o
 .bss.tc_tce0_ccb_callback
                0x00802138        0x2 src/ASF/xmega/drivers/tc/tc.o
 .bss.tc_tce0_ccc_callback
                0x0080213a        0x2 src/ASF/xmega/drivers/tc/tc.o
 .bss.tc_tce0_ccd_callback
                0x0080213c        0x2 src/ASF/xmega/drivers/tc/tc.o
 .bss.tc_tce1_ovf_callback
                0x0080213e        0x2 src/ASF/xmega/drivers/tc/tc.o
 .bss.tc_tce1_err_callback
                0x00802140        0x2 src/ASF/xmega/drivers/tc/tc.o
 .bss.tc_tce1_cca_callback
                0x00802142        0x2 src/ASF/xmega/drivers/tc/tc.o
 .bss.tc_tce1_ccb_callback
                0x00802144        0x2 src/ASF/xmega/drivers/tc/tc.o
 .bss.tc_tcf0_ovf_callback
                0x00802146        0x2 src/ASF/xmega/drivers/tc/tc.o
 .bss.tc_tcf0_err_callback
                0x00802148        0x2 src/ASF/xmega/drivers/tc/tc.o
 .bss.tc_tcf0_cca_callback
                0x0080214a        0x2 src/ASF/xmega/drivers/tc/tc.o
 .bss.tc_tcf0_ccb_callback
                0x0080214c        0x2 src/ASF/xmega/drivers/tc/tc.o
 .bss.tc_tcf0_ccc_callback
                0x0080214e        0x2 src/ASF/xmega/drivers/tc/tc.o
 .bss.tc_tcf0_ccd_callback
                0x00802150        0x2 src/ASF/xmega/drivers/tc/tc.o
 .bss.adc_indx  0x00802152        0x2 src/ui.o
 .bss.cpt_sof.6090
                0x00802154        0x1 src/ui.o
 .bss.main_b_generic_enable
                0x00802155        0x1 src/main.o
 .bss.udc_ptr_iface
                0x00802156        0x2 src/ASF/common/services/usb/udc/udc.o
 .bss.udc_num_configuration
                0x00802158        0x1 src/ASF/common/services/usb/udc/udc.o
 .bss.udc_ptr_conf
                0x00802159        0x2 src/ASF/common/services/usb/udc/udc.o
 .bss.udc_device_status
                0x0080215b        0x2 src/ASF/common/services/usb/udc/udc.o
 .bss.udc_iface_setting.4420
                0x0080215d        0x1 src/ASF/common/services/usb/udc/udc.o
 .bss.udc_ep_status.4362
                0x0080215e        0x2 src/ASF/common/services/usb/udc/udc.o
 .bss.udd_sram  0x00802160       0x40 src/ASF/xmega/drivers/usb/usb_device.o
 .bss.udd_ep_job
                0x008021a0       0x24 src/ASF/xmega/drivers/usb/usb_device.o
 .bss.udd_b_idle
                0x008021c4        0x1 src/ASF/xmega/drivers/usb/usb_device.o
 .bss.udd_ep_out_cache_buffer
                0x008021c5       0x80 src/ASF/xmega/drivers/usb/usb_device.o
 .bss.udd_ctrl_buffer
                0x00802245        0x8 src/ASF/xmega/drivers/usb/usb_device.o
 .bss.udd_ep_control_state
                0x0080224d        0x1 src/ASF/xmega/drivers/usb/usb_device.o
 .bss.udd_ctrl_prev_payload_nb_trans
                0x0080224e        0x2 src/ASF/xmega/drivers/usb/usb_device.o
 .bss.udd_ctrl_payload_nb_trans
                0x00802250        0x2 src/ASF/xmega/drivers/usb/usb_device.o
 .bss.b_shortpacket.5068
                0x00802252        0x1 src/ASF/xmega/drivers/usb/usb_device.o
 *(COMMON)
 COMMON         0x00802253      0x800 src/adc_dma.o
                0x00802253                adc_data
 COMMON         0x00802a53        0x8 src/ASF/xmega/drivers/dma/dma.o
                0x00802a53                dma_data
 COMMON         0x00802a5b        0x3 src/ui.o
                0x00802a5b                adc_data_busy
                0x00802a5c                adc_data_ready
                0x00802a5d                adc_data_dlbusy
 COMMON         0x00802a5e        0x6 src/ASF/common/services/sleepmgr/xmega/sleepmgr.o
                0x00802a5e                sleepmgr_locks
 COMMON         0x00802a64       0x10 src/ASF/xmega/drivers/usb/usb_device.o
                0x00802a64                udd_g_ctrlreq
                0x00802a74                PROVIDE (__bss_end, .)
                0x000032c0                __data_load_start = LOADADDR (.data)
                0x00003378                __data_load_end = (__data_load_start + SIZEOF (.data))

.noinit         0x00802a74        0x0
                0x00802a74                PROVIDE (__noinit_start, .)
 *(.noinit*)
                0x00802a74                PROVIDE (__noinit_end, .)
                0x00802a74                _end = .
                0x00802a74                PROVIDE (__heap_start, .)

.eeprom         0x00810000        0x0
 *(.eeprom*)
                0x00810000                __eeprom_end = .

.fuse
 *(.fuse)
 *(.lfuse)
 *(.hfuse)
 *(.efuse)

.lock
 *(.lock*)

.signature
 *(.signature*)

.user_signatures
 *(.user_signatures*)

.stab           0x00000000      0x768
 *(.stab)
 .stab          0x00000000      0x6e4 c:/program files (x86)/atmel/atmel toolchain/avr8 gcc/native/3.4.2.876/avr8-gnu-toolchain/bin/../lib/gcc/avr/4.7.2/../../../../avr/lib/avrxmega6/crtx256a3bu.o
 .stab          0x000006e4       0x84 c:/program files (x86)/atmel/atmel toolchain/avr8 gcc/native/3.4.2.876/avr8-gnu-toolchain/bin/../lib/gcc/avr/4.7.2/../../../../avr/lib/avrxmega6\libc.a(memcpy.o)
                                 0x90 (size before relaxing)

.stabstr        0x00000000       0xe1
 *(.stabstr)
 .stabstr       0x00000000       0xe1 c:/program files (x86)/atmel/atmel toolchain/avr8 gcc/native/3.4.2.876/avr8-gnu-toolchain/bin/../lib/gcc/avr/4.7.2/../../../../avr/lib/avrxmega6/crtx256a3bu.o

.stab.excl
 *(.stab.excl)

.stab.exclstr
 *(.stab.exclstr)

.stab.index
 *(.stab.index)

.stab.indexstr
 *(.stab.indexstr)

.comment        0x00000000       0x2f
 *(.comment)
 .comment       0x00000000       0x2f src/adc_dma.o
                                 0x30 (size before relaxing)
 .comment       0x00000000       0x30 src/ASF/common/services/hugemem/avr8/avr8_hugemem.o
 .comment       0x00000000       0x30 src/ASF/common/services/usb/class/hid/device/generic/udi_hid_generic.o
 .comment       0x00000000       0x30 src/ASF/xmega/drivers/adc/adc.o
 .comment       0x00000000       0x30 src/ASF/xmega/drivers/adc/xmega_aau/adc_aau.o
 .comment       0x00000000       0x30 src/ASF/common/services/usb/class/hid/device/generic/udi_hid_generic_desc.o
 .comment       0x00000000       0x30 src/ASF/xmega/drivers/dma/dma.o
 .comment       0x00000000       0x30 src/ASF/xmega/drivers/tc/tc.o
 .comment       0x00000000       0x30 src/ui.o
 .comment       0x00000000       0x30 src/main.o
 .comment       0x00000000       0x30 src/ASF/common/services/clock/xmega/sysclk.o
 .comment       0x00000000       0x30 src/ASF/xmega/drivers/nvm/nvm.o
 .comment       0x00000000       0x30 src/ASF/common/services/sleepmgr/xmega/sleepmgr.o
 .comment       0x00000000       0x30 src/ASF/common/services/usb/class/hid/device/udi_hid.o
 .comment       0x00000000       0x30 src/ASF/common/services/usb/udc/udc.o
 .comment       0x00000000       0x30 src/ASF/xmega/drivers/usb/usb_device.o
 .comment       0x00000000       0x30 src/ASF/common/services/ioport/xmega/ioport_compat.o
 .comment       0x00000000       0x30 src/ASF/xmega/boards/xmega_a3bu_xplained/init.o

.debug
 *(.debug)

.line
 *(.line)

.debug_srcinfo
 *(.debug_srcinfo)

.debug_sfnames
 *(.debug_sfnames)

.debug_aranges  0x00000000      0x770
 *(.debug_aranges)
 .debug_aranges
                0x00000000       0x58 src/adc_dma.o
 .debug_aranges
                0x00000058       0x18 src/ASF/common/services/hugemem/avr8/avr8_hugemem.o
 .debug_aranges
                0x00000070       0x68 src/ASF/common/services/usb/class/hid/device/generic/udi_hid_generic.o
 .debug_aranges
                0x000000d8       0x40 src/ASF/xmega/drivers/adc/adc.o
 .debug_aranges
                0x00000118       0x38 src/ASF/xmega/drivers/adc/xmega_aau/adc_aau.o
 .debug_aranges
                0x00000150       0x18 src/ASF/common/services/usb/class/hid/device/generic/udi_hid_generic_desc.o
 .debug_aranges
                0x00000168       0x68 src/ASF/xmega/drivers/dma/dma.o
 .debug_aranges
                0x000001d0      0x178 src/ASF/xmega/drivers/tc/tc.o
 .debug_aranges
                0x00000348       0x58 src/ui.o
 .debug_aranges
                0x000003a0       0x60 src/main.o
 .debug_aranges
                0x00000400       0x40 src/ASF/common/services/clock/xmega/sysclk.o
 .debug_aranges
                0x00000440       0x20 src/ASF/xmega/drivers/cpu/ccp.o
 .debug_aranges
                0x00000460       0xc0 src/ASF/xmega/drivers/nvm/nvm.o
 .debug_aranges
                0x00000520       0x28 src/ASF/xmega/drivers/nvm/nvm_asm.o
 .debug_aranges
                0x00000548       0x18 src/ASF/common/services/sleepmgr/xmega/sleepmgr.o
 .debug_aranges
                0x00000560       0x20 src/ASF/common/services/usb/class/hid/device/udi_hid.o
 .debug_aranges
                0x00000580       0x78 src/ASF/common/services/usb/udc/udc.o
 .debug_aranges
                0x000005f8      0x138 src/ASF/xmega/drivers/usb/usb_device.o
 .debug_aranges
                0x00000730       0x20 src/ASF/common/services/ioport/xmega/ioport_compat.o
 .debug_aranges
                0x00000750       0x20 src/ASF/xmega/boards/xmega_a3bu_xplained/init.o

.debug_pubnames
 *(.debug_pubnames)

.debug_info     0x00000000     0xe37d
 *(.debug_info)
 .debug_info    0x00000000     0x2f87 src/adc_dma.o
 .debug_info    0x00002f87       0x6f src/ASF/common/services/hugemem/avr8/avr8_hugemem.o
 .debug_info    0x00002ff6      0x709 src/ASF/common/services/usb/class/hid/device/generic/udi_hid_generic.o
 .debug_info    0x000036ff      0x9ce src/ASF/xmega/drivers/adc/adc.o
 .debug_info    0x000040cd      0xcee src/ASF/xmega/drivers/adc/xmega_aau/adc_aau.o
 .debug_info    0x00004dbb      0x61e src/ASF/common/services/usb/class/hid/device/generic/udi_hid_generic_desc.o
 .debug_info    0x000053d9      0xa53 src/ASF/xmega/drivers/dma/dma.o
 .debug_info    0x00005e2c     0x1943 src/ASF/xmega/drivers/tc/tc.o
 .debug_info    0x0000776f      0xb4a src/ui.o
 .debug_info    0x000082b9      0x51d src/main.o
 .debug_info    0x000087d6      0xc46 src/ASF/common/services/clock/xmega/sysclk.o
 .debug_info    0x0000941c       0xb9 src/ASF/xmega/drivers/cpu/ccp.o
 .debug_info    0x000094d5     0x13c2 src/ASF/xmega/drivers/nvm/nvm.o
 .debug_info    0x0000a897       0xb9 src/ASF/xmega/drivers/nvm/nvm_asm.o
 .debug_info    0x0000a950      0x121 src/ASF/common/services/sleepmgr/xmega/sleepmgr.o
 .debug_info    0x0000aa71      0x416 src/ASF/common/services/usb/class/hid/device/udi_hid.o
 .debug_info    0x0000ae87     0x1138 src/ASF/common/services/usb/udc/udc.o
 .debug_info    0x0000bfbf     0x1d53 src/ASF/xmega/drivers/usb/usb_device.o
 .debug_info    0x0000dd12      0x11d src/ASF/common/services/ioport/xmega/ioport_compat.o
 .debug_info    0x0000de2f      0x54e src/ASF/xmega/boards/xmega_a3bu_xplained/init.o
 *(.gnu.linkonce.wi.*)

.debug_abbrev   0x00000000     0x2c39
 *(.debug_abbrev)
 .debug_abbrev  0x00000000      0x3e0 src/adc_dma.o
 .debug_abbrev  0x000003e0       0x29 src/ASF/common/services/hugemem/avr8/avr8_hugemem.o
 .debug_abbrev  0x00000409      0x33e src/ASF/common/services/usb/class/hid/device/generic/udi_hid_generic.o
 .debug_abbrev  0x00000747      0x281 src/ASF/xmega/drivers/adc/adc.o
 .debug_abbrev  0x000009c8      0x334 src/ASF/xmega/drivers/adc/xmega_aau/adc_aau.o
 .debug_abbrev  0x00000cfc       0xef src/ASF/common/services/usb/class/hid/device/generic/udi_hid_generic_desc.o
 .debug_abbrev  0x00000deb      0x30e src/ASF/xmega/drivers/dma/dma.o
 .debug_abbrev  0x000010f9      0x2a7 src/ASF/xmega/drivers/tc/tc.o
 .debug_abbrev  0x000013a0      0x2a5 src/ui.o
 .debug_abbrev  0x00001645      0x1de src/main.o
 .debug_abbrev  0x00001823      0x2cd src/ASF/common/services/clock/xmega/sysclk.o
 .debug_abbrev  0x00001af0       0x14 src/ASF/xmega/drivers/cpu/ccp.o
 .debug_abbrev  0x00001b04      0x3f4 src/ASF/xmega/drivers/nvm/nvm.o
 .debug_abbrev  0x00001ef8       0x12 src/ASF/xmega/drivers/nvm/nvm_asm.o
 .debug_abbrev  0x00001f0a       0x80 src/ASF/common/services/sleepmgr/xmega/sleepmgr.o
 .debug_abbrev  0x00001f8a      0x180 src/ASF/common/services/usb/class/hid/device/udi_hid.o
 .debug_abbrev  0x0000210a      0x395 src/ASF/common/services/usb/udc/udc.o
 .debug_abbrev  0x0000249f      0x5a7 src/ASF/xmega/drivers/usb/usb_device.o
 .debug_abbrev  0x00002a46       0x93 src/ASF/common/services/ioport/xmega/ioport_compat.o
 .debug_abbrev  0x00002ad9      0x160 src/ASF/xmega/boards/xmega_a3bu_xplained/init.o

.debug_line     0x00000000     0xa656
 *(.debug_line)
 .debug_line    0x00000000      0xc91 src/adc_dma.o
 .debug_line    0x00000c91      0x456 src/ASF/common/services/hugemem/avr8/avr8_hugemem.o
 .debug_line    0x000010e7      0x724 src/ASF/common/services/usb/class/hid/device/generic/udi_hid_generic.o
 .debug_line    0x0000180b      0x764 src/ASF/xmega/drivers/adc/adc.o
 .debug_line    0x00001f6f      0x887 src/ASF/xmega/drivers/adc/xmega_aau/adc_aau.o
 .debug_line    0x000027f6      0x562 src/ASF/common/services/usb/class/hid/device/generic/udi_hid_generic_desc.o
 .debug_line    0x00002d58      0x93e src/ASF/xmega/drivers/dma/dma.o
 .debug_line    0x00003696      0xec6 src/ASF/xmega/drivers/tc/tc.o
 .debug_line    0x0000455c      0xb9a src/ui.o
 .debug_line    0x000050f6      0xb76 src/main.o
 .debug_line    0x00005c6c      0x75f src/ASF/common/services/clock/xmega/sysclk.o
 .debug_line    0x000063cb       0x6e src/ASF/xmega/drivers/cpu/ccp.o
 .debug_line    0x00006439      0xbb2 src/ASF/xmega/drivers/nvm/nvm.o
 .debug_line    0x00006feb      0x11f src/ASF/xmega/drivers/nvm/nvm_asm.o
 .debug_line    0x0000710a      0x47b src/ASF/common/services/sleepmgr/xmega/sleepmgr.o
 .debug_line    0x00007585      0x654 src/ASF/common/services/usb/class/hid/device/udi_hid.o
 .debug_line    0x00007bd9      0xba3 src/ASF/common/services/usb/udc/udc.o
 .debug_line    0x0000877c     0x1503 src/ASF/xmega/drivers/usb/usb_device.o
 .debug_line    0x00009c7f      0x4d4 src/ASF/common/services/ioport/xmega/ioport_compat.o
 .debug_line    0x0000a153      0x503 src/ASF/xmega/boards/xmega_a3bu_xplained/init.o

.debug_frame    0x00000000     0x1d64
 *(.debug_frame)
 .debug_frame   0x00000000       0xfc src/adc_dma.o
 .debug_frame   0x000000fc       0xd0 src/ASF/common/services/usb/class/hid/device/generic/udi_hid_generic.o
 .debug_frame   0x000001cc       0x7c src/ASF/xmega/drivers/adc/adc.o
 .debug_frame   0x00000248       0xe4 src/ASF/xmega/drivers/adc/xmega_aau/adc_aau.o
 .debug_frame   0x0000032c      0x1e0 src/ASF/xmega/drivers/dma/dma.o
 .debug_frame   0x0000050c      0xd04 src/ASF/xmega/drivers/tc/tc.o
 .debug_frame   0x00001210       0xdc src/ui.o
 .debug_frame   0x000012ec       0xa4 src/main.o
 .debug_frame   0x00001390       0x80 src/ASF/common/services/clock/xmega/sysclk.o
 .debug_frame   0x00001410      0x354 src/ASF/xmega/drivers/nvm/nvm.o
 .debug_frame   0x00001764       0x30 src/ASF/common/services/usb/class/hid/device/udi_hid.o
 .debug_frame   0x00001794      0x148 src/ASF/common/services/usb/udc/udc.o
 .debug_frame   0x000018dc      0x434 src/ASF/xmega/drivers/usb/usb_device.o
 .debug_frame   0x00001d10       0x30 src/ASF/common/services/ioport/xmega/ioport_compat.o
 .debug_frame   0x00001d40       0x24 src/ASF/xmega/boards/xmega_a3bu_xplained/init.o

.debug_str      0x00000000    0x304d6
 *(.debug_str)
 .debug_str     0x00000000    0x2a602 src/adc_dma.o
                              0x2af0a (size before relaxing)
 .debug_str     0x0002a602       0x37 src/ASF/common/services/hugemem/avr8/avr8_hugemem.o
                              0x22a9a (size before relaxing)
 .debug_str     0x0002a639      0x42f src/ASF/common/services/usb/class/hid/device/generic/udi_hid_generic.o
                              0x25487 (size before relaxing)
 .debug_str     0x0002aa68      0x1ac src/ASF/xmega/drivers/adc/adc.o
                              0x25891 (size before relaxing)
 .debug_str     0x0002ac14      0x47f src/ASF/xmega/drivers/adc/xmega_aau/adc_aau.o
                              0x25aad (size before relaxing)
 .debug_str     0x0002b093      0x4ce src/ASF/common/services/usb/class/hid/device/generic/udi_hid_generic_desc.o
                              0x25395 (size before relaxing)
 .debug_str     0x0002b561       0xce src/ASF/xmega/drivers/dma/dma.o
                              0x255c5 (size before relaxing)
 .debug_str     0x0002b62f      0x59f src/ASF/xmega/drivers/tc/tc.o
                              0x259b9 (size before relaxing)
 .debug_str     0x0002bbce      0x159 src/ui.o
                              0x28a90 (size before relaxing)
 .debug_str     0x0002bd27       0xdb src/main.o
                              0x28b1c (size before relaxing)
 .debug_str     0x0002be02      0x312 src/ASF/common/services/clock/xmega/sysclk.o
                              0x253d5 (size before relaxing)
 .debug_str     0x0002c114      0x54b src/ASF/xmega/drivers/nvm/nvm.o
                              0x23488 (size before relaxing)
 .debug_str     0x0002c65f       0x35 src/ASF/common/services/sleepmgr/xmega/sleepmgr.o
                              0x22d5a (size before relaxing)
 .debug_str     0x0002c694      0x220 src/ASF/common/services/usb/class/hid/device/udi_hid.o
                              0x2527e (size before relaxing)
 .debug_str     0x0002c8b4      0x6a1 src/ASF/common/services/usb/udc/udc.o
                              0x25a2b (size before relaxing)
 .debug_str     0x0002cf55     0x350d src/ASF/xmega/drivers/usb/usb_device.o
                              0x2b51a (size before relaxing)
 .debug_str     0x00030462       0x41 src/ASF/common/services/ioport/xmega/ioport_compat.o
                              0x22f26 (size before relaxing)
 .debug_str     0x000304a3       0x33 src/ASF/xmega/boards/xmega_a3bu_xplained/init.o
                              0x24753 (size before relaxing)

.debug_loc      0x00000000     0x64b9
 *(.debug_loc)
 .debug_loc     0x00000000      0x1eb src/adc_dma.o
 .debug_loc     0x000001eb      0x15e src/ASF/common/services/usb/class/hid/device/generic/udi_hid_generic.o
 .debug_loc     0x00000349      0x220 src/ASF/xmega/drivers/adc/adc.o
 .debug_loc     0x00000569      0x6c7 src/ASF/xmega/drivers/adc/xmega_aau/adc_aau.o
 .debug_loc     0x00000c30      0x504 src/ASF/xmega/drivers/dma/dma.o
 .debug_loc     0x00001134     0x206a src/ASF/xmega/drivers/tc/tc.o
 .debug_loc     0x0000319e      0x359 src/ui.o
 .debug_loc     0x000034f7       0x86 src/main.o
 .debug_loc     0x0000357d      0x345 src/ASF/common/services/clock/xmega/sysclk.o
 .debug_loc     0x000038c2     0x10cf src/ASF/xmega/drivers/nvm/nvm.o
 .debug_loc     0x00004991      0x318 src/ASF/common/services/usb/class/hid/device/udi_hid.o
 .debug_loc     0x00004ca9      0x68c src/ASF/common/services/usb/udc/udc.o
 .debug_loc     0x00005335     0x1141 src/ASF/xmega/drivers/usb/usb_device.o
 .debug_loc     0x00006476       0x43 src/ASF/common/services/ioport/xmega/ioport_compat.o

.debug_macinfo
 *(.debug_macinfo)

.debug_pubtypes
 *(.debug_pubtypes)

.debug_ranges   0x00000000      0x688
 *(.debug_ranges)
 .debug_ranges  0x00000000       0x60 src/adc_dma.o
 .debug_ranges  0x00000060       0x58 src/ASF/common/services/usb/class/hid/device/generic/udi_hid_generic.o
 .debug_ranges  0x000000b8       0x30 src/ASF/xmega/drivers/adc/adc.o
 .debug_ranges  0x000000e8       0x28 src/ASF/xmega/drivers/adc/xmega_aau/adc_aau.o
 .debug_ranges  0x00000110       0x58 src/ASF/xmega/drivers/dma/dma.o
 .debug_ranges  0x00000168      0x168 src/ASF/xmega/drivers/tc/tc.o
 .debug_ranges  0x000002d0       0x48 src/ui.o
 .debug_ranges  0x00000318       0x50 src/main.o
 .debug_ranges  0x00000368       0x30 src/ASF/common/services/clock/xmega/sysclk.o
 .debug_ranges  0x00000398       0xb0 src/ASF/xmega/drivers/nvm/nvm.o
 .debug_ranges  0x00000448       0x20 src/ASF/xmega/drivers/nvm/nvm_asm.o
 .debug_ranges  0x00000468       0x10 src/ASF/common/services/usb/class/hid/device/udi_hid.o
 .debug_ranges  0x00000478       0xb0 src/ASF/common/services/usb/udc/udc.o
 .debug_ranges  0x00000528      0x140 src/ASF/xmega/drivers/usb/usb_device.o
 .debug_ranges  0x00000668       0x10 src/ASF/common/services/ioport/xmega/ioport_compat.o
 .debug_ranges  0x00000678       0x10 src/ASF/xmega/boards/xmega_a3bu_xplained/init.o

.debug_macro    0x00000000     0xc2a5
 *(.debug_macro)
 .debug_macro   0x00000000      0x3de src/adc_dma.o
 .debug_macro   0x000003de      0x5ec src/adc_dma.o
 .debug_macro   0x000009ca       0x10 src/adc_dma.o
 .debug_macro   0x000009da      0x1ad src/adc_dma.o
 .debug_macro   0x00000b87      0x293 src/adc_dma.o
 .debug_macro   0x00000e1a       0x9e src/adc_dma.o
 .debug_macro   0x00000eb8     0x5bf6 src/adc_dma.o
 .debug_macro   0x00006aae       0x9a src/adc_dma.o
 .debug_macro   0x00006b48       0xf1 src/adc_dma.o
 .debug_macro   0x00006c39       0x34 src/adc_dma.o
 .debug_macro   0x00006c6d       0x18 src/adc_dma.o
 .debug_macro   0x00006c85       0x5e src/adc_dma.o
 .debug_macro   0x00006ce3       0x10 src/adc_dma.o
 .debug_macro   0x00006cf3       0x22 src/adc_dma.o
 .debug_macro   0x00006d15      0x16c src/adc_dma.o
 .debug_macro   0x00006e81       0x1c src/adc_dma.o
 .debug_macro   0x00006e9d       0x35 src/adc_dma.o
 .debug_macro   0x00006ed2       0x51 src/adc_dma.o
 .debug_macro   0x00006f23      0x2bd src/adc_dma.o
 .debug_macro   0x000071e0       0x97 src/adc_dma.o
 .debug_macro   0x00007277       0x17 src/adc_dma.o
 .debug_macro   0x0000728e      0x250 src/adc_dma.o
 .debug_macro   0x000074de       0x76 src/adc_dma.o
 .debug_macro   0x00007554       0x16 src/adc_dma.o
 .debug_macro   0x0000756a      0x6e0 src/adc_dma.o
 .debug_macro   0x00007c4a       0x10 src/adc_dma.o
 .debug_macro   0x00007c5a      0x160 src/adc_dma.o
 .debug_macro   0x00007dba       0x40 src/adc_dma.o
 .debug_macro   0x00007dfa       0x69 src/adc_dma.o
 .debug_macro   0x00007e63       0x32 src/adc_dma.o
 .debug_macro   0x00007e95       0xe4 src/adc_dma.o
 .debug_macro   0x00007f79       0x20 src/adc_dma.o
 .debug_macro   0x00007f99       0x10 src/adc_dma.o
 .debug_macro   0x00007fa9       0x5e src/adc_dma.o
 .debug_macro   0x00008007       0x2e src/adc_dma.o
 .debug_macro   0x00008035      0x1bb src/adc_dma.o
 .debug_macro   0x000081f0      0x2f4 src/adc_dma.o
 .debug_macro   0x000084e4       0x7b src/adc_dma.o
 .debug_macro   0x0000855f       0x2f src/adc_dma.o
 .debug_macro   0x0000858e      0x154 src/adc_dma.o
 .debug_macro   0x000086e2       0xc0 src/adc_dma.o
 .debug_macro   0x000087a2       0x34 src/adc_dma.o
 .debug_macro   0x000087d6       0x16 src/adc_dma.o
 .debug_macro   0x000087ec       0x10 src/adc_dma.o
 .debug_macro   0x000087fc       0x82 src/adc_dma.o
 .debug_macro   0x0000887e      0x109 src/adc_dma.o
 .debug_macro   0x00008987       0x40 src/adc_dma.o
 .debug_macro   0x000089c7       0x12 src/adc_dma.o
 .debug_macro   0x000089d9       0x8e src/adc_dma.o
 .debug_macro   0x00008a67       0x28 src/adc_dma.o
 .debug_macro   0x00008a8f      0x233 src/adc_dma.o
 .debug_macro   0x00008cc2       0xbb src/adc_dma.o
 .debug_macro   0x00008d7d      0x44f src/adc_dma.o
 .debug_macro   0x000091cc       0x16 src/adc_dma.o
 .debug_macro   0x000091e2       0x10 src/adc_dma.o
 .debug_macro   0x000091f2       0x22 src/adc_dma.o
 .debug_macro   0x00009214       0x1c src/adc_dma.o
 .debug_macro   0x00009230       0x10 src/adc_dma.o
 .debug_macro   0x00009240      0x19a src/ASF/common/services/hugemem/avr8/avr8_hugemem.o
 .debug_macro   0x000093da      0x10e src/ASF/common/services/hugemem/avr8/avr8_hugemem.o
 .debug_macro   0x000094e8       0x20 src/ASF/common/services/hugemem/avr8/avr8_hugemem.o
 .debug_macro   0x00009508      0x299 src/ASF/common/services/hugemem/avr8/avr8_hugemem.o
 .debug_macro   0x000097a1       0x85 src/ASF/common/services/hugemem/avr8/avr8_hugemem.o
 .debug_macro   0x00009826      0x226 src/ASF/common/services/usb/class/hid/device/generic/udi_hid_generic.o
 .debug_macro   0x00009a4c       0x88 src/ASF/common/services/usb/class/hid/device/generic/udi_hid_generic.o
 .debug_macro   0x00009ad4       0x1c src/ASF/common/services/usb/class/hid/device/generic/udi_hid_generic.o
 .debug_macro   0x00009af0      0x226 src/ASF/xmega/drivers/adc/adc.o
 .debug_macro   0x00009d16      0x226 src/ASF/xmega/drivers/adc/xmega_aau/adc_aau.o
 .debug_macro   0x00009f3c      0x206 src/ASF/common/services/usb/class/hid/device/generic/udi_hid_generic_desc.o
 .debug_macro   0x0000a142      0x26c src/ASF/xmega/drivers/dma/dma.o
 .debug_macro   0x0000a3ae      0x21b src/ASF/xmega/drivers/tc/tc.o
 .debug_macro   0x0000a5c9      0x3b8 src/ui.o
 .debug_macro   0x0000a981      0x3b8 src/main.o
 .debug_macro   0x0000ad39      0x1d1 src/ASF/common/services/clock/xmega/sysclk.o
 .debug_macro   0x0000af0a       0x26 src/ASF/common/services/clock/xmega/sysclk.o
 .debug_macro   0x0000af30      0x18e src/ASF/xmega/drivers/nvm/nvm.o
 .debug_macro   0x0000b0be      0x199 src/ASF/common/services/sleepmgr/xmega/sleepmgr.o
 .debug_macro   0x0000b257      0x20e src/ASF/common/services/usb/class/hid/device/udi_hid.o
 .debug_macro   0x0000b465      0x213 src/ASF/common/services/usb/udc/udc.o
 .debug_macro   0x0000b678      0x2dc src/ASF/xmega/drivers/usb/usb_device.o
 .debug_macro   0x0000b954      0x467 src/ASF/xmega/drivers/usb/usb_device.o
 .debug_macro   0x0000bdbb      0x189 src/ASF/common/services/ioport/xmega/ioport_compat.o
 .debug_macro   0x0000bf44      0x1ac src/ASF/xmega/boards/xmega_a3bu_xplained/init.o
 .debug_macro   0x0000c0f0      0x1b5 src/ASF/xmega/boards/xmega_a3bu_xplained/init.o
OUTPUT(MouseHID.elf elf32-avr)
LOAD linker stubs

.BOOT           0x00040000        0x0
