Archive member included to satisfy reference by file (symbol)

/usr/lib/gcc/arm-none-eabi/9.2.1/../../../arm-none-eabi/lib/thumb/v7e-m/nofp/libg_nano.a(lib_a-atexit.o)
                              /usr/lib/gcc/arm-none-eabi/9.2.1/../../../arm-none-eabi/lib/thumb/v7e-m/nofp/crt0.o (atexit)
/usr/lib/gcc/arm-none-eabi/9.2.1/../../../arm-none-eabi/lib/thumb/v7e-m/nofp/libg_nano.a(lib_a-errno.o)
                              objdir-CW308_STM32F3/stm32f3_sysmem.o (__errno)
/usr/lib/gcc/arm-none-eabi/9.2.1/../../../arm-none-eabi/lib/thumb/v7e-m/nofp/libg_nano.a(lib_a-exit.o)
                              /usr/lib/gcc/arm-none-eabi/9.2.1/../../../arm-none-eabi/lib/thumb/v7e-m/nofp/crt0.o (exit)
/usr/lib/gcc/arm-none-eabi/9.2.1/../../../arm-none-eabi/lib/thumb/v7e-m/nofp/libg_nano.a(lib_a-fini.o)
                              /usr/lib/gcc/arm-none-eabi/9.2.1/../../../arm-none-eabi/lib/thumb/v7e-m/nofp/crt0.o (__libc_fini_array)
/usr/lib/gcc/arm-none-eabi/9.2.1/../../../arm-none-eabi/lib/thumb/v7e-m/nofp/libg_nano.a(lib_a-impure.o)
                              /usr/lib/gcc/arm-none-eabi/9.2.1/../../../arm-none-eabi/lib/thumb/v7e-m/nofp/libg_nano.a(lib_a-exit.o) (_global_impure_ptr)
/usr/lib/gcc/arm-none-eabi/9.2.1/../../../arm-none-eabi/lib/thumb/v7e-m/nofp/libg_nano.a(lib_a-init.o)
                              /usr/lib/gcc/arm-none-eabi/9.2.1/../../../arm-none-eabi/lib/thumb/v7e-m/nofp/crt0.o (__libc_init_array)
/usr/lib/gcc/arm-none-eabi/9.2.1/../../../arm-none-eabi/lib/thumb/v7e-m/nofp/libg_nano.a(lib_a-memset.o)
                              /usr/lib/gcc/arm-none-eabi/9.2.1/../../../arm-none-eabi/lib/thumb/v7e-m/nofp/crt0.o (memset)
/usr/lib/gcc/arm-none-eabi/9.2.1/../../../arm-none-eabi/lib/thumb/v7e-m/nofp/libg_nano.a(lib_a-__atexit.o)
                              /usr/lib/gcc/arm-none-eabi/9.2.1/../../../arm-none-eabi/lib/thumb/v7e-m/nofp/libg_nano.a(lib_a-atexit.o) (__register_exitproc)
/usr/lib/gcc/arm-none-eabi/9.2.1/../../../arm-none-eabi/lib/thumb/v7e-m/nofp/libg_nano.a(lib_a-__call_atexit.o)
                              /usr/lib/gcc/arm-none-eabi/9.2.1/../../../arm-none-eabi/lib/thumb/v7e-m/nofp/libg_nano.a(lib_a-__atexit.o) (__call_exitprocs)
/usr/lib/gcc/arm-none-eabi/9.2.1/../../../arm-none-eabi/lib/thumb/v7e-m/nofp/libnosys.a(_exit.o)
                              /usr/lib/gcc/arm-none-eabi/9.2.1/../../../arm-none-eabi/lib/thumb/v7e-m/nofp/libg_nano.a(lib_a-exit.o) (_exit)

Allocating common symbols
Common symbol       size              file

Q                   0x40              objdir-CW308_STM32F3/simpleserial-ecc.o
UartHandle          0x70              objdir-CW308_STM32F3/stm32f3_hal.o
P                   0x40              objdir-CW308_STM32F3/simpleserial-ecc.o

Discarded input sections

 .text          0x0000000000000000        0x0 /usr/lib/gcc/arm-none-eabi/9.2.1/thumb/v7e-m/nofp/crti.o
 .data          0x0000000000000000        0x0 /usr/lib/gcc/arm-none-eabi/9.2.1/thumb/v7e-m/nofp/crti.o
 .bss           0x0000000000000000        0x0 /usr/lib/gcc/arm-none-eabi/9.2.1/thumb/v7e-m/nofp/crti.o
 .data          0x0000000000000000        0x4 /usr/lib/gcc/arm-none-eabi/9.2.1/thumb/v7e-m/nofp/crtbegin.o
 .text          0x0000000000000000       0x70 /usr/lib/gcc/arm-none-eabi/9.2.1/../../../arm-none-eabi/lib/thumb/v7e-m/nofp/crt0.o
 .data          0x0000000000000000        0x0 /usr/lib/gcc/arm-none-eabi/9.2.1/../../../arm-none-eabi/lib/thumb/v7e-m/nofp/crt0.o
 .bss           0x0000000000000000        0x0 /usr/lib/gcc/arm-none-eabi/9.2.1/../../../arm-none-eabi/lib/thumb/v7e-m/nofp/crt0.o
 .ARM.extab     0x0000000000000000        0x0 /usr/lib/gcc/arm-none-eabi/9.2.1/../../../arm-none-eabi/lib/thumb/v7e-m/nofp/crt0.o
 .ARM.exidx     0x0000000000000000       0x10 /usr/lib/gcc/arm-none-eabi/9.2.1/../../../arm-none-eabi/lib/thumb/v7e-m/nofp/crt0.o
 .debug_line    0x0000000000000000       0x87 /usr/lib/gcc/arm-none-eabi/9.2.1/../../../arm-none-eabi/lib/thumb/v7e-m/nofp/crt0.o
 .debug_info    0x0000000000000000       0x26 /usr/lib/gcc/arm-none-eabi/9.2.1/../../../arm-none-eabi/lib/thumb/v7e-m/nofp/crt0.o
 .debug_abbrev  0x0000000000000000       0x14 /usr/lib/gcc/arm-none-eabi/9.2.1/../../../arm-none-eabi/lib/thumb/v7e-m/nofp/crt0.o
 .debug_aranges
                0x0000000000000000       0x20 /usr/lib/gcc/arm-none-eabi/9.2.1/../../../arm-none-eabi/lib/thumb/v7e-m/nofp/crt0.o
 .debug_str     0x0000000000000000       0x95 /usr/lib/gcc/arm-none-eabi/9.2.1/../../../arm-none-eabi/lib/thumb/v7e-m/nofp/crt0.o
 .ARM.attributes
                0x0000000000000000       0x1c /usr/lib/gcc/arm-none-eabi/9.2.1/../../../arm-none-eabi/lib/thumb/v7e-m/nofp/crt0.o
 .text          0x0000000000000000        0x0 objdir-CW308_STM32F3/simpleserial-ecc.o
 .data          0x0000000000000000        0x0 objdir-CW308_STM32F3/simpleserial-ecc.o
 .bss           0x0000000000000000        0x4 objdir-CW308_STM32F3/simpleserial-ecc.o
 .text.HMAC_init
                0x0000000000000000       0x42 objdir-CW308_STM32F3/simpleserial-ecc.o
 .text.HMAC_update
                0x0000000000000000        0x4 objdir-CW308_STM32F3/simpleserial-ecc.o
 .text.HMAC_finish
                0x0000000000000000       0x5e objdir-CW308_STM32F3/simpleserial-ecc.o
 .text.update_V
                0x0000000000000000       0x24 objdir-CW308_STM32F3/simpleserial-ecc.o
 .text.uECC_set_rng
                0x0000000000000000        0xc objdir-CW308_STM32F3/simpleserial-ecc.o
 .text.uECC_get_rng
                0x0000000000000000        0xc objdir-CW308_STM32F3/simpleserial-ecc.o
 .text.uECC_curve_private_key_size
                0x0000000000000000       0x10 objdir-CW308_STM32F3/simpleserial-ecc.o
 .text.uECC_curve_public_key_size
                0x0000000000000000        0x8 objdir-CW308_STM32F3/simpleserial-ecc.o
 .text.uECC_vli_equal
                0x0000000000000000       0x24 objdir-CW308_STM32F3/simpleserial-ecc.o
 .text.uECC_vli_cmp
                0x0000000000000000       0x32 objdir-CW308_STM32F3/simpleserial-ecc.o
 .text.uECC_vli_square
                0x0000000000000000        0x8 objdir-CW308_STM32F3/simpleserial-ecc.o
 .text.uECC_vli_mmod
                0x0000000000000000      0x130 objdir-CW308_STM32F3/simpleserial-ecc.o
 .text.uECC_vli_modMult
                0x0000000000000000       0x20 objdir-CW308_STM32F3/simpleserial-ecc.o
 .text.uECC_vli_modSquare
                0x0000000000000000       0x12 objdir-CW308_STM32F3/simpleserial-ecc.o
 .text.EccPoint_compute_public_key
                0x0000000000000000       0x54 objdir-CW308_STM32F3/simpleserial-ecc.o
 .text.uECC_secp256r1
                0x0000000000000000        0x8 objdir-CW308_STM32F3/simpleserial-ecc.o
 .text.uECC_vli_nativeToBytes
                0x0000000000000000       0x28 objdir-CW308_STM32F3/simpleserial-ecc.o
 .text.uECC_vli_bytesToNative
                0x0000000000000000       0x3e objdir-CW308_STM32F3/simpleserial-ecc.o
 .text.bits2int
                0x0000000000000000       0x8e objdir-CW308_STM32F3/simpleserial-ecc.o
 .text.uECC_generate_random_int
                0x0000000000000000       0x78 objdir-CW308_STM32F3/simpleserial-ecc.o
 .text.uECC_sign_with_k
                0x0000000000000000      0x17c objdir-CW308_STM32F3/simpleserial-ecc.o
 .text.uECC_make_key
                0x0000000000000000       0x80 objdir-CW308_STM32F3/simpleserial-ecc.o
 .text.uECC_shared_secret
                0x0000000000000000       0xc8 objdir-CW308_STM32F3/simpleserial-ecc.o
 .text.uECC_compress
                0x0000000000000000       0x2a objdir-CW308_STM32F3/simpleserial-ecc.o
 .text.uECC_decompress
                0x0000000000000000       0x6e objdir-CW308_STM32F3/simpleserial-ecc.o
 .text.uECC_valid_point
                0x0000000000000000       0x68 objdir-CW308_STM32F3/simpleserial-ecc.o
 .text.uECC_valid_public_key
                0x0000000000000000       0x32 objdir-CW308_STM32F3/simpleserial-ecc.o
 .text.uECC_compute_public_key
                0x0000000000000000       0x82 objdir-CW308_STM32F3/simpleserial-ecc.o
 .text.uECC_sign
                0x0000000000000000       0x56 objdir-CW308_STM32F3/simpleserial-ecc.o
 .text.uECC_sign_deterministic
                0x0000000000000000      0x19c objdir-CW308_STM32F3/simpleserial-ecc.o
 .text.uECC_verify
                0x0000000000000000      0x2cc objdir-CW308_STM32F3/simpleserial-ecc.o
 .text.uECC_curve_num_words
                0x0000000000000000        0x6 objdir-CW308_STM32F3/simpleserial-ecc.o
 .text.uECC_curve_num_bytes
                0x0000000000000000        0x6 objdir-CW308_STM32F3/simpleserial-ecc.o
 .text.uECC_curve_num_bits
                0x0000000000000000        0x8 objdir-CW308_STM32F3/simpleserial-ecc.o
 .text.uECC_curve_num_n_words
                0x0000000000000000       0x12 objdir-CW308_STM32F3/simpleserial-ecc.o
 .text.uECC_curve_num_n_bytes
                0x0000000000000000       0x10 objdir-CW308_STM32F3/simpleserial-ecc.o
 .text.uECC_curve_num_n_bits
                0x0000000000000000        0x6 objdir-CW308_STM32F3/simpleserial-ecc.o
 .text.uECC_curve_p
                0x0000000000000000        0x4 objdir-CW308_STM32F3/simpleserial-ecc.o
 .text.uECC_curve_n
                0x0000000000000000        0x4 objdir-CW308_STM32F3/simpleserial-ecc.o
 .text.uECC_curve_G
                0x0000000000000000        0x4 objdir-CW308_STM32F3/simpleserial-ecc.o
 .text.uECC_curve_b
                0x0000000000000000        0x4 objdir-CW308_STM32F3/simpleserial-ecc.o
 .text.uECC_vli_mod_sqrt
                0x0000000000000000        0x6 objdir-CW308_STM32F3/simpleserial-ecc.o
 .text.uECC_vli_mmod_fast
                0x0000000000000000        0x6 objdir-CW308_STM32F3/simpleserial-ecc.o
 .text          0x0000000000000000        0x0 objdir-CW308_STM32F3/simpleserial.o
 .data          0x0000000000000000        0x0 objdir-CW308_STM32F3/simpleserial.o
 .text.ss_crc   0x0000000000000000       0x2a objdir-CW308_STM32F3/simpleserial.o
 .text          0x0000000000000000        0x0 objdir-CW308_STM32F3/stm32f3_hal.o
 .data          0x0000000000000000        0x0 objdir-CW308_STM32F3/stm32f3_hal.o
 .bss           0x0000000000000000        0x0 objdir-CW308_STM32F3/stm32f3_hal.o
 .text.trigger_high
                0x0000000000000000        0xe objdir-CW308_STM32F3/stm32f3_hal.o
 .text.change_err_led
                0x0000000000000000       0x18 objdir-CW308_STM32F3/stm32f3_hal.o
 .text.change_ok_led
                0x0000000000000000       0x18 objdir-CW308_STM32F3/stm32f3_hal.o
 .text          0x0000000000000000        0x0 objdir-CW308_STM32F3/stm32f3_hal_lowlevel.o
 .data          0x0000000000000000        0x4 objdir-CW308_STM32F3/stm32f3_hal_lowlevel.o
 .text.HAL_NVIC_SetPriority
                0x0000000000000000       0x64 objdir-CW308_STM32F3/stm32f3_hal_lowlevel.o
 .text.HAL_InitTick
                0x0000000000000000        0xc objdir-CW308_STM32F3/stm32f3_hal_lowlevel.o
 .text.HAL_IncTick
                0x0000000000000000        0x2 objdir-CW308_STM32F3/stm32f3_hal_lowlevel.o
 .text.HAL_RCC_GetSysClockFreq
                0x0000000000000000        0x6 objdir-CW308_STM32F3/stm32f3_hal_lowlevel.o
 .text.HAL_RCC_GetPCLK1Freq
                0x0000000000000000        0x6 objdir-CW308_STM32F3/stm32f3_hal_lowlevel.o
 .text.HAL_RCC_GetPCLK2Freq
                0x0000000000000000        0x6 objdir-CW308_STM32F3/stm32f3_hal_lowlevel.o
 .text          0x0000000000000000        0x0 objdir-CW308_STM32F3/stm32f3_sysmem.o
 .data          0x0000000000000000        0x0 objdir-CW308_STM32F3/stm32f3_sysmem.o
 .bss           0x0000000000000000        0x4 objdir-CW308_STM32F3/stm32f3_sysmem.o
 .text._sbrk    0x0000000000000000       0x34 objdir-CW308_STM32F3/stm32f3_sysmem.o
 .debug_info    0x0000000000000000      0xaa7 objdir-CW308_STM32F3/stm32f3_sysmem.o
 .debug_abbrev  0x0000000000000000      0x237 objdir-CW308_STM32F3/stm32f3_sysmem.o
 .debug_loc     0x0000000000000000       0x74 objdir-CW308_STM32F3/stm32f3_sysmem.o
 .debug_aranges
                0x0000000000000000       0x20 objdir-CW308_STM32F3/stm32f3_sysmem.o
 .debug_ranges  0x0000000000000000       0x10 objdir-CW308_STM32F3/stm32f3_sysmem.o
 .debug_line    0x0000000000000000      0x123 objdir-CW308_STM32F3/stm32f3_sysmem.o
 .debug_str     0x0000000000000000      0x615 objdir-CW308_STM32F3/stm32f3_sysmem.o
 .comment       0x0000000000000000       0x5a objdir-CW308_STM32F3/stm32f3_sysmem.o
 .debug_frame   0x0000000000000000       0x28 objdir-CW308_STM32F3/stm32f3_sysmem.o
 .ARM.attributes
                0x0000000000000000       0x2e objdir-CW308_STM32F3/stm32f3_sysmem.o
 .text          0x0000000000000000       0x14 objdir-CW308_STM32F3/stm32f3_startup.o
 .data          0x0000000000000000        0x0 objdir-CW308_STM32F3/stm32f3_startup.o
 .bss           0x0000000000000000        0x0 objdir-CW308_STM32F3/stm32f3_startup.o
 .text          0x0000000000000000        0xc /usr/lib/gcc/arm-none-eabi/9.2.1/../../../arm-none-eabi/lib/thumb/v7e-m/nofp/libg_nano.a(lib_a-atexit.o)
 .data          0x0000000000000000        0x0 /usr/lib/gcc/arm-none-eabi/9.2.1/../../../arm-none-eabi/lib/thumb/v7e-m/nofp/libg_nano.a(lib_a-atexit.o)
 .bss           0x0000000000000000        0x0 /usr/lib/gcc/arm-none-eabi/9.2.1/../../../arm-none-eabi/lib/thumb/v7e-m/nofp/libg_nano.a(lib_a-atexit.o)
 .debug_info    0x0000000000000000      0x995 /usr/lib/gcc/arm-none-eabi/9.2.1/../../../arm-none-eabi/lib/thumb/v7e-m/nofp/libg_nano.a(lib_a-atexit.o)
 .debug_abbrev  0x0000000000000000      0x1f4 /usr/lib/gcc/arm-none-eabi/9.2.1/../../../arm-none-eabi/lib/thumb/v7e-m/nofp/libg_nano.a(lib_a-atexit.o)
 .debug_loc     0x0000000000000000       0x32 /usr/lib/gcc/arm-none-eabi/9.2.1/../../../arm-none-eabi/lib/thumb/v7e-m/nofp/libg_nano.a(lib_a-atexit.o)
 .debug_aranges
                0x0000000000000000       0x20 /usr/lib/gcc/arm-none-eabi/9.2.1/../../../arm-none-eabi/lib/thumb/v7e-m/nofp/libg_nano.a(lib_a-atexit.o)
 .debug_line    0x0000000000000000      0x14a /usr/lib/gcc/arm-none-eabi/9.2.1/../../../arm-none-eabi/lib/thumb/v7e-m/nofp/libg_nano.a(lib_a-atexit.o)
 .debug_str     0x0000000000000000      0x627 /usr/lib/gcc/arm-none-eabi/9.2.1/../../../arm-none-eabi/lib/thumb/v7e-m/nofp/libg_nano.a(lib_a-atexit.o)
 .comment       0x0000000000000000       0x4f /usr/lib/gcc/arm-none-eabi/9.2.1/../../../arm-none-eabi/lib/thumb/v7e-m/nofp/libg_nano.a(lib_a-atexit.o)
 .debug_frame   0x0000000000000000       0x20 /usr/lib/gcc/arm-none-eabi/9.2.1/../../../arm-none-eabi/lib/thumb/v7e-m/nofp/libg_nano.a(lib_a-atexit.o)
 .ARM.attributes
                0x0000000000000000       0x2e /usr/lib/gcc/arm-none-eabi/9.2.1/../../../arm-none-eabi/lib/thumb/v7e-m/nofp/libg_nano.a(lib_a-atexit.o)
 .text          0x0000000000000000        0xc /usr/lib/gcc/arm-none-eabi/9.2.1/../../../arm-none-eabi/lib/thumb/v7e-m/nofp/libg_nano.a(lib_a-errno.o)
 .data          0x0000000000000000        0x0 /usr/lib/gcc/arm-none-eabi/9.2.1/../../../arm-none-eabi/lib/thumb/v7e-m/nofp/libg_nano.a(lib_a-errno.o)
 .bss           0x0000000000000000        0x0 /usr/lib/gcc/arm-none-eabi/9.2.1/../../../arm-none-eabi/lib/thumb/v7e-m/nofp/libg_nano.a(lib_a-errno.o)
 .debug_info    0x0000000000000000      0x953 /usr/lib/gcc/arm-none-eabi/9.2.1/../../../arm-none-eabi/lib/thumb/v7e-m/nofp/libg_nano.a(lib_a-errno.o)
 .debug_abbrev  0x0000000000000000      0x198 /usr/lib/gcc/arm-none-eabi/9.2.1/../../../arm-none-eabi/lib/thumb/v7e-m/nofp/libg_nano.a(lib_a-errno.o)
 .debug_aranges
                0x0000000000000000       0x20 /usr/lib/gcc/arm-none-eabi/9.2.1/../../../arm-none-eabi/lib/thumb/v7e-m/nofp/libg_nano.a(lib_a-errno.o)
 .debug_line    0x0000000000000000      0x108 /usr/lib/gcc/arm-none-eabi/9.2.1/../../../arm-none-eabi/lib/thumb/v7e-m/nofp/libg_nano.a(lib_a-errno.o)
 .debug_str     0x0000000000000000      0x5ee /usr/lib/gcc/arm-none-eabi/9.2.1/../../../arm-none-eabi/lib/thumb/v7e-m/nofp/libg_nano.a(lib_a-errno.o)
 .comment       0x0000000000000000       0x4f /usr/lib/gcc/arm-none-eabi/9.2.1/../../../arm-none-eabi/lib/thumb/v7e-m/nofp/libg_nano.a(lib_a-errno.o)
 .debug_frame   0x0000000000000000       0x20 /usr/lib/gcc/arm-none-eabi/9.2.1/../../../arm-none-eabi/lib/thumb/v7e-m/nofp/libg_nano.a(lib_a-errno.o)
 .ARM.attributes
                0x0000000000000000       0x2e /usr/lib/gcc/arm-none-eabi/9.2.1/../../../arm-none-eabi/lib/thumb/v7e-m/nofp/libg_nano.a(lib_a-errno.o)
 .text          0x0000000000000000       0x28 /usr/lib/gcc/arm-none-eabi/9.2.1/../../../arm-none-eabi/lib/thumb/v7e-m/nofp/libg_nano.a(lib_a-exit.o)
 .data          0x0000000000000000        0x0 /usr/lib/gcc/arm-none-eabi/9.2.1/../../../arm-none-eabi/lib/thumb/v7e-m/nofp/libg_nano.a(lib_a-exit.o)
 .bss           0x0000000000000000        0x0 /usr/lib/gcc/arm-none-eabi/9.2.1/../../../arm-none-eabi/lib/thumb/v7e-m/nofp/libg_nano.a(lib_a-exit.o)
 .debug_info    0x0000000000000000      0x9e7 /usr/lib/gcc/arm-none-eabi/9.2.1/../../../arm-none-eabi/lib/thumb/v7e-m/nofp/libg_nano.a(lib_a-exit.o)
 .debug_abbrev  0x0000000000000000      0x1f6 /usr/lib/gcc/arm-none-eabi/9.2.1/../../../arm-none-eabi/lib/thumb/v7e-m/nofp/libg_nano.a(lib_a-exit.o)
 .debug_loc     0x0000000000000000       0x22 /usr/lib/gcc/arm-none-eabi/9.2.1/../../../arm-none-eabi/lib/thumb/v7e-m/nofp/libg_nano.a(lib_a-exit.o)
 .debug_aranges
                0x0000000000000000       0x20 /usr/lib/gcc/arm-none-eabi/9.2.1/../../../arm-none-eabi/lib/thumb/v7e-m/nofp/libg_nano.a(lib_a-exit.o)
 .debug_line    0x0000000000000000      0x16c /usr/lib/gcc/arm-none-eabi/9.2.1/../../../arm-none-eabi/lib/thumb/v7e-m/nofp/libg_nano.a(lib_a-exit.o)
 .debug_str     0x0000000000000000      0x628 /usr/lib/gcc/arm-none-eabi/9.2.1/../../../arm-none-eabi/lib/thumb/v7e-m/nofp/libg_nano.a(lib_a-exit.o)
 .comment       0x0000000000000000       0x4f /usr/lib/gcc/arm-none-eabi/9.2.1/../../../arm-none-eabi/lib/thumb/v7e-m/nofp/libg_nano.a(lib_a-exit.o)
 .debug_frame   0x0000000000000000       0x28 /usr/lib/gcc/arm-none-eabi/9.2.1/../../../arm-none-eabi/lib/thumb/v7e-m/nofp/libg_nano.a(lib_a-exit.o)
 .ARM.attributes
                0x0000000000000000       0x2e /usr/lib/gcc/arm-none-eabi/9.2.1/../../../arm-none-eabi/lib/thumb/v7e-m/nofp/libg_nano.a(lib_a-exit.o)
 .text          0x0000000000000000       0x34 /usr/lib/gcc/arm-none-eabi/9.2.1/../../../arm-none-eabi/lib/thumb/v7e-m/nofp/libg_nano.a(lib_a-fini.o)
 .data          0x0000000000000000        0x0 /usr/lib/gcc/arm-none-eabi/9.2.1/../../../arm-none-eabi/lib/thumb/v7e-m/nofp/libg_nano.a(lib_a-fini.o)
 .bss           0x0000000000000000        0x0 /usr/lib/gcc/arm-none-eabi/9.2.1/../../../arm-none-eabi/lib/thumb/v7e-m/nofp/libg_nano.a(lib_a-fini.o)
 .debug_info    0x0000000000000000      0x102 /usr/lib/gcc/arm-none-eabi/9.2.1/../../../arm-none-eabi/lib/thumb/v7e-m/nofp/libg_nano.a(lib_a-fini.o)
 .debug_abbrev  0x0000000000000000       0xcf /usr/lib/gcc/arm-none-eabi/9.2.1/../../../arm-none-eabi/lib/thumb/v7e-m/nofp/libg_nano.a(lib_a-fini.o)
 .debug_loc     0x0000000000000000       0x68 /usr/lib/gcc/arm-none-eabi/9.2.1/../../../arm-none-eabi/lib/thumb/v7e-m/nofp/libg_nano.a(lib_a-fini.o)
 .debug_aranges
                0x0000000000000000       0x20 /usr/lib/gcc/arm-none-eabi/9.2.1/../../../arm-none-eabi/lib/thumb/v7e-m/nofp/libg_nano.a(lib_a-fini.o)
 .debug_line    0x0000000000000000       0xd7 /usr/lib/gcc/arm-none-eabi/9.2.1/../../../arm-none-eabi/lib/thumb/v7e-m/nofp/libg_nano.a(lib_a-fini.o)
 .debug_str     0x0000000000000000      0x1f9 /usr/lib/gcc/arm-none-eabi/9.2.1/../../../arm-none-eabi/lib/thumb/v7e-m/nofp/libg_nano.a(lib_a-fini.o)
 .comment       0x0000000000000000       0x4f /usr/lib/gcc/arm-none-eabi/9.2.1/../../../arm-none-eabi/lib/thumb/v7e-m/nofp/libg_nano.a(lib_a-fini.o)
 .debug_frame   0x0000000000000000       0x34 /usr/lib/gcc/arm-none-eabi/9.2.1/../../../arm-none-eabi/lib/thumb/v7e-m/nofp/libg_nano.a(lib_a-fini.o)
 .ARM.attributes
                0x0000000000000000       0x2e /usr/lib/gcc/arm-none-eabi/9.2.1/../../../arm-none-eabi/lib/thumb/v7e-m/nofp/libg_nano.a(lib_a-fini.o)
 .text          0x0000000000000000        0x0 /usr/lib/gcc/arm-none-eabi/9.2.1/../../../arm-none-eabi/lib/thumb/v7e-m/nofp/libg_nano.a(lib_a-impure.o)
 .data          0x0000000000000000       0x64 /usr/lib/gcc/arm-none-eabi/9.2.1/../../../arm-none-eabi/lib/thumb/v7e-m/nofp/libg_nano.a(lib_a-impure.o)
 .bss           0x0000000000000000        0x0 /usr/lib/gcc/arm-none-eabi/9.2.1/../../../arm-none-eabi/lib/thumb/v7e-m/nofp/libg_nano.a(lib_a-impure.o)
 .rodata        0x0000000000000000        0x4 /usr/lib/gcc/arm-none-eabi/9.2.1/../../../arm-none-eabi/lib/thumb/v7e-m/nofp/libg_nano.a(lib_a-impure.o)
 .debug_info    0x0000000000000000      0x92a /usr/lib/gcc/arm-none-eabi/9.2.1/../../../arm-none-eabi/lib/thumb/v7e-m/nofp/libg_nano.a(lib_a-impure.o)
 .debug_abbrev  0x0000000000000000      0x17a /usr/lib/gcc/arm-none-eabi/9.2.1/../../../arm-none-eabi/lib/thumb/v7e-m/nofp/libg_nano.a(lib_a-impure.o)
 .debug_aranges
                0x0000000000000000       0x18 /usr/lib/gcc/arm-none-eabi/9.2.1/../../../arm-none-eabi/lib/thumb/v7e-m/nofp/libg_nano.a(lib_a-impure.o)
 .debug_line    0x0000000000000000       0xe3 /usr/lib/gcc/arm-none-eabi/9.2.1/../../../arm-none-eabi/lib/thumb/v7e-m/nofp/libg_nano.a(lib_a-impure.o)
 .debug_str     0x0000000000000000      0x5dc /usr/lib/gcc/arm-none-eabi/9.2.1/../../../arm-none-eabi/lib/thumb/v7e-m/nofp/libg_nano.a(lib_a-impure.o)
 .comment       0x0000000000000000       0x4f /usr/lib/gcc/arm-none-eabi/9.2.1/../../../arm-none-eabi/lib/thumb/v7e-m/nofp/libg_nano.a(lib_a-impure.o)
 .ARM.attributes
                0x0000000000000000       0x2e /usr/lib/gcc/arm-none-eabi/9.2.1/../../../arm-none-eabi/lib/thumb/v7e-m/nofp/libg_nano.a(lib_a-impure.o)
 .data          0x0000000000000000        0x0 /usr/lib/gcc/arm-none-eabi/9.2.1/../../../arm-none-eabi/lib/thumb/v7e-m/nofp/libg_nano.a(lib_a-init.o)
 .bss           0x0000000000000000        0x0 /usr/lib/gcc/arm-none-eabi/9.2.1/../../../arm-none-eabi/lib/thumb/v7e-m/nofp/libg_nano.a(lib_a-init.o)
 .data          0x0000000000000000        0x0 /usr/lib/gcc/arm-none-eabi/9.2.1/../../../arm-none-eabi/lib/thumb/v7e-m/nofp/libg_nano.a(lib_a-memset.o)
 .bss           0x0000000000000000        0x0 /usr/lib/gcc/arm-none-eabi/9.2.1/../../../arm-none-eabi/lib/thumb/v7e-m/nofp/libg_nano.a(lib_a-memset.o)
 .text          0x0000000000000000       0xa0 /usr/lib/gcc/arm-none-eabi/9.2.1/../../../arm-none-eabi/lib/thumb/v7e-m/nofp/libg_nano.a(lib_a-__atexit.o)
 .data          0x0000000000000000        0x4 /usr/lib/gcc/arm-none-eabi/9.2.1/../../../arm-none-eabi/lib/thumb/v7e-m/nofp/libg_nano.a(lib_a-__atexit.o)
 .bss           0x0000000000000000       0x8c /usr/lib/gcc/arm-none-eabi/9.2.1/../../../arm-none-eabi/lib/thumb/v7e-m/nofp/libg_nano.a(lib_a-__atexit.o)
 .debug_info    0x0000000000000000      0xa3c /usr/lib/gcc/arm-none-eabi/9.2.1/../../../arm-none-eabi/lib/thumb/v7e-m/nofp/libg_nano.a(lib_a-__atexit.o)
 .debug_abbrev  0x0000000000000000      0x261 /usr/lib/gcc/arm-none-eabi/9.2.1/../../../arm-none-eabi/lib/thumb/v7e-m/nofp/libg_nano.a(lib_a-__atexit.o)
 .debug_loc     0x0000000000000000      0x230 /usr/lib/gcc/arm-none-eabi/9.2.1/../../../arm-none-eabi/lib/thumb/v7e-m/nofp/libg_nano.a(lib_a-__atexit.o)
 .debug_aranges
                0x0000000000000000       0x20 /usr/lib/gcc/arm-none-eabi/9.2.1/../../../arm-none-eabi/lib/thumb/v7e-m/nofp/libg_nano.a(lib_a-__atexit.o)
 .debug_line    0x0000000000000000      0x228 /usr/lib/gcc/arm-none-eabi/9.2.1/../../../arm-none-eabi/lib/thumb/v7e-m/nofp/libg_nano.a(lib_a-__atexit.o)
 .debug_str     0x0000000000000000      0x67a /usr/lib/gcc/arm-none-eabi/9.2.1/../../../arm-none-eabi/lib/thumb/v7e-m/nofp/libg_nano.a(lib_a-__atexit.o)
 .comment       0x0000000000000000       0x4f /usr/lib/gcc/arm-none-eabi/9.2.1/../../../arm-none-eabi/lib/thumb/v7e-m/nofp/libg_nano.a(lib_a-__atexit.o)
 .debug_frame   0x0000000000000000       0x34 /usr/lib/gcc/arm-none-eabi/9.2.1/../../../arm-none-eabi/lib/thumb/v7e-m/nofp/libg_nano.a(lib_a-__atexit.o)
 .ARM.attributes
                0x0000000000000000       0x2e /usr/lib/gcc/arm-none-eabi/9.2.1/../../../arm-none-eabi/lib/thumb/v7e-m/nofp/libg_nano.a(lib_a-__atexit.o)
 .text          0x0000000000000000       0x9c /usr/lib/gcc/arm-none-eabi/9.2.1/../../../arm-none-eabi/lib/thumb/v7e-m/nofp/libg_nano.a(lib_a-__call_atexit.o)
 .data          0x0000000000000000        0x0 /usr/lib/gcc/arm-none-eabi/9.2.1/../../../arm-none-eabi/lib/thumb/v7e-m/nofp/libg_nano.a(lib_a-__call_atexit.o)
 .bss           0x0000000000000000        0x4 /usr/lib/gcc/arm-none-eabi/9.2.1/../../../arm-none-eabi/lib/thumb/v7e-m/nofp/libg_nano.a(lib_a-__call_atexit.o)
 .debug_info    0x0000000000000000      0xa10 /usr/lib/gcc/arm-none-eabi/9.2.1/../../../arm-none-eabi/lib/thumb/v7e-m/nofp/libg_nano.a(lib_a-__call_atexit.o)
 .debug_abbrev  0x0000000000000000      0x237 /usr/lib/gcc/arm-none-eabi/9.2.1/../../../arm-none-eabi/lib/thumb/v7e-m/nofp/libg_nano.a(lib_a-__call_atexit.o)
 .debug_loc     0x0000000000000000      0x13f /usr/lib/gcc/arm-none-eabi/9.2.1/../../../arm-none-eabi/lib/thumb/v7e-m/nofp/libg_nano.a(lib_a-__call_atexit.o)
 .debug_aranges
                0x0000000000000000       0x20 /usr/lib/gcc/arm-none-eabi/9.2.1/../../../arm-none-eabi/lib/thumb/v7e-m/nofp/libg_nano.a(lib_a-__call_atexit.o)
 .debug_ranges  0x0000000000000000       0x28 /usr/lib/gcc/arm-none-eabi/9.2.1/../../../arm-none-eabi/lib/thumb/v7e-m/nofp/libg_nano.a(lib_a-__call_atexit.o)
 .debug_line    0x0000000000000000      0x22a /usr/lib/gcc/arm-none-eabi/9.2.1/../../../arm-none-eabi/lib/thumb/v7e-m/nofp/libg_nano.a(lib_a-__call_atexit.o)
 .debug_str     0x0000000000000000      0x625 /usr/lib/gcc/arm-none-eabi/9.2.1/../../../arm-none-eabi/lib/thumb/v7e-m/nofp/libg_nano.a(lib_a-__call_atexit.o)
 .comment       0x0000000000000000       0x4f /usr/lib/gcc/arm-none-eabi/9.2.1/../../../arm-none-eabi/lib/thumb/v7e-m/nofp/libg_nano.a(lib_a-__call_atexit.o)
 .debug_frame   0x0000000000000000       0x40 /usr/lib/gcc/arm-none-eabi/9.2.1/../../../arm-none-eabi/lib/thumb/v7e-m/nofp/libg_nano.a(lib_a-__call_atexit.o)
 .ARM.attributes
                0x0000000000000000       0x2e /usr/lib/gcc/arm-none-eabi/9.2.1/../../../arm-none-eabi/lib/thumb/v7e-m/nofp/libg_nano.a(lib_a-__call_atexit.o)
 .text          0x0000000000000000        0x4 /usr/lib/gcc/arm-none-eabi/9.2.1/../../../arm-none-eabi/lib/thumb/v7e-m/nofp/libnosys.a(_exit.o)
 .data          0x0000000000000000        0x0 /usr/lib/gcc/arm-none-eabi/9.2.1/../../../arm-none-eabi/lib/thumb/v7e-m/nofp/libnosys.a(_exit.o)
 .bss           0x0000000000000000        0x0 /usr/lib/gcc/arm-none-eabi/9.2.1/../../../arm-none-eabi/lib/thumb/v7e-m/nofp/libnosys.a(_exit.o)
 .debug_info    0x0000000000000000       0xa3 /usr/lib/gcc/arm-none-eabi/9.2.1/../../../arm-none-eabi/lib/thumb/v7e-m/nofp/libnosys.a(_exit.o)
 .debug_abbrev  0x0000000000000000       0x6a /usr/lib/gcc/arm-none-eabi/9.2.1/../../../arm-none-eabi/lib/thumb/v7e-m/nofp/libnosys.a(_exit.o)
 .debug_loc     0x0000000000000000       0x15 /usr/lib/gcc/arm-none-eabi/9.2.1/../../../arm-none-eabi/lib/thumb/v7e-m/nofp/libnosys.a(_exit.o)
 .debug_aranges
                0x0000000000000000       0x20 /usr/lib/gcc/arm-none-eabi/9.2.1/../../../arm-none-eabi/lib/thumb/v7e-m/nofp/libnosys.a(_exit.o)
 .debug_line    0x0000000000000000       0x6e /usr/lib/gcc/arm-none-eabi/9.2.1/../../../arm-none-eabi/lib/thumb/v7e-m/nofp/libnosys.a(_exit.o)
 .debug_str     0x0000000000000000      0x199 /usr/lib/gcc/arm-none-eabi/9.2.1/../../../arm-none-eabi/lib/thumb/v7e-m/nofp/libnosys.a(_exit.o)
 .comment       0x0000000000000000       0x4f /usr/lib/gcc/arm-none-eabi/9.2.1/../../../arm-none-eabi/lib/thumb/v7e-m/nofp/libnosys.a(_exit.o)
 .debug_frame   0x0000000000000000       0x20 /usr/lib/gcc/arm-none-eabi/9.2.1/../../../arm-none-eabi/lib/thumb/v7e-m/nofp/libnosys.a(_exit.o)
 .ARM.attributes
                0x0000000000000000       0x2e /usr/lib/gcc/arm-none-eabi/9.2.1/../../../arm-none-eabi/lib/thumb/v7e-m/nofp/libnosys.a(_exit.o)
 .text          0x0000000000000000        0x0 /usr/lib/gcc/arm-none-eabi/9.2.1/thumb/v7e-m/nofp/crtend.o
 .data          0x0000000000000000        0x0 /usr/lib/gcc/arm-none-eabi/9.2.1/thumb/v7e-m/nofp/crtend.o
 .bss           0x0000000000000000        0x0 /usr/lib/gcc/arm-none-eabi/9.2.1/thumb/v7e-m/nofp/crtend.o
 .eh_frame      0x0000000000000000        0x4 /usr/lib/gcc/arm-none-eabi/9.2.1/thumb/v7e-m/nofp/crtend.o
 .text          0x0000000000000000        0x0 /usr/lib/gcc/arm-none-eabi/9.2.1/thumb/v7e-m/nofp/crtn.o
 .data          0x0000000000000000        0x0 /usr/lib/gcc/arm-none-eabi/9.2.1/thumb/v7e-m/nofp/crtn.o
 .bss           0x0000000000000000        0x0 /usr/lib/gcc/arm-none-eabi/9.2.1/thumb/v7e-m/nofp/crtn.o

Memory Configuration

Name             Origin             Length             Attributes
RAM              0x0000000020000000 0x000000000000a000 xrw
ROM              0x0000000008000000 0x0000000000040000 xr
*default*        0x0000000000000000 0xffffffffffffffff

Linker script and memory map

LOAD /usr/lib/gcc/arm-none-eabi/9.2.1/thumb/v7e-m/nofp/crti.o
LOAD /usr/lib/gcc/arm-none-eabi/9.2.1/thumb/v7e-m/nofp/crtbegin.o
LOAD /usr/lib/gcc/arm-none-eabi/9.2.1/../../../arm-none-eabi/lib/thumb/v7e-m/nofp/crt0.o
LOAD objdir-CW308_STM32F3/simpleserial-ecc.o
LOAD objdir-CW308_STM32F3/simpleserial.o
LOAD objdir-CW308_STM32F3/stm32f3_hal.o
LOAD objdir-CW308_STM32F3/stm32f3_hal_lowlevel.o
LOAD objdir-CW308_STM32F3/stm32f3_sysmem.o
LOAD objdir-CW308_STM32F3/stm32f3_startup.o
LOAD /usr/lib/gcc/arm-none-eabi/9.2.1/../../../arm-none-eabi/lib/thumb/v7e-m/nofp/libm.a
LOAD /usr/lib/gcc/arm-none-eabi/9.2.1/../../../arm-none-eabi/lib/thumb/v7e-m/nofp/libm.a
START GROUP
LOAD /usr/lib/gcc/arm-none-eabi/9.2.1/thumb/v7e-m/nofp/libgcc.a
LOAD /usr/lib/gcc/arm-none-eabi/9.2.1/../../../arm-none-eabi/lib/thumb/v7e-m/nofp/libg_nano.a
LOAD /usr/lib/gcc/arm-none-eabi/9.2.1/../../../arm-none-eabi/lib/thumb/v7e-m/nofp/libc_nano.a
END GROUP
START GROUP
LOAD /usr/lib/gcc/arm-none-eabi/9.2.1/thumb/v7e-m/nofp/libgcc.a
LOAD /usr/lib/gcc/arm-none-eabi/9.2.1/../../../arm-none-eabi/lib/thumb/v7e-m/nofp/libc_nano.a
LOAD /usr/lib/gcc/arm-none-eabi/9.2.1/../../../arm-none-eabi/lib/thumb/v7e-m/nofp/libnosys.a
END GROUP
START GROUP
LOAD /usr/lib/gcc/arm-none-eabi/9.2.1/thumb/v7e-m/nofp/libgcc.a
LOAD /usr/lib/gcc/arm-none-eabi/9.2.1/../../../arm-none-eabi/lib/thumb/v7e-m/nofp/libc_nano.a
LOAD /usr/lib/gcc/arm-none-eabi/9.2.1/../../../arm-none-eabi/lib/thumb/v7e-m/nofp/libnosys.a
END GROUP
LOAD /usr/lib/gcc/arm-none-eabi/9.2.1/thumb/v7e-m/nofp/crtend.o
LOAD /usr/lib/gcc/arm-none-eabi/9.2.1/thumb/v7e-m/nofp/crtn.o
                0x000000002000a000                _estack = 0x2000a000
                0x0000000000000000                _Min_Heap_Size = 0x0
                0x0000000000000400                _Min_Stack_Size = 0x400

.isr_vector     0x0000000008000000      0x188
                0x0000000008000000                . = ALIGN (0x4)
 *(.isr_vector)
 .isr_vector    0x0000000008000000      0x188 objdir-CW308_STM32F3/stm32f3_startup.o
                0x0000000008000000                g_pfnVectors
                0x0000000008000188                . = ALIGN (0x4)

.text           0x0000000008000188     0x21e0
                0x0000000008000188                . = ALIGN (0x4)
 *(.text)
 .text          0x0000000008000188       0x88 /usr/lib/gcc/arm-none-eabi/9.2.1/thumb/v7e-m/nofp/crtbegin.o
 .text          0x0000000008000210       0x48 /usr/lib/gcc/arm-none-eabi/9.2.1/../../../arm-none-eabi/lib/thumb/v7e-m/nofp/libg_nano.a(lib_a-init.o)
                0x0000000008000210                __libc_init_array
 .text          0x0000000008000258       0xa0 /usr/lib/gcc/arm-none-eabi/9.2.1/../../../arm-none-eabi/lib/thumb/v7e-m/nofp/libg_nano.a(lib_a-memset.o)
                0x0000000008000258                memset
 *(.text*)
 .text.uECC_vli_cmp_unsafe
                0x00000000080002f8       0x2a objdir-CW308_STM32F3/simpleserial-ecc.o
 *fill*         0x0000000008000322        0x2 
 .text.set_px   0x0000000008000324       0x34 objdir-CW308_STM32F3/simpleserial-ecc.o
                0x0000000008000324                set_px
 .text.set_py   0x0000000008000358       0x34 objdir-CW308_STM32F3/simpleserial-ecc.o
                0x0000000008000358                set_py
 .text.reset    0x000000000800038c        0x4 objdir-CW308_STM32F3/simpleserial-ecc.o
                0x000000000800038c                reset
 .text.get_qx   0x0000000008000390       0x34 objdir-CW308_STM32F3/simpleserial-ecc.o
                0x0000000008000390                get_qx
 .text.get_qy   0x00000000080003c4       0x34 objdir-CW308_STM32F3/simpleserial-ecc.o
                0x00000000080003c4                get_qy
 .text.uECC_vli_add
                0x00000000080003f8       0x4a objdir-CW308_STM32F3/simpleserial-ecc.o
                0x00000000080003f8                uECC_vli_add
 .text.uECC_vli_sub
                0x0000000008000442       0x4e objdir-CW308_STM32F3/simpleserial-ecc.o
                0x0000000008000442                uECC_vli_sub
 .text.uECC_vli_mult
                0x0000000008000490      0x212 objdir-CW308_STM32F3/simpleserial-ecc.o
                0x0000000008000490                uECC_vli_mult
 .text.uECC_vli_clear
                0x00000000080006a2       0x16 objdir-CW308_STM32F3/simpleserial-ecc.o
                0x00000000080006a2                uECC_vli_clear
 .text.uECC_vli_isZero
                0x00000000080006b8       0x1e objdir-CW308_STM32F3/simpleserial-ecc.o
                0x00000000080006b8                uECC_vli_isZero
 .text.uECC_vli_testBit
                0x00000000080006d6       0x14 objdir-CW308_STM32F3/simpleserial-ecc.o
                0x00000000080006d6                uECC_vli_testBit
 .text.regularize_k
                0x00000000080006ea       0x58 objdir-CW308_STM32F3/simpleserial-ecc.o
 .text.uECC_vli_numBits
                0x0000000008000742       0x3e objdir-CW308_STM32F3/simpleserial-ecc.o
                0x0000000008000742                uECC_vli_numBits
 .text.uECC_vli_set
                0x0000000008000780       0x18 objdir-CW308_STM32F3/simpleserial-ecc.o
                0x0000000008000780                uECC_vli_set
 .text.vli_mmod_fast_secp256r1
                0x0000000008000798      0x1ac objdir-CW308_STM32F3/simpleserial-ecc.o
 .text.uECC_vli_rshift1
                0x0000000008000944       0x1a objdir-CW308_STM32F3/simpleserial-ecc.o
                0x0000000008000944                uECC_vli_rshift1
 .text.vli_modInv_update
                0x000000000800095e       0x38 objdir-CW308_STM32F3/simpleserial-ecc.o
 .text.uECC_vli_modAdd
                0x0000000008000996       0x32 objdir-CW308_STM32F3/simpleserial-ecc.o
                0x0000000008000996                uECC_vli_modAdd
 .text.uECC_vli_modSub
                0x00000000080009c8       0x24 objdir-CW308_STM32F3/simpleserial-ecc.o
                0x00000000080009c8                uECC_vli_modSub
 .text.uECC_vli_modMult_fast
                0x00000000080009ec       0x20 objdir-CW308_STM32F3/simpleserial-ecc.o
                0x00000000080009ec                uECC_vli_modMult_fast
 .text.uECC_vli_modSquare_fast
                0x0000000008000a0c        0x8 objdir-CW308_STM32F3/simpleserial-ecc.o
                0x0000000008000a0c                uECC_vli_modSquare_fast
 .text.x_side_default
                0x0000000008000a14       0x5e objdir-CW308_STM32F3/simpleserial-ecc.o
 .text.mod_sqrt_default
                0x0000000008000a72       0x74 objdir-CW308_STM32F3/simpleserial-ecc.o
 .text.double_jacobian_default
                0x0000000008000ae6      0x152 objdir-CW308_STM32F3/simpleserial-ecc.o
 .text.XYcZ_addC
                0x0000000008000c38      0x11c objdir-CW308_STM32F3/simpleserial-ecc.o
 .text.XYcZ_add
                0x0000000008000d54       0xce objdir-CW308_STM32F3/simpleserial-ecc.o
 .text.apply_z  0x0000000008000e22       0x3e objdir-CW308_STM32F3/simpleserial-ecc.o
 .text.uECC_vli_modInv
                0x0000000008000e60      0x106 objdir-CW308_STM32F3/simpleserial-ecc.o
                0x0000000008000e60                uECC_vli_modInv
 .text.EccPoint_mult
                0x0000000008000f66      0x19e objdir-CW308_STM32F3/simpleserial-ecc.o
 .text.uECC_point_mult
                0x0000000008001104       0x40 objdir-CW308_STM32F3/simpleserial-ecc.o
                0x0000000008001104                uECC_point_mult
 .text.run_pmul
                0x0000000008001144       0x50 objdir-CW308_STM32F3/simpleserial-ecc.o
                0x0000000008001144                run_pmul
 .text.run_pmul_fixed
                0x0000000008001194       0x50 objdir-CW308_STM32F3/simpleserial-ecc.o
                0x0000000008001194                run_pmul_fixed
 .text.print    0x00000000080011e4       0x12 objdir-CW308_STM32F3/simpleserial-ecc.o
                0x00000000080011e4                print
 *fill*         0x00000000080011f6        0x2 
 .text.info     0x00000000080011f8       0x44 objdir-CW308_STM32F3/simpleserial-ecc.o
                0x00000000080011f8                info
 .text.startup.main
                0x000000000800123c       0x88 objdir-CW308_STM32F3/simpleserial-ecc.o
                0x000000000800123c                main
 .text.check_version
                0x00000000080012c4        0x4 objdir-CW308_STM32F3/simpleserial.o
                0x00000000080012c4                check_version
 .text.hex_decode
                0x00000000080012c8       0x76 objdir-CW308_STM32F3/simpleserial.o
                0x00000000080012c8                hex_decode
 *fill*         0x000000000800133e        0x2 
 .text.simpleserial_addcmd_flags
                0x0000000008001340       0x2c objdir-CW308_STM32F3/simpleserial.o
                0x0000000008001340                simpleserial_addcmd_flags
 .text.simpleserial_addcmd
                0x000000000800136c        0x6 objdir-CW308_STM32F3/simpleserial.o
                0x000000000800136c                simpleserial_addcmd
 *fill*         0x0000000008001372        0x2 
 .text.simpleserial_init
                0x0000000008001374       0x30 objdir-CW308_STM32F3/simpleserial.o
                0x0000000008001374                simpleserial_init
 .text.simpleserial_put
                0x00000000080013a4       0x40 objdir-CW308_STM32F3/simpleserial.o
                0x00000000080013a4                simpleserial_put
 .text.ss_num_commands
                0x00000000080013e4       0x24 objdir-CW308_STM32F3/simpleserial.o
                0x00000000080013e4                ss_num_commands
 .text.ss_get_commands
                0x0000000008001408       0x50 objdir-CW308_STM32F3/simpleserial.o
                0x0000000008001408                ss_get_commands
 .text.simpleserial_get
                0x0000000008001458       0xc4 objdir-CW308_STM32F3/simpleserial.o
                0x0000000008001458                simpleserial_get
 .text.platform_init
                0x000000000800151c       0x80 objdir-CW308_STM32F3/stm32f3_hal.o
                0x000000000800151c                platform_init
 .text.init_uart
                0x000000000800159c       0x7c objdir-CW308_STM32F3/stm32f3_hal.o
                0x000000000800159c                init_uart
 .text.trigger_setup
                0x0000000008001618       0x48 objdir-CW308_STM32F3/stm32f3_hal.o
                0x0000000008001618                trigger_setup
 .text.trigger_low
                0x0000000008001660        0xe objdir-CW308_STM32F3/stm32f3_hal.o
                0x0000000008001660                trigger_low
 *fill*         0x000000000800166e        0x2 
 .text.getch    0x0000000008001670       0x34 objdir-CW308_STM32F3/stm32f3_hal.o
                0x0000000008001670                getch
 .text.putch    0x00000000080016a4       0x20 objdir-CW308_STM32F3/stm32f3_hal.o
                0x00000000080016a4                putch
 .text.HAL_GetTick
                0x00000000080016c4       0x10 objdir-CW308_STM32F3/stm32f3_hal_lowlevel.o
                0x00000000080016c4                HAL_GetTick
 .text.HAL_RCC_OscConfig
                0x00000000080016d4      0x4dc objdir-CW308_STM32F3/stm32f3_hal_lowlevel.o
                0x00000000080016d4                HAL_RCC_OscConfig
 .text.HAL_RCC_ClockConfig
                0x0000000008001bb0      0x14c objdir-CW308_STM32F3/stm32f3_hal_lowlevel.o
                0x0000000008001bb0                HAL_RCC_ClockConfig
 .text.HAL_GPIO_Init
                0x0000000008001cfc      0x188 objdir-CW308_STM32F3/stm32f3_hal_lowlevel.o
                0x0000000008001cfc                HAL_GPIO_Init
 .text.HAL_GPIO_WritePin
                0x0000000008001e84        0xa objdir-CW308_STM32F3/stm32f3_hal_lowlevel.o
                0x0000000008001e84                HAL_GPIO_WritePin
 *fill*         0x0000000008001e8e        0x2 
 .text.UART_SetConfig
                0x0000000008001e90      0x1e0 objdir-CW308_STM32F3/stm32f3_hal_lowlevel.o
                0x0000000008001e90                UART_SetConfig
 .text.UART_WaitOnFlagUntilTimeout
                0x0000000008002070       0x58 objdir-CW308_STM32F3/stm32f3_hal_lowlevel.o
                0x0000000008002070                UART_WaitOnFlagUntilTimeout
 .text.UART_CheckIdleState
                0x00000000080020c8       0x64 objdir-CW308_STM32F3/stm32f3_hal_lowlevel.o
                0x00000000080020c8                UART_CheckIdleState
 .text.HAL_UART_Init
                0x000000000800212c       0x56 objdir-CW308_STM32F3/stm32f3_hal_lowlevel.o
                0x000000000800212c                HAL_UART_Init
 .text.HAL_UART_Transmit
                0x0000000008002182       0xac objdir-CW308_STM32F3/stm32f3_hal_lowlevel.o
                0x0000000008002182                HAL_UART_Transmit
 .text.HAL_UART_Receive
                0x000000000800222e       0xd6 objdir-CW308_STM32F3/stm32f3_hal_lowlevel.o
                0x000000000800222e                HAL_UART_Receive
 .text.Reset_Handler
                0x0000000008002304       0x48 objdir-CW308_STM32F3/stm32f3_startup.o
                0x0000000008002304                Reset_Handler
 .text.Default_Handler
                0x000000000800234c        0x2 objdir-CW308_STM32F3/stm32f3_startup.o
                0x000000000800234c                DebugMon_Handler
                0x000000000800234c                HardFault_Handler
                0x000000000800234c                SysTick_Handler
                0x000000000800234c                PendSV_Handler
                0x000000000800234c                NMI_Handler
                0x000000000800234c                UsageFault_Handler
                0x000000000800234c                Default_Handler
                0x000000000800234c                MemManage_Handler
                0x000000000800234c                SVC_Handler
                0x000000000800234c                BusFault_Handler
 *(.glue_7)
 .glue_7        0x000000000800234e        0x0 linker stubs
 *(.glue_7t)
 .glue_7t       0x000000000800234e        0x0 linker stubs
 *(.eh_frame)
 *fill*         0x000000000800234e        0x2 
 .eh_frame      0x0000000008002350        0x0 /usr/lib/gcc/arm-none-eabi/9.2.1/thumb/v7e-m/nofp/crtbegin.o
 *(.init)
 .init          0x0000000008002350        0x4 /usr/lib/gcc/arm-none-eabi/9.2.1/thumb/v7e-m/nofp/crti.o
                0x0000000008002350                _init
 .init          0x0000000008002354        0x8 /usr/lib/gcc/arm-none-eabi/9.2.1/thumb/v7e-m/nofp/crtn.o
 *(.fini)
 .fini          0x000000000800235c        0x4 /usr/lib/gcc/arm-none-eabi/9.2.1/thumb/v7e-m/nofp/crti.o
                0x000000000800235c                _fini
 .fini          0x0000000008002360        0x8 /usr/lib/gcc/arm-none-eabi/9.2.1/thumb/v7e-m/nofp/crtn.o
                0x0000000008002368                . = ALIGN (0x4)
                0x0000000008002368                _etext = .

.vfp11_veneer   0x0000000008002368        0x0
 .vfp11_veneer  0x0000000008002368        0x0 linker stubs

.v4_bx          0x0000000008002368        0x0
 .v4_bx         0x0000000008002368        0x0 linker stubs

.iplt           0x0000000008002368        0x0
 .iplt          0x0000000008002368        0x0 /usr/lib/gcc/arm-none-eabi/9.2.1/thumb/v7e-m/nofp/crtbegin.o

.rodata         0x0000000008002368      0x128
                0x0000000008002368                . = ALIGN (0x4)
 *(.rodata)
 .rodata        0x0000000008002368       0xb4 objdir-CW308_STM32F3/simpleserial-ecc.o
 .rodata        0x000000000800241c       0x10 objdir-CW308_STM32F3/simpleserial.o
 .rodata        0x000000000800242c        0x3 objdir-CW308_STM32F3/stm32f3_hal_lowlevel.o
 *(.rodata*)
 .rodata.str1.1
                0x000000000800242f       0x60 objdir-CW308_STM32F3/simpleserial-ecc.o
                0x0000000008002490                . = ALIGN (0x4)
 *fill*         0x000000000800248f        0x1 

.rel.dyn        0x0000000008002490        0x0
 .rel.iplt      0x0000000008002490        0x0 /usr/lib/gcc/arm-none-eabi/9.2.1/thumb/v7e-m/nofp/crtbegin.o

.ARM.extab      0x0000000008002490        0x0
                0x0000000008002490                . = ALIGN (0x4)
 *(.ARM.extab* .gnu.linkonce.armextab.*)
                0x0000000008002490                . = ALIGN (0x4)

.ARM            0x0000000008002490        0x0
                0x0000000008002490                . = ALIGN (0x4)
                0x0000000008002490                __exidx_start = .
 *(.ARM.exidx*)
                0x0000000008002490                __exidx_end = .
                0x0000000008002490                . = ALIGN (0x4)

.preinit_array  0x0000000008002490        0x0
                0x0000000008002490                . = ALIGN (0x4)
                0x0000000008002490                PROVIDE (__preinit_array_start = .)
 *(.preinit_array*)
                0x0000000008002490                PROVIDE (__preinit_array_end = .)
                0x0000000008002490                . = ALIGN (0x4)

.init_array     0x0000000008002490        0x4
                0x0000000008002490                . = ALIGN (0x4)
                0x0000000008002490                PROVIDE (__init_array_start = .)
 *(SORT_BY_NAME(.init_array.*))
 *(.init_array*)
 .init_array    0x0000000008002490        0x4 /usr/lib/gcc/arm-none-eabi/9.2.1/thumb/v7e-m/nofp/crtbegin.o
                0x0000000008002494                PROVIDE (__init_array_end = .)
                0x0000000008002494                . = ALIGN (0x4)

.fini_array     0x0000000008002494        0x4
                0x0000000008002494                . = ALIGN (0x4)
                0x0000000008002494                PROVIDE (__fini_array_start = .)
 *(SORT_BY_NAME(.fini_array.*))
 *(.fini_array*)
 .fini_array    0x0000000008002494        0x4 /usr/lib/gcc/arm-none-eabi/9.2.1/thumb/v7e-m/nofp/crtbegin.o
                0x0000000008002498                PROVIDE (__fini_array_end = .)
                0x0000000008002498                . = ALIGN (0x4)
                0x0000000008002498                _sidata = LOADADDR (.data)

.data           0x0000000020000000        0x0 load address 0x0000000008002498
                0x0000000020000000                . = ALIGN (0x4)
                0x0000000020000000                _sdata = .
 *(.data)
 *(.data*)
                0x0000000020000000                . = ALIGN (0x4)
                0x0000000020000000                _edata = .

.tm_clone_table
                0x0000000020000000        0x0 load address 0x0000000008002498
 .tm_clone_table
                0x0000000020000000        0x0 /usr/lib/gcc/arm-none-eabi/9.2.1/thumb/v7e-m/nofp/crtbegin.o
 .tm_clone_table
                0x0000000020000000        0x0 /usr/lib/gcc/arm-none-eabi/9.2.1/thumb/v7e-m/nofp/crtend.o

.igot.plt       0x0000000020000000        0x0 load address 0x0000000008002498
 .igot.plt      0x0000000020000000        0x0 /usr/lib/gcc/arm-none-eabi/9.2.1/thumb/v7e-m/nofp/crtbegin.o
                0x0000000020000000                . = ALIGN (0x4)

.bss            0x0000000020000000      0x218 load address 0x0000000008002498
                0x0000000020000000                _sbss = .
                0x0000000020000000                __bss_start__ = _sbss
 *(.bss)
 .bss           0x0000000020000000       0x1c /usr/lib/gcc/arm-none-eabi/9.2.1/thumb/v7e-m/nofp/crtbegin.o
 .bss           0x000000002000001c      0x104 objdir-CW308_STM32F3/simpleserial.o
 .bss           0x0000000020000120        0x8 objdir-CW308_STM32F3/stm32f3_hal_lowlevel.o
                0x0000000020000120                hal_sys_tick
                0x0000000020000124                uwTick
 *(.bss*)
 *(COMMON)
 COMMON         0x0000000020000128       0x80 objdir-CW308_STM32F3/simpleserial-ecc.o
                0x0000000020000128                Q
                0x0000000020000168                P
 COMMON         0x00000000200001a8       0x70 objdir-CW308_STM32F3/stm32f3_hal.o
                0x00000000200001a8                UartHandle
                0x0000000020000218                . = ALIGN (0x4)
                0x0000000020000218                _ebss = .
                0x0000000020000218                __bss_end__ = _ebss

._user_heap_stack
                0x0000000020000218      0x400 load address 0x0000000008002498
                0x0000000020000218                . = ALIGN (0x8)
                0x0000000020000218                PROVIDE (end = .)
                [!provide]                        PROVIDE (_end = .)
                0x0000000020000218                . = (. + _Min_Heap_Size)
                0x0000000020000618                . = (. + _Min_Stack_Size)
 *fill*         0x0000000020000218      0x400 
                0x0000000020000618                . = ALIGN (0x8)

/DISCARD/
 libc.a(*)
 libm.a(*)
 libgcc.a(*)

.ARM.attributes
                0x0000000000000000       0x2a
 *(.ARM.attributes)
 .ARM.attributes
                0x0000000000000000       0x1e /usr/lib/gcc/arm-none-eabi/9.2.1/thumb/v7e-m/nofp/crti.o
 .ARM.attributes
                0x000000000000001e       0x2e /usr/lib/gcc/arm-none-eabi/9.2.1/thumb/v7e-m/nofp/crtbegin.o
 .ARM.attributes
                0x000000000000004c       0x2e objdir-CW308_STM32F3/simpleserial-ecc.o
 .ARM.attributes
                0x000000000000007a       0x2e objdir-CW308_STM32F3/simpleserial.o
 .ARM.attributes
                0x00000000000000a8       0x2e objdir-CW308_STM32F3/stm32f3_hal.o
 .ARM.attributes
                0x00000000000000d6       0x2e objdir-CW308_STM32F3/stm32f3_hal_lowlevel.o
 .ARM.attributes
                0x0000000000000104       0x21 objdir-CW308_STM32F3/stm32f3_startup.o
 .ARM.attributes
                0x0000000000000125       0x2e /usr/lib/gcc/arm-none-eabi/9.2.1/../../../arm-none-eabi/lib/thumb/v7e-m/nofp/libg_nano.a(lib_a-init.o)
 .ARM.attributes
                0x0000000000000153       0x2e /usr/lib/gcc/arm-none-eabi/9.2.1/../../../arm-none-eabi/lib/thumb/v7e-m/nofp/libg_nano.a(lib_a-memset.o)
 .ARM.attributes
                0x0000000000000181       0x2e /usr/lib/gcc/arm-none-eabi/9.2.1/thumb/v7e-m/nofp/crtend.o
 .ARM.attributes
                0x00000000000001af       0x1e /usr/lib/gcc/arm-none-eabi/9.2.1/thumb/v7e-m/nofp/crtn.o
OUTPUT(simpleserial-ecc-nofwtrigger-CW308_STM32F3.elf elf32-littlearm)
LOAD linker stubs
LOAD /usr/lib/gcc/arm-none-eabi/9.2.1/../../../arm-none-eabi/lib/thumb/v7e-m/nofp/libc.a
LOAD /usr/lib/gcc/arm-none-eabi/9.2.1/../../../arm-none-eabi/lib/thumb/v7e-m/nofp/libm.a
LOAD /usr/lib/gcc/arm-none-eabi/9.2.1/thumb/v7e-m/nofp/libgcc.a

.comment        0x0000000000000000       0xa7
 .comment       0x0000000000000000       0x59 /usr/lib/gcc/arm-none-eabi/9.2.1/thumb/v7e-m/nofp/crtbegin.o
                                         0x5a (size before relaxing)
 .comment       0x0000000000000059       0x5a objdir-CW308_STM32F3/simpleserial-ecc.o
 .comment       0x0000000000000059       0x5a objdir-CW308_STM32F3/simpleserial.o
 .comment       0x0000000000000059       0x5a objdir-CW308_STM32F3/stm32f3_hal.o
 .comment       0x0000000000000059       0x5a objdir-CW308_STM32F3/stm32f3_hal_lowlevel.o
 .comment       0x0000000000000059       0x4e /usr/lib/gcc/arm-none-eabi/9.2.1/../../../arm-none-eabi/lib/thumb/v7e-m/nofp/libg_nano.a(lib_a-init.o)
                                         0x4f (size before relaxing)
 .comment       0x00000000000000a7       0x4f /usr/lib/gcc/arm-none-eabi/9.2.1/../../../arm-none-eabi/lib/thumb/v7e-m/nofp/libg_nano.a(lib_a-memset.o)
 .comment       0x00000000000000a7       0x5a /usr/lib/gcc/arm-none-eabi/9.2.1/thumb/v7e-m/nofp/crtend.o

.debug_info     0x0000000000000000     0xc1af
 .debug_info    0x0000000000000000     0x622f objdir-CW308_STM32F3/simpleserial-ecc.o
 .debug_info    0x000000000000622f      0x7a0 objdir-CW308_STM32F3/simpleserial.o
 .debug_info    0x00000000000069cf     0x184a objdir-CW308_STM32F3/stm32f3_hal.o
 .debug_info    0x0000000000008219     0x2f5b objdir-CW308_STM32F3/stm32f3_hal_lowlevel.o
 .debug_info    0x000000000000b174      0x11a /usr/lib/gcc/arm-none-eabi/9.2.1/../../../arm-none-eabi/lib/thumb/v7e-m/nofp/libg_nano.a(lib_a-init.o)
 .debug_info    0x000000000000b28e      0xf21 /usr/lib/gcc/arm-none-eabi/9.2.1/../../../arm-none-eabi/lib/thumb/v7e-m/nofp/libg_nano.a(lib_a-memset.o)

.debug_abbrev   0x0000000000000000     0x1442
 .debug_abbrev  0x0000000000000000      0x6e6 objdir-CW308_STM32F3/simpleserial-ecc.o
 .debug_abbrev  0x00000000000006e6      0x28f objdir-CW308_STM32F3/simpleserial.o
 .debug_abbrev  0x0000000000000975      0x2dc objdir-CW308_STM32F3/stm32f3_hal.o
 .debug_abbrev  0x0000000000000c51      0x54c objdir-CW308_STM32F3/stm32f3_hal_lowlevel.o
 .debug_abbrev  0x000000000000119d       0xcc /usr/lib/gcc/arm-none-eabi/9.2.1/../../../arm-none-eabi/lib/thumb/v7e-m/nofp/libg_nano.a(lib_a-init.o)
 .debug_abbrev  0x0000000000001269      0x1d9 /usr/lib/gcc/arm-none-eabi/9.2.1/../../../arm-none-eabi/lib/thumb/v7e-m/nofp/libg_nano.a(lib_a-memset.o)

.debug_loc      0x0000000000000000     0x5fd5
 .debug_loc     0x0000000000000000     0x3eec objdir-CW308_STM32F3/simpleserial-ecc.o
 .debug_loc     0x0000000000003eec      0x5e9 objdir-CW308_STM32F3/simpleserial.o
 .debug_loc     0x00000000000044d5      0x1a4 objdir-CW308_STM32F3/stm32f3_hal.o
 .debug_loc     0x0000000000004679     0x1671 objdir-CW308_STM32F3/stm32f3_hal_lowlevel.o
 .debug_loc     0x0000000000005cea       0xba /usr/lib/gcc/arm-none-eabi/9.2.1/../../../arm-none-eabi/lib/thumb/v7e-m/nofp/libg_nano.a(lib_a-init.o)
 .debug_loc     0x0000000000005da4      0x231 /usr/lib/gcc/arm-none-eabi/9.2.1/../../../arm-none-eabi/lib/thumb/v7e-m/nofp/libg_nano.a(lib_a-memset.o)

.debug_aranges  0x0000000000000000      0x428
 .debug_aranges
                0x0000000000000000      0x290 objdir-CW308_STM32F3/simpleserial-ecc.o
 .debug_aranges
                0x0000000000000290       0x68 objdir-CW308_STM32F3/simpleserial.o
 .debug_aranges
                0x00000000000002f8       0x60 objdir-CW308_STM32F3/stm32f3_hal.o
 .debug_aranges
                0x0000000000000358       0x90 objdir-CW308_STM32F3/stm32f3_hal_lowlevel.o
 .debug_aranges
                0x00000000000003e8       0x20 /usr/lib/gcc/arm-none-eabi/9.2.1/../../../arm-none-eabi/lib/thumb/v7e-m/nofp/libg_nano.a(lib_a-init.o)
 .debug_aranges
                0x0000000000000408       0x20 /usr/lib/gcc/arm-none-eabi/9.2.1/../../../arm-none-eabi/lib/thumb/v7e-m/nofp/libg_nano.a(lib_a-memset.o)

.debug_ranges   0x0000000000000000      0x758
 .debug_ranges  0x0000000000000000      0x3a8 objdir-CW308_STM32F3/simpleserial-ecc.o
 .debug_ranges  0x00000000000003a8      0x100 objdir-CW308_STM32F3/simpleserial.o
 .debug_ranges  0x00000000000004a8       0xb0 objdir-CW308_STM32F3/stm32f3_hal.o
 .debug_ranges  0x0000000000000558      0x200 objdir-CW308_STM32F3/stm32f3_hal_lowlevel.o

.debug_line     0x0000000000000000     0x4441
 .debug_line    0x0000000000000000     0x20fc objdir-CW308_STM32F3/simpleserial-ecc.o
 .debug_line    0x00000000000020fc      0x529 objdir-CW308_STM32F3/simpleserial.o
 .debug_line    0x0000000000002625      0x3c8 objdir-CW308_STM32F3/stm32f3_hal.o
 .debug_line    0x00000000000029ed     0x16dc objdir-CW308_STM32F3/stm32f3_hal_lowlevel.o
 .debug_line    0x00000000000040c9      0x10d /usr/lib/gcc/arm-none-eabi/9.2.1/../../../arm-none-eabi/lib/thumb/v7e-m/nofp/libg_nano.a(lib_a-init.o)
 .debug_line    0x00000000000041d6      0x26b /usr/lib/gcc/arm-none-eabi/9.2.1/../../../arm-none-eabi/lib/thumb/v7e-m/nofp/libg_nano.a(lib_a-memset.o)

.debug_str      0x0000000000000000     0x22c5
 .debug_str     0x0000000000000000      0xd05 objdir-CW308_STM32F3/simpleserial-ecc.o
                                        0xe6e (size before relaxing)
 .debug_str     0x0000000000000d05       0xdb objdir-CW308_STM32F3/simpleserial.o
                                        0x31b (size before relaxing)
 .debug_str     0x0000000000000de0      0x734 objdir-CW308_STM32F3/stm32f3_hal.o
                                        0xd69 (size before relaxing)
 .debug_str     0x0000000000001514      0x898 objdir-CW308_STM32F3/stm32f3_hal_lowlevel.o
                                       0x15ac (size before relaxing)
 .debug_str     0x0000000000001dac      0x18e /usr/lib/gcc/arm-none-eabi/9.2.1/../../../arm-none-eabi/lib/thumb/v7e-m/nofp/libg_nano.a(lib_a-init.o)
                                        0x223 (size before relaxing)
 .debug_str     0x0000000000001f3a      0x38b /usr/lib/gcc/arm-none-eabi/9.2.1/../../../arm-none-eabi/lib/thumb/v7e-m/nofp/libg_nano.a(lib_a-memset.o)
                                        0x909 (size before relaxing)

.debug_frame    0x0000000000000000      0xd98
 .debug_frame   0x0000000000000000      0x948 objdir-CW308_STM32F3/simpleserial-ecc.o
 .debug_frame   0x0000000000000948      0x12c objdir-CW308_STM32F3/simpleserial.o
 .debug_frame   0x0000000000000a74       0xec objdir-CW308_STM32F3/stm32f3_hal.o
 .debug_frame   0x0000000000000b60      0x1d4 objdir-CW308_STM32F3/stm32f3_hal_lowlevel.o
 .debug_frame   0x0000000000000d34       0x2c /usr/lib/gcc/arm-none-eabi/9.2.1/../../../arm-none-eabi/lib/thumb/v7e-m/nofp/libg_nano.a(lib_a-init.o)
 .debug_frame   0x0000000000000d60       0x38 /usr/lib/gcc/arm-none-eabi/9.2.1/../../../arm-none-eabi/lib/thumb/v7e-m/nofp/libg_nano.a(lib_a-memset.o)

.stab           0x0000000000000000      0x144
 .stab          0x0000000000000000      0x144 objdir-CW308_STM32F3/stm32f3_startup.o

.stabstr        0x0000000000000000       0x34
 .stabstr       0x0000000000000000       0x34 objdir-CW308_STM32F3/stm32f3_startup.o

Cross Reference Table

Symbol                                            File
BusFault_Handler                                  objdir-CW308_STM32F3/stm32f3_startup.o
DebugMon_Handler                                  objdir-CW308_STM32F3/stm32f3_startup.o
Default_Handler                                   objdir-CW308_STM32F3/stm32f3_startup.o
HAL_GPIO_Init                                     objdir-CW308_STM32F3/stm32f3_hal_lowlevel.o
                                                  objdir-CW308_STM32F3/stm32f3_hal.o
HAL_GPIO_WritePin                                 objdir-CW308_STM32F3/stm32f3_hal_lowlevel.o
                                                  objdir-CW308_STM32F3/stm32f3_hal.o
HAL_GetTick                                       objdir-CW308_STM32F3/stm32f3_hal_lowlevel.o
HAL_IncTick                                       objdir-CW308_STM32F3/stm32f3_hal_lowlevel.o
HAL_InitTick                                      objdir-CW308_STM32F3/stm32f3_hal_lowlevel.o
HAL_NVIC_SetPriority                              objdir-CW308_STM32F3/stm32f3_hal_lowlevel.o
HAL_RCC_ClockConfig                               objdir-CW308_STM32F3/stm32f3_hal_lowlevel.o
                                                  objdir-CW308_STM32F3/stm32f3_hal.o
HAL_RCC_GetPCLK1Freq                              objdir-CW308_STM32F3/stm32f3_hal_lowlevel.o
HAL_RCC_GetPCLK2Freq                              objdir-CW308_STM32F3/stm32f3_hal_lowlevel.o
HAL_RCC_GetSysClockFreq                           objdir-CW308_STM32F3/stm32f3_hal_lowlevel.o
HAL_RCC_OscConfig                                 objdir-CW308_STM32F3/stm32f3_hal_lowlevel.o
                                                  objdir-CW308_STM32F3/stm32f3_hal.o
HAL_UART_Init                                     objdir-CW308_STM32F3/stm32f3_hal_lowlevel.o
                                                  objdir-CW308_STM32F3/stm32f3_hal.o
HAL_UART_Receive                                  objdir-CW308_STM32F3/stm32f3_hal_lowlevel.o
                                                  objdir-CW308_STM32F3/stm32f3_hal.o
HAL_UART_Transmit                                 objdir-CW308_STM32F3/stm32f3_hal_lowlevel.o
                                                  objdir-CW308_STM32F3/stm32f3_hal.o
HardFault_Handler                                 objdir-CW308_STM32F3/stm32f3_startup.o
MemManage_Handler                                 objdir-CW308_STM32F3/stm32f3_startup.o
NMI_Handler                                       objdir-CW308_STM32F3/stm32f3_startup.o
P                                                 objdir-CW308_STM32F3/simpleserial-ecc.o
PendSV_Handler                                    objdir-CW308_STM32F3/stm32f3_startup.o
Q                                                 objdir-CW308_STM32F3/simpleserial-ecc.o
Reset_Handler                                     objdir-CW308_STM32F3/stm32f3_startup.o
SVC_Handler                                       objdir-CW308_STM32F3/stm32f3_startup.o
SysTick_Handler                                   objdir-CW308_STM32F3/stm32f3_startup.o
SystemCoreClock                                   objdir-CW308_STM32F3/stm32f3_hal_lowlevel.o
SystemInit                                        objdir-CW308_STM32F3/stm32f3_startup.o
UART_CheckIdleState                               objdir-CW308_STM32F3/stm32f3_hal_lowlevel.o
UART_SetConfig                                    objdir-CW308_STM32F3/stm32f3_hal_lowlevel.o
UART_WaitOnFlagUntilTimeout                       objdir-CW308_STM32F3/stm32f3_hal_lowlevel.o
UartHandle                                        objdir-CW308_STM32F3/stm32f3_hal.o
UsageFault_Handler                                objdir-CW308_STM32F3/stm32f3_startup.o
_ITM_deregisterTMCloneTable                       /usr/lib/gcc/arm-none-eabi/9.2.1/thumb/v7e-m/nofp/crtbegin.o
_ITM_registerTMCloneTable                         /usr/lib/gcc/arm-none-eabi/9.2.1/thumb/v7e-m/nofp/crtbegin.o
__TMC_END__                                       /usr/lib/gcc/arm-none-eabi/9.2.1/thumb/v7e-m/nofp/crtend.o
                                                  /usr/lib/gcc/arm-none-eabi/9.2.1/thumb/v7e-m/nofp/crtbegin.o
__atexit_dummy                                    /usr/lib/gcc/arm-none-eabi/9.2.1/../../../arm-none-eabi/lib/thumb/v7e-m/nofp/libg_nano.a(lib_a-__atexit.o)
__bss_end__                                       /usr/lib/gcc/arm-none-eabi/9.2.1/../../../arm-none-eabi/lib/thumb/v7e-m/nofp/crt0.o
__bss_start__                                     /usr/lib/gcc/arm-none-eabi/9.2.1/../../../arm-none-eabi/lib/thumb/v7e-m/nofp/crt0.o
__call_exitprocs                                  /usr/lib/gcc/arm-none-eabi/9.2.1/../../../arm-none-eabi/lib/thumb/v7e-m/nofp/libg_nano.a(lib_a-__call_atexit.o)
                                                  /usr/lib/gcc/arm-none-eabi/9.2.1/../../../arm-none-eabi/lib/thumb/v7e-m/nofp/libg_nano.a(lib_a-__atexit.o)
                                                  /usr/lib/gcc/arm-none-eabi/9.2.1/../../../arm-none-eabi/lib/thumb/v7e-m/nofp/libg_nano.a(lib_a-exit.o)
__deregister_frame_info                           /usr/lib/gcc/arm-none-eabi/9.2.1/thumb/v7e-m/nofp/crtbegin.o
__dso_handle                                      /usr/lib/gcc/arm-none-eabi/9.2.1/thumb/v7e-m/nofp/crtbegin.o
__errno                                           /usr/lib/gcc/arm-none-eabi/9.2.1/../../../arm-none-eabi/lib/thumb/v7e-m/nofp/libg_nano.a(lib_a-errno.o)
                                                  objdir-CW308_STM32F3/stm32f3_sysmem.o
__fini_array_end                                  /usr/lib/gcc/arm-none-eabi/9.2.1/../../../arm-none-eabi/lib/thumb/v7e-m/nofp/libg_nano.a(lib_a-fini.o)
__fini_array_start                                /usr/lib/gcc/arm-none-eabi/9.2.1/../../../arm-none-eabi/lib/thumb/v7e-m/nofp/libg_nano.a(lib_a-fini.o)
__init_array_end                                  /usr/lib/gcc/arm-none-eabi/9.2.1/../../../arm-none-eabi/lib/thumb/v7e-m/nofp/libg_nano.a(lib_a-init.o)
__init_array_start                                /usr/lib/gcc/arm-none-eabi/9.2.1/../../../arm-none-eabi/lib/thumb/v7e-m/nofp/libg_nano.a(lib_a-init.o)
__libc_fini_array                                 /usr/lib/gcc/arm-none-eabi/9.2.1/../../../arm-none-eabi/lib/thumb/v7e-m/nofp/libg_nano.a(lib_a-fini.o)
                                                  /usr/lib/gcc/arm-none-eabi/9.2.1/../../../arm-none-eabi/lib/thumb/v7e-m/nofp/crt0.o
__libc_init_array                                 /usr/lib/gcc/arm-none-eabi/9.2.1/../../../arm-none-eabi/lib/thumb/v7e-m/nofp/libg_nano.a(lib_a-init.o)
                                                  objdir-CW308_STM32F3/stm32f3_startup.o
                                                  /usr/lib/gcc/arm-none-eabi/9.2.1/../../../arm-none-eabi/lib/thumb/v7e-m/nofp/crt0.o
__on_exit_args                                    /usr/lib/gcc/arm-none-eabi/9.2.1/../../../arm-none-eabi/lib/thumb/v7e-m/nofp/libg_nano.a(lib_a-__atexit.o)
__preinit_array_end                               /usr/lib/gcc/arm-none-eabi/9.2.1/../../../arm-none-eabi/lib/thumb/v7e-m/nofp/libg_nano.a(lib_a-init.o)
__preinit_array_start                             /usr/lib/gcc/arm-none-eabi/9.2.1/../../../arm-none-eabi/lib/thumb/v7e-m/nofp/libg_nano.a(lib_a-init.o)
__register_exitproc                               /usr/lib/gcc/arm-none-eabi/9.2.1/../../../arm-none-eabi/lib/thumb/v7e-m/nofp/libg_nano.a(lib_a-__atexit.o)
                                                  /usr/lib/gcc/arm-none-eabi/9.2.1/../../../arm-none-eabi/lib/thumb/v7e-m/nofp/libg_nano.a(lib_a-atexit.o)
__register_frame_info                             /usr/lib/gcc/arm-none-eabi/9.2.1/thumb/v7e-m/nofp/crtbegin.o
__sf_fake_stderr                                  /usr/lib/gcc/arm-none-eabi/9.2.1/../../../arm-none-eabi/lib/thumb/v7e-m/nofp/libg_nano.a(lib_a-impure.o)
__sf_fake_stdin                                   /usr/lib/gcc/arm-none-eabi/9.2.1/../../../arm-none-eabi/lib/thumb/v7e-m/nofp/libg_nano.a(lib_a-impure.o)
__sf_fake_stdout                                  /usr/lib/gcc/arm-none-eabi/9.2.1/../../../arm-none-eabi/lib/thumb/v7e-m/nofp/libg_nano.a(lib_a-impure.o)
__stack                                           /usr/lib/gcc/arm-none-eabi/9.2.1/../../../arm-none-eabi/lib/thumb/v7e-m/nofp/crt0.o
_ebss                                             objdir-CW308_STM32F3/stm32f3_startup.o
_edata                                            objdir-CW308_STM32F3/stm32f3_startup.o
_estack                                           objdir-CW308_STM32F3/stm32f3_startup.o
_exit                                             /usr/lib/gcc/arm-none-eabi/9.2.1/../../../arm-none-eabi/lib/thumb/v7e-m/nofp/libnosys.a(_exit.o)
                                                  /usr/lib/gcc/arm-none-eabi/9.2.1/../../../arm-none-eabi/lib/thumb/v7e-m/nofp/libg_nano.a(lib_a-exit.o)
_fini                                             /usr/lib/gcc/arm-none-eabi/9.2.1/thumb/v7e-m/nofp/crti.o
                                                  /usr/lib/gcc/arm-none-eabi/9.2.1/../../../arm-none-eabi/lib/thumb/v7e-m/nofp/libg_nano.a(lib_a-fini.o)
_global_atexit                                    /usr/lib/gcc/arm-none-eabi/9.2.1/../../../arm-none-eabi/lib/thumb/v7e-m/nofp/libg_nano.a(lib_a-__call_atexit.o)
                                                  /usr/lib/gcc/arm-none-eabi/9.2.1/../../../arm-none-eabi/lib/thumb/v7e-m/nofp/libg_nano.a(lib_a-__atexit.o)
_global_impure_ptr                                /usr/lib/gcc/arm-none-eabi/9.2.1/../../../arm-none-eabi/lib/thumb/v7e-m/nofp/libg_nano.a(lib_a-impure.o)
                                                  /usr/lib/gcc/arm-none-eabi/9.2.1/../../../arm-none-eabi/lib/thumb/v7e-m/nofp/libg_nano.a(lib_a-exit.o)
_impure_ptr                                       /usr/lib/gcc/arm-none-eabi/9.2.1/../../../arm-none-eabi/lib/thumb/v7e-m/nofp/libg_nano.a(lib_a-impure.o)
                                                  /usr/lib/gcc/arm-none-eabi/9.2.1/../../../arm-none-eabi/lib/thumb/v7e-m/nofp/libg_nano.a(lib_a-errno.o)
_init                                             /usr/lib/gcc/arm-none-eabi/9.2.1/thumb/v7e-m/nofp/crti.o
                                                  /usr/lib/gcc/arm-none-eabi/9.2.1/../../../arm-none-eabi/lib/thumb/v7e-m/nofp/libg_nano.a(lib_a-init.o)
_mainCRTStartup                                   /usr/lib/gcc/arm-none-eabi/9.2.1/../../../arm-none-eabi/lib/thumb/v7e-m/nofp/crt0.o
_sbrk                                             objdir-CW308_STM32F3/stm32f3_sysmem.o
_sbss                                             objdir-CW308_STM32F3/stm32f3_startup.o
_sdata                                            objdir-CW308_STM32F3/stm32f3_startup.o
_sidata                                           objdir-CW308_STM32F3/stm32f3_startup.o
_stack_init                                       /usr/lib/gcc/arm-none-eabi/9.2.1/../../../arm-none-eabi/lib/thumb/v7e-m/nofp/crt0.o
_start                                            /usr/lib/gcc/arm-none-eabi/9.2.1/../../../arm-none-eabi/lib/thumb/v7e-m/nofp/crt0.o
atexit                                            /usr/lib/gcc/arm-none-eabi/9.2.1/../../../arm-none-eabi/lib/thumb/v7e-m/nofp/libg_nano.a(lib_a-atexit.o)
                                                  /usr/lib/gcc/arm-none-eabi/9.2.1/../../../arm-none-eabi/lib/thumb/v7e-m/nofp/crt0.o
change_err_led                                    objdir-CW308_STM32F3/stm32f3_hal.o
change_ok_led                                     objdir-CW308_STM32F3/stm32f3_hal.o
check_version                                     objdir-CW308_STM32F3/simpleserial.o
end                                               objdir-CW308_STM32F3/stm32f3_sysmem.o
exit                                              /usr/lib/gcc/arm-none-eabi/9.2.1/../../../arm-none-eabi/lib/thumb/v7e-m/nofp/libg_nano.a(lib_a-exit.o)
                                                  /usr/lib/gcc/arm-none-eabi/9.2.1/../../../arm-none-eabi/lib/thumb/v7e-m/nofp/crt0.o
g_pfnVectors                                      objdir-CW308_STM32F3/stm32f3_startup.o
get_qx                                            objdir-CW308_STM32F3/simpleserial-ecc.o
get_qy                                            objdir-CW308_STM32F3/simpleserial-ecc.o
getch                                             objdir-CW308_STM32F3/stm32f3_hal.o
                                                  objdir-CW308_STM32F3/simpleserial.o
hal_sys_tick                                      objdir-CW308_STM32F3/stm32f3_hal_lowlevel.o
hardware_init_hook                                /usr/lib/gcc/arm-none-eabi/9.2.1/../../../arm-none-eabi/lib/thumb/v7e-m/nofp/crt0.o
hex_decode                                        objdir-CW308_STM32F3/simpleserial.o
info                                              objdir-CW308_STM32F3/simpleserial-ecc.o
init_uart                                         objdir-CW308_STM32F3/stm32f3_hal.o
                                                  objdir-CW308_STM32F3/simpleserial-ecc.o
main                                              objdir-CW308_STM32F3/simpleserial-ecc.o
                                                  objdir-CW308_STM32F3/stm32f3_startup.o
                                                  /usr/lib/gcc/arm-none-eabi/9.2.1/../../../arm-none-eabi/lib/thumb/v7e-m/nofp/crt0.o
malloc                                            /usr/lib/gcc/arm-none-eabi/9.2.1/../../../arm-none-eabi/lib/thumb/v7e-m/nofp/libg_nano.a(lib_a-__atexit.o)
memset                                            /usr/lib/gcc/arm-none-eabi/9.2.1/../../../arm-none-eabi/lib/thumb/v7e-m/nofp/libg_nano.a(lib_a-memset.o)
                                                  objdir-CW308_STM32F3/simpleserial-ecc.o
                                                  /usr/lib/gcc/arm-none-eabi/9.2.1/../../../arm-none-eabi/lib/thumb/v7e-m/nofp/crt0.o
platform_init                                     objdir-CW308_STM32F3/stm32f3_hal.o
                                                  objdir-CW308_STM32F3/simpleserial-ecc.o
print                                             objdir-CW308_STM32F3/simpleserial-ecc.o
putch                                             objdir-CW308_STM32F3/stm32f3_hal.o
                                                  objdir-CW308_STM32F3/simpleserial.o
                                                  objdir-CW308_STM32F3/simpleserial-ecc.o
reset                                             objdir-CW308_STM32F3/simpleserial-ecc.o
run_pmul                                          objdir-CW308_STM32F3/simpleserial-ecc.o
run_pmul_fixed                                    objdir-CW308_STM32F3/simpleserial-ecc.o
set_px                                            objdir-CW308_STM32F3/simpleserial-ecc.o
set_py                                            objdir-CW308_STM32F3/simpleserial-ecc.o
simpleserial_addcmd                               objdir-CW308_STM32F3/simpleserial.o
                                                  objdir-CW308_STM32F3/simpleserial-ecc.o
simpleserial_addcmd_flags                         objdir-CW308_STM32F3/simpleserial.o
simpleserial_get                                  objdir-CW308_STM32F3/simpleserial.o
                                                  objdir-CW308_STM32F3/simpleserial-ecc.o
simpleserial_init                                 objdir-CW308_STM32F3/simpleserial.o
                                                  objdir-CW308_STM32F3/simpleserial-ecc.o
simpleserial_put                                  objdir-CW308_STM32F3/simpleserial.o
                                                  objdir-CW308_STM32F3/simpleserial-ecc.o
software_init_hook                                /usr/lib/gcc/arm-none-eabi/9.2.1/../../../arm-none-eabi/lib/thumb/v7e-m/nofp/crt0.o
ss_crc                                            objdir-CW308_STM32F3/simpleserial.o
ss_get_commands                                   objdir-CW308_STM32F3/simpleserial.o
ss_num_commands                                   objdir-CW308_STM32F3/simpleserial.o
trigger_high                                      objdir-CW308_STM32F3/stm32f3_hal.o
trigger_low                                       objdir-CW308_STM32F3/stm32f3_hal.o
                                                  objdir-CW308_STM32F3/simpleserial-ecc.o
trigger_setup                                     objdir-CW308_STM32F3/stm32f3_hal.o
                                                  objdir-CW308_STM32F3/simpleserial-ecc.o
uECC_compress                                     objdir-CW308_STM32F3/simpleserial-ecc.o
uECC_compute_public_key                           objdir-CW308_STM32F3/simpleserial-ecc.o
uECC_curve_G                                      objdir-CW308_STM32F3/simpleserial-ecc.o
uECC_curve_b                                      objdir-CW308_STM32F3/simpleserial-ecc.o
uECC_curve_n                                      objdir-CW308_STM32F3/simpleserial-ecc.o
uECC_curve_num_bits                               objdir-CW308_STM32F3/simpleserial-ecc.o
uECC_curve_num_bytes                              objdir-CW308_STM32F3/simpleserial-ecc.o
uECC_curve_num_n_bits                             objdir-CW308_STM32F3/simpleserial-ecc.o
uECC_curve_num_n_bytes                            objdir-CW308_STM32F3/simpleserial-ecc.o
uECC_curve_num_n_words                            objdir-CW308_STM32F3/simpleserial-ecc.o
uECC_curve_num_words                              objdir-CW308_STM32F3/simpleserial-ecc.o
uECC_curve_p                                      objdir-CW308_STM32F3/simpleserial-ecc.o
uECC_curve_private_key_size                       objdir-CW308_STM32F3/simpleserial-ecc.o
uECC_curve_public_key_size                        objdir-CW308_STM32F3/simpleserial-ecc.o
uECC_decompress                                   objdir-CW308_STM32F3/simpleserial-ecc.o
uECC_generate_random_int                          objdir-CW308_STM32F3/simpleserial-ecc.o
uECC_get_rng                                      objdir-CW308_STM32F3/simpleserial-ecc.o
uECC_make_key                                     objdir-CW308_STM32F3/simpleserial-ecc.o
uECC_point_mult                                   objdir-CW308_STM32F3/simpleserial-ecc.o
uECC_secp256r1                                    objdir-CW308_STM32F3/simpleserial-ecc.o
uECC_set_rng                                      objdir-CW308_STM32F3/simpleserial-ecc.o
uECC_shared_secret                                objdir-CW308_STM32F3/simpleserial-ecc.o
uECC_sign                                         objdir-CW308_STM32F3/simpleserial-ecc.o
uECC_sign_deterministic                           objdir-CW308_STM32F3/simpleserial-ecc.o
uECC_valid_point                                  objdir-CW308_STM32F3/simpleserial-ecc.o
uECC_valid_public_key                             objdir-CW308_STM32F3/simpleserial-ecc.o
uECC_verify                                       objdir-CW308_STM32F3/simpleserial-ecc.o
uECC_vli_add                                      objdir-CW308_STM32F3/simpleserial-ecc.o
uECC_vli_bytesToNative                            objdir-CW308_STM32F3/simpleserial-ecc.o
uECC_vli_clear                                    objdir-CW308_STM32F3/simpleserial-ecc.o
uECC_vli_cmp                                      objdir-CW308_STM32F3/simpleserial-ecc.o
uECC_vli_equal                                    objdir-CW308_STM32F3/simpleserial-ecc.o
uECC_vli_isZero                                   objdir-CW308_STM32F3/simpleserial-ecc.o
uECC_vli_mmod                                     objdir-CW308_STM32F3/simpleserial-ecc.o
uECC_vli_mmod_fast                                objdir-CW308_STM32F3/simpleserial-ecc.o
uECC_vli_modAdd                                   objdir-CW308_STM32F3/simpleserial-ecc.o
uECC_vli_modInv                                   objdir-CW308_STM32F3/simpleserial-ecc.o
uECC_vli_modMult                                  objdir-CW308_STM32F3/simpleserial-ecc.o
uECC_vli_modMult_fast                             objdir-CW308_STM32F3/simpleserial-ecc.o
uECC_vli_modSquare                                objdir-CW308_STM32F3/simpleserial-ecc.o
uECC_vli_modSquare_fast                           objdir-CW308_STM32F3/simpleserial-ecc.o
uECC_vli_modSub                                   objdir-CW308_STM32F3/simpleserial-ecc.o
uECC_vli_mod_sqrt                                 objdir-CW308_STM32F3/simpleserial-ecc.o
uECC_vli_mult                                     objdir-CW308_STM32F3/simpleserial-ecc.o
uECC_vli_nativeToBytes                            objdir-CW308_STM32F3/simpleserial-ecc.o
uECC_vli_numBits                                  objdir-CW308_STM32F3/simpleserial-ecc.o
uECC_vli_rshift1                                  objdir-CW308_STM32F3/simpleserial-ecc.o
uECC_vli_set                                      objdir-CW308_STM32F3/simpleserial-ecc.o
uECC_vli_square                                   objdir-CW308_STM32F3/simpleserial-ecc.o
uECC_vli_sub                                      objdir-CW308_STM32F3/simpleserial-ecc.o
uECC_vli_testBit                                  objdir-CW308_STM32F3/simpleserial-ecc.o
uwTick                                            objdir-CW308_STM32F3/stm32f3_hal_lowlevel.o
